Component: ARM Compiler 5.06 update 3 (build 300) Tool: armlink [4d35c9]

==============================================================================

Section Cross References

    bt_control.o(i.BT_Power_Control) refers to gpio.o(i.GPIO_SetMode) for GPIO_SetMode
    bt_control.o(i.BT_Power_Control) refers to bt_control.o(.data) for .data
    bt_control.o(i.BT_Work_Detect) refers to bt_control.o(i.BT_Power_Control) for BT_Power_Control
    bt_control.o(i.BT_Work_Detect) refers to bt_control.o(.data) for .data
    csr1010.o(i.Csr1010_Rcv_Byte) refers to csr1010.o(.bss) for .bss
    csr1010.o(i.Csr1010_Rcv_Byte) refers to csr1010.o(.data) for .data
    csr1010.o(i.Csr1010_Rcv_Data) refers to csr1010.o(.data) for .data
    csr1010.o(i.Csr1010_Rcv_Data) refers to csr1010.o(.bss) for .bss
    csr1010.o(i.Csr1010_Snd_Data) refers to csr1010.o(.bss) for .bss
    csr1010.o(i.Csr1010_Snd_Data) refers to csr1010.o(.data) for .data
    csr1010.o(i.UART0_IRQHandler) refers to csr1010.o(i.Csr1010_Rcv_Byte) for Csr1010_Rcv_Byte
    csr1010.o(i.Uart_Clear_Buf) refers to csr1010.o(.bss) for .bss
    data_process.o(i.CSR1010_Process) refers to data_process.o(i.__ARM_common_switch8) for __ARM_common_switch8
    data_process.o(i.CSR1010_Process) refers to data_process.o(i.Color_Value_Get) for Color_Value_Get
    data_process.o(i.CSR1010_Process) refers to data_process.o(i.Hex_To_Char) for Hex_To_Char
    data_process.o(i.CSR1010_Process) refers to data_process.o(.data) for .data
    data_process.o(i.CSR1010_Process) refers to timer_ctrl.o(.data) for TimerData
    data_process.o(i.CSR1010_Process) refers to csr1010.o(.bss) for SndData
    data_process.o(i.CSR1010_Process) refers to csr1010.o(.data) for RcvFlag
    data_process.o(i.CSR1010_Process) refers to bt_control.o(.data) for BtRcvDataFlag
    data_process.o(i.CSR1010_Process) refers to display_ctrl.o(.data) for DisplayData
    data_process.o(i.CSR1010_Process) refers to flash_prgrm.o(.data) for FlashSaveFlag
    data_process.o(i.CSR1010_Process) refers to music.o(.data) for MusicMode
    data_process.o(i.CSR1010_Process) refers to music.o(.data) for MusicEnFlag
    data_process.o(i.CSR1010_Process) refers to music.o(.data) for MusicTrigFlag
    data_process.o(i.CSR1010_Process) refers to display_ctrl.o(.data) for ModeSynFlag
    data_process.o(i.CSR1010_Process) refers to mcu_config.o(.data) for HseStatus
    data_process.o(i.CSR1010_Process) refers to display_ctrl.o(.data) for HorseOrder
    data_process.o(i.Color_Value_Get) refers to data_process.o(i.__ARM_common_switch8) for __ARM_common_switch8
    data_process.o(i.Color_Value_Get) refers to uidiv.o(.text) for __aeabi_uidivmod
    data_process.o(i.Color_Value_Get) refers to display_ctrl.o(.data) for DisplayData
    data_process.o(i.Color_Value_Get) refers to display_ctrl.o(.bss) for ColorData
    data_process.o(i.Color_Value_Get) refers to display_ctrl.o(.data) for ColorNum
    data_process.o(i.Color_Value_Get) refers to data_process.o(.constdata) for .constdata
    data_process.o(i.Data_Process) refers to data_process.o(i.Password_Process) for Password_Process
    data_process.o(i.Data_Process) refers to data_process.o(i.Syn_Process) for Syn_Process
    data_process.o(i.Data_Process) refers to data_process.o(i.CSR1010_Process) for CSR1010_Process
    data_process.o(i.Data_Process) refers to timer_ctrl.o(.data) for TimerData
    data_process.o(i.Data_Process) refers to display_ctrl.o(.data) for DisplayData
    data_process.o(i.Password_Process) refers to data_process.o(.data) for .data
    data_process.o(i.Password_Process) refers to flash_prgrm.o(.data) for FlashSaveFlag
    data_process.o(i.Syn_Process) refers to data_process.o(.data) for .data
    data_process.o(i.Syn_Process) refers to display_ctrl.o(.data) for ModeSynFlag
    data_process.o(i.Syn_Process) refers to csr1010.o(.bss) for SndData
    data_process.o(i.Syn_Process) refers to display_ctrl.o(.data) for DisplayData
    data_process.o(i.Syn_Process) refers to csr1010.o(.data) for SynData
    data_process.o(i.User_Data_Init) refers to flash_prgrm.o(i.Flash_Read_Data) for Flash_Read_Data
    data_process.o(i.User_Data_Init) refers to data_process.o(i.Color_Value_Get) for Color_Value_Get
    data_process.o(i.User_Data_Init) refers to data_process.o(i.Hex_To_Char) for Hex_To_Char
    data_process.o(i.User_Data_Init) refers to data_process.o(.data) for .data
    data_process.o(i.User_Data_Init) refers to display_ctrl.o(.data) for DisplayData
    data_process.o(i.User_Data_Init) refers to flash_prgrm.o(.data) for FlashSaveFlag
    data_process.o(i.User_Data_Init) refers to timer_ctrl.o(.data) for TimerData
    data_process.o(i.User_Data_Init) refers to csr1010.o(.data) for ChkSumReply
    display_ctrl.o(i.Led_Display) refers to data_process.o(i.__ARM_common_switch8) for __ARM_common_switch8
    display_ctrl.o(i.Led_Display) refers to normal_display.o(i.All_Off) for All_Off
    display_ctrl.o(i.Led_Display) refers to normal_display.o(i.Steady) for Steady
[...]
    printf4.o(i.__0printf$4) refers to retarget.o(i.fputc) for fputc
    printf4.o(i.__0printf$4) refers to retarget.o(.data) for __stdout
    printf4.o(i.__0snprintf$4) refers to printf4.o(i._printf_core) for _printf_core
    printf4.o(i.__0snprintf$4) refers to printf4.o(i._snputc) for _snputc
    printf4.o(i.__0sprintf$4) refers to printf4.o(i._printf_core) for _printf_core
    printf4.o(i.__0sprintf$4) refers to printf4.o(i._sputc) for _sputc
    printf4.o(i.__0vfprintf$4) refers to printf4.o(i._printf_core) for _printf_core
    printf4.o(i.__0vfprintf$4) refers to retarget.o(i.fputc) for fputc
    printf4.o(i.__0vprintf$4) refers to printf4.o(i._printf_core) for _printf_core
    printf4.o(i.__0vprintf$4) refers to retarget.o(i.fputc) for fputc
    printf4.o(i.__0vprintf$4) refers to retarget.o(.data) for __stdout
    printf4.o(i.__0vsnprintf$4) refers to printf4.o(i._printf_core) for _printf_core
    printf4.o(i.__0vsnprintf$4) refers to printf4.o(i._snputc) for _snputc
    printf4.o(i.__0vsprintf$4) refers to printf4.o(i._printf_core) for _printf_core
    printf4.o(i.__0vsprintf$4) refers to printf4.o(i._sputc) for _sputc
    printf4.o(i._printf_core) refers to uldiv.o(.text) for __aeabi_uldivmod
    printf5.o(i.__0fprintf$5) refers to printf5.o(i._printf_core) for _printf_core
    printf5.o(i.__0fprintf$5) refers to retarget.o(i.fputc) for fputc
    printf5.o(i.__0printf$5) refers to printf5.o(i._printf_core) for _printf_core
    printf5.o(i.__0printf$5) refers to retarget.o(i.fputc) for fputc
    printf5.o(i.__0printf$5) refers to retarget.o(.data) for __stdout
    printf5.o(i.__0snprintf$5) refers to printf5.o(i._printf_core) for _printf_core
    printf5.o(i.__0snprintf$5) refers to printf5.o(i._snputc) for _snputc
    printf5.o(i.__0sprintf$5) refers to printf5.o(i._printf_core) for _printf_core
    printf5.o(i.__0sprintf$5) refers to printf5.o(i._sputc) for _sputc
    printf5.o(i.__0vfprintf$5) refers to printf5.o(i._printf_core) for _printf_core
    printf5.o(i.__0vfprintf$5) refers to retarget.o(i.fputc) for fputc
    printf5.o(i.__0vprintf$5) refers to printf5.o(i._printf_core) for _printf_core
    printf5.o(i.__0vprintf$5) refers to retarget.o(i.fputc) for fputc
    printf5.o(i.__0vprintf$5) refers to retarget.o(.data) for __stdout
    printf5.o(i.__0vsnprintf$5) refers to printf5.o(i._printf_core) for _printf_core
    printf5.o(i.__0vsnprintf$5) refers to printf5.o(i._snputc) for _snputc
    printf5.o(i.__0vsprintf$5) refers to printf5.o(i._printf_core) for _printf_core
    printf5.o(i.__0vsprintf$5) refers to printf5.o(i._sputc) for _sputc
    printf5.o(i._printf_core) refers to uldiv.o(.text) for __aeabi_uldivmod
    printf6.o(i.__0fprintf$6) refers to printf6.o(i._printf_core) for _printf_core
    printf6.o(i.__0fprintf$6) refers to retarget.o(i.fputc) for fputc
    printf6.o(i.__0printf$6) refers to printf6.o(i._printf_core) for _printf_core
    printf6.o(i.__0printf$6) refers to retarget.o(i.fputc) for fputc
    printf6.o(i.__0printf$6) refers to retarget.o(.data) for __stdout
    printf6.o(i.__0snprintf$6) refers to printf6.o(i._printf_core) for _printf_core
    printf6.o(i.__0snprintf$6) refers to printf6.o(i._snputc) for _snputc
    printf6.o(i.__0sprintf$6) refers to printf6.o(i._printf_core) for _printf_core
    printf6.o(i.__0sprintf$6) refers to printf6.o(i._sputc) for _sputc
    printf6.o(i.__0vfprintf$6) refers to printf6.o(i._printf_core) for _printf_core
    printf6.o(i.__0vfprintf$6) refers to retarget.o(i.fputc) for fputc
    printf6.o(i.__0vprintf$6) refers to printf6.o(i._printf_core) for _printf_core
    printf6.o(i.__0vprintf$6) refers to retarget.o(i.fputc) for fputc
    printf6.o(i.__0vprintf$6) refers to retarget.o(.data) for __stdout
    printf6.o(i.__0vsnprintf$6) refers to printf6.o(i._printf_core) for _printf_core
    printf6.o(i.__0vsnprintf$6) refers to printf6.o(i._snputc) for _snputc
    printf6.o(i.__0vsprintf$6) refers to printf6.o(i._printf_core) for _printf_core
    printf6.o(i.__0vsprintf$6) refers to printf6.o(i._sputc) for _sputc
    printf6.o(i._printf_core) refers to printf6.o(i._printf_pre_padding) for _printf_pre_padding
    printf6.o(i._printf_core) refers to printf6.o(i._printf_post_padding) for _printf_post_padding
    printf6.o(i._printf_core) refers to uidiv.o(.text) for __aeabi_uidivmod
    printf7.o(i.__0fprintf$7) refers to printf7.o(i._printf_core) for _printf_core
    printf7.o(i.__0fprintf$7) refers to retarget.o(i.fputc) for fputc
    printf7.o(i.__0printf$7) refers to printf7.o(i._printf_core) for _printf_core
    printf7.o(i.__0printf$7) refers to retarget.o(i.fputc) for fputc
    printf7.o(i.__0printf$7) refers to retarget.o(.data) for __stdout
    printf7.o(i.__0snprintf$7) refers to printf7.o(i._printf_core) for _printf_core
    printf7.o(i.__0snprintf$7) refers to printf7.o(i._snputc) for _snputc
    printf7.o(i.__0sprintf$7) refers to printf7.o(i._printf_core) for _printf_core
    printf7.o(i.__0sprintf$7) refers to printf7.o(i._sputc) for _sputc
    printf7.o(i.__0vfprintf$7) refers to printf7.o(i._printf_core) for _printf_core
    printf7.o(i.__0vfprintf$7) refers to retarget.o(i.fputc) for fputc
    printf7.o(i.__0vprintf$7) refers to printf7.o(i._printf_core) for _printf_core
    printf7.o(i.__0vprintf$7) refers to retarget.o(i.fputc) for fputc
    printf7.o(i.__0vprintf$7) refers to retarget.o(.data) for __stdout
    printf7.o(i.__0vsnprintf$7) refers to printf7.o(i._printf_core) for _printf_core
    printf7.o(i.__0vsnprintf$7) refers to printf7.o(i._snputc) for _snputc
    printf7.o(i.__0vsprintf$7) refers to printf7.o(i._printf_core) for _printf_core
    printf7.o(i.__0vsprintf$7) refers to printf7.o(i._sputc) for _sputc
    printf7.o(i._printf_core) refers to printf7.o(i._printf_pre_padding) for _printf_pre_padding
    printf7.o(i._printf_core) refers to printf7.o(i._printf_post_padding) for _printf_post_padding
    printf7.o(i._printf_core) refers to uldiv.o(.text) for __aeabi_uldivmod
    printf8.o(i.__0fprintf$8) refers to printf8.o(i._printf_core) for _printf_core
    printf8.o(i.__0fprintf$8) refers to retarget.o(i.fputc) for fputc
    printf8.o(i.__0printf$8) refers to printf8.o(i._printf_core) for _printf_core
    printf8.o(i.__0printf$8) refers to retarget.o(i.fputc) for fputc
    printf8.o(i.__0printf$8) refers to retarget.o(.data) for __stdout
    printf8.o(i.__0snprintf$8) refers to printf8.o(i._printf_core) for _printf_core
    printf8.o(i.__0snprintf$8) refers to printf8.o(i._snputc) for _snputc
    printf8.o(i.__0sprintf$8) refers to printf8.o(i._printf_core) for _printf_core
    printf8.o(i.__0sprintf$8) refers to printf8.o(i._sputc) for _sputc
    printf8.o(i.__0vfprintf$8) refers to printf8.o(i._printf_core) for _printf_core
    printf8.o(i.__0vfprintf$8) refers to retarget.o(i.fputc) for fputc
    printf8.o(i.__0vprintf$8) refers to printf8.o(i._printf_core) for _printf_core
    printf8.o(i.__0vprintf$8) refers to retarget.o(i.fputc) for fputc
    printf8.o(i.__0vprintf$8) refers to retarget.o(.data) for __stdout
    printf8.o(i.__0vsnprintf$8) refers to printf8.o(i._printf_core) for _printf_core
    printf8.o(i.__0vsnprintf$8) refers to printf8.o(i._snputc) for _snputc
    printf8.o(i.__0vsprintf$8) refers to printf8.o(i._printf_core) for _printf_core
    printf8.o(i.__0vsprintf$8) refers to printf8.o(i._sputc) for _sputc
    printf8.o(i._printf_core) refers to printf8.o(i._printf_pre_padding) for _printf_pre_padding
    printf8.o(i._printf_core) refers to printf8.o(i._printf_post_padding) for _printf_post_padding
    printf8.o(i._printf_core) refers to uldiv.o(.text) for __aeabi_uldivmod
    printfa.o(i.__0fprintf) refers (Special) to iusefp.o(.text) for __I$use$fp
    printfa.o(i.__0fprintf) refers to printfa.o(i._printf_core) for _printf_core
    printfa.o(i.__0fprintf) refers to retarget.o(i.fputc) for fputc
    printfa.o(i.__0printf) refers (Special) to iusefp.o(.text) for __I$use$fp
    printfa.o(i.__0printf) refers to printfa.o(i._printf_core) for _printf_core
    printfa.o(i.__0printf) refers to retarget.o(i.fputc) for fputc
    printfa.o(i.__0printf) refers to retarget.o(.data) for __stdout
    printfa.o(i.__0snprintf) refers (Special) to iusefp.o(.text) for __I$use$fp
    printfa.o(i.__0snprintf) refers to printfa.o(i._printf_core) for _printf_core
    printfa.o(i.__0snprintf) refers to printfa.o(i._snputc) for _snputc
    printfa.o(i.__0sprintf) refers (Special) to iusefp.o(.text) for __I$use$fp
    printfa.o(i.__0sprintf) refers to printfa.o(i._printf_core) for _printf_core
    printfa.o(i.__0sprintf) refers to printfa.o(i._sputc) for _sputc
    printfa.o(i.__0vfprintf) refers (Special) to iusefp.o(.text) for __I$use$fp
    printfa.o(i.__0vfprintf) refers to printfa.o(i._printf_core) for _printf_core
    printfa.o(i.__0vfprintf) refers to retarget.o(i.fputc) for fputc
    printfa.o(i.__0vprintf) refers (Special) to iusefp.o(.text) for __I$use$fp
    printfa.o(i.__0vprintf) refers to printfa.o(i._printf_core) for _printf_core
    printfa.o(i.__0vprintf) refers to retarget.o(i.fputc) for fputc
    printfa.o(i.__0vprintf) refers to retarget.o(.data) for __stdout
    printfa.o(i.__0vsnprintf) refers (Special) to iusefp.o(.text) for __I$use$fp
    printfa.o(i.__0vsnprintf) refers to printfa.o(i._printf_core) for _printf_core
    printfa.o(i.__0vsnprintf) refers to printfa.o(i._snputc) for _snputc
    printfa.o(i.__0vsprintf) refers (Special) to iusefp.o(.text) for __I$use$fp
    printfa.o(i.__0vsprintf) refers to printfa.o(i._printf_core) for _printf_core
    printfa.o(i.__0vsprintf) refers to printfa.o(i._sputc) for _sputc
    printfa.o(i._fp_digits) refers (Special) to iusefp.o(.text) for __I$use$fp
    printfa.o(i._fp_digits) refers to dmul.o(.text) for __aeabi_dmul
    printfa.o(i._fp_digits) refers to ddiv.o(.text) for __aeabi_ddiv
    printfa.o(i._fp_digits) refers to cdrcmple.o(.text) for __aeabi_cdrcmple
    printfa.o(i._fp_digits) refers to dadd.o(.text) for __aeabi_dadd
    printfa.o(i._fp_digits) refers to dfixul.o(.text) for __aeabi_d2ulz
    printfa.o(i._fp_digits) refers to uldiv.o(.text) for __aeabi_uldivmod
    printfa.o(i._printf_core) refers (Special) to iusefp.o(.text) for __I$use$fp
    printfa.o(i._printf_core) refers to printfa.o(i._printf_pre_padding) for _printf_pre_padding
    printfa.o(i._printf_core) refers to uldiv.o(.text) for __aeabi_uldivmod
    printfa.o(i._printf_core) refers to printfa.o(i._printf_post_padding) for _printf_post_padding
    printfa.o(i._printf_core) refers to printfa.o(i._fp_digits) for _fp_digits
    printfa.o(i._printf_core) refers to uidiv.o(.text) for __aeabi_uidivmod
    printfa.o(i._printf_post_padding) refers (Special) to iusefp.o(.text) for __I$use$fp
    printfa.o(i._printf_pre_padding) refers (Special) to iusefp.o(.text) for __I$use$fp
    printfa.o(i._snputc) refers (Special) to iusefp.o(.text) for __I$use$fp
    printfa.o(i._sputc) refers (Special) to iusefp.o(.text) for __I$use$fp
    fmul.o(.text) refers (Special) to iusefp.o(.text) for __I$use$fp
    fdiv.o(.text) refers (Special) to iusefp.o(.text) for __I$use$fp
    fdiv.o(.text) refers to fepilogue.o(.text) for _float_round
    ffltui.o(.text) refers (Special) to iusefp.o(.text) for __I$use$fp
    ffltui.o(.text) refers to fepilogue.o(.text) for _float_epilogue
    ffixui.o(.text) refers (Special) to iusefp.o(.text) for __I$use$fp
    entry2.o(.ARM.Collect$$$$00000001) refers to entry2.o(.ARM.Collect$$$$00002712) for __lit__00000000
    entry2.o(.ARM.Collect$$$$00002712) refers to startup_mini58series.o(STACK) for __initial_sp
    entry2.o(__vectab_stack_and_reset_area) refers to startup_mini58series.o(STACK) for __initial_sp
    entry2.o(__vectab_stack_and_reset_area) refers to entry.o(.ARM.Collect$$$$00000000) for __main
    entry5.o(.ARM.Collect$$$$00000004) refers to init.o(.text) for __scatterload
    entry9a.o(.ARM.Collect$$$$0000000B) refers to showhomeapp.o(i.main) for main
    entry9b.o(.ARM.Collect$$$$0000000C) refers to showhomeapp.o(i.main) for main
    uldiv.o(.text) refers to llushr.o(.text) for __aeabi_llsr
    uldiv.o(.text) refers to llshl.o(.text) for __aeabi_llsl
    dadd.o(.text) refers to llshl.o(.text) for __aeabi_llsl
    dadd.o(.text) refers to llsshr.o(.text) for __aeabi_lasr
    dadd.o(.text) refers to depilogue.o(.text) for _double_epilogue
    dmul.o(.text) refers to depilogue.o(.text) for _double_epilogue
    ddiv.o(.text) refers to depilogue.o(.text) for _double_round
    dfixul.o(.text) refers to llushr.o(.text) for __aeabi_llsr
    dfixul.o(.text) refers to llshl.o(.text) for __aeabi_llsl
    init.o(.text) refers to entry5.o(.ARM.Collect$$$$00000004) for __main_after_scatterload
    depilogue.o(.text) refers to depilogue.o(i.__ARM_clz) for __ARM_clz
    depilogue.o(.text) refers to llshl.o(.text) for __aeabi_llsl
    depilogue.o(.text) refers to llushr.o(.text) for __aeabi_llsr


==============================================================================

Removing Unused input sections from the image.

    Removing bt_control.o(.rev16_text), (4 bytes).
    Removing bt_control.o(.revsh_text), (4 bytes).
    Removing csr1010.o(.rev16_text), (4 bytes).
    Removing csr1010.o(.revsh_text), (4 bytes).
    Removing data_process.o(.rev16_text), (4 bytes).
    Removing data_process.o(.revsh_text), (4 bytes).
    Removing display_ctrl.o(.rev16_text), (4 bytes).
    Removing display_ctrl.o(.revsh_text), (4 bytes).
    Removing display_ctrl.o(.data), (1 bytes).
    Removing display_ctrl.o(.data), (1 bytes).
    Removing display_ctrl.o(.data), (1 bytes).
    Removing display_ctrl.o(.data), (2 bytes).
    Removing flash_prgrm.o(.rev16_text), (4 bytes).
    Removing flash_prgrm.o(.revsh_text), (4 bytes).
    Removing led_class.o(.rev16_text), (4 bytes).
    Removing led_class.o(.revsh_text), (4 bytes).
    Removing mcu_config.o(.rev16_text), (4 bytes).
    Removing mcu_config.o(.revsh_text), (4 bytes).
    Removing music.o(.rev16_text), (4 bytes).
    Removing music.o(.revsh_text), (4 bytes).
    Removing music.o(.constdata), (123 bytes).
    Removing music.o(.constdata), (39 bytes).
    Removing music.o(.data), (1 bytes).
    Removing music.o(.data), (1 bytes).
    Removing showhomeapp.o(.rev16_text), (4 bytes).
    Removing showhomeapp.o(.revsh_text), (4 bytes).
    Removing timer_ctrl.o(.rev16_text), (4 bytes).
    Removing timer_ctrl.o(.revsh_text), (4 bytes).
    Removing normal_display.o(.rev16_text), (4 bytes).
    Removing normal_display.o(.revsh_text), (4 bytes).
    Removing normal_display.o(i.Direct_Set), (200 bytes).
    Removing normal_display.o(i.Horse_Whole_Test), (288 bytes).
    Removing show_1.o(.rev16_text), (4 bytes).
    Removing show_1.o(.revsh_text), (4 bytes).
    Removing show_2.o(.rev16_text), (4 bytes).
    Removing show_2.o(.revsh_text), (4 bytes).
    Removing show_3.o(.rev16_text), (4 bytes).
    Removing show_3.o(.revsh_text), (4 bytes).
    Removing clk.o(.rev16_text), (4 bytes).
    Removing clk.o(.revsh_text), (4 bytes).
    Removing clk.o(i.CLK_DisableCKO), (16 bytes).
    Removing clk.o(i.CLK_DisableModuleClock), (28 bytes).
    Removing clk.o(i.CLK_DisableSysTick), (12 bytes).
    Removing clk.o(i.CLK_DisableXtalRC), (16 bytes).
    Removing clk.o(i.CLK_EnableCKO), (36 bytes).
    Removing clk.o(i.CLK_EnableModuleClock), (28 bytes).
    Removing clk.o(i.CLK_EnableSysTick), (64 bytes).
    Removing clk.o(i.CLK_GetCPUFreq), (16 bytes).
    Removing clk.o(i.CLK_GetHCLKFreq), (16 bytes).
    Removing clk.o(i.CLK_GetHXTFreq), (28 bytes).
    Removing clk.o(i.CLK_GetLXTFreq), (28 bytes).
    Removing clk.o(i.CLK_Idle), (20 bytes).
    Removing clk.o(i.CLK_PowerDown), (28 bytes).
    Removing clk.o(i.CLK_SetModuleClock), (80 bytes).
    Removing clk.o(i.CLK_SetSysTickClockSrc), (20 bytes).
    Removing clk.o(i.CLK_SysTickDelay), (36 bytes).
    Removing fmc.o(.rev16_text), (4 bytes).
    Removing fmc.o(.revsh_text), (4 bytes).
    Removing fmc.o(i.FMC_Close), (16 bytes).
    Removing fmc.o(i.FMC_GetBootSource), (20 bytes).
    Removing fmc.o(i.FMC_GetCRC32Sum), (80 bytes).
    Removing fmc.o(i.FMC_GetVectorPageAddr), (20 bytes).
    Removing fmc.o(i.FMC_ReadCID), (28 bytes).
    Removing fmc.o(i.FMC_ReadConfig), (40 bytes).
    Removing fmc.o(i.FMC_ReadDataFlashBaseAddr), (12 bytes).
    Removing fmc.o(i.FMC_ReadPID), (28 bytes).
    Removing fmc.o(i.FMC_ReadUCID), (32 bytes).
    Removing fmc.o(i.FMC_ReadUID), (28 bytes).
    Removing fmc.o(i.FMC_SetVectorPageAddr), (24 bytes).
    Removing fmc.o(i.FMC_WriteConfig), (64 bytes).
    Removing gpio.o(.rev16_text), (4 bytes).
    Removing gpio.o(.revsh_text), (4 bytes).
    Removing gpio.o(i.GPIO_DisableInt), (28 bytes).
    Removing gpio.o(i.GPIO_EnableInt), (26 bytes).
    Removing pwm.o(.rev16_text), (4 bytes).
    Removing pwm.o(.revsh_text), (4 bytes).
    Removing pwm.o(i.PWM_ClearADCTriggerFlag), (36 bytes).
    Removing pwm.o(i.PWM_ClearCenterIntFlag), (16 bytes).
    Removing pwm.o(i.PWM_ClearDutyIntFlag), (16 bytes).
    Removing pwm.o(i.PWM_ClearFaultBrakeFlag), (12 bytes).
    Removing pwm.o(i.PWM_ClearFaultBrakeIntFlag), (12 bytes).
    Removing pwm.o(i.PWM_ClearPeriodIntFlag), (16 bytes).
    Removing pwm.o(i.PWM_ClearRiseIntFlag), (16 bytes).
    Removing pwm.o(i.PWM_ConfigOutputChannel), (244 bytes).
    Removing pwm.o(i.PWM_DisableADCTrigger), (36 bytes).
    Removing pwm.o(i.PWM_DisableCenterInt), (20 bytes).
    Removing pwm.o(i.PWM_DisableDeadZone), (20 bytes).
    Removing pwm.o(i.PWM_DisableDutyInt), (14 bytes).
    Removing pwm.o(i.PWM_DisableFaultBrakeInt), (20 bytes).
    Removing pwm.o(i.PWM_DisableOutput), (16 bytes).
    Removing pwm.o(i.PWM_DisablePeriodInt), (12 bytes).
    Removing pwm.o(i.PWM_DisableRiseInt), (14 bytes).
    Removing pwm.o(i.PWM_EnableADCTrigger), (48 bytes).
    Removing pwm.o(i.PWM_EnableCenterInt), (36 bytes).
    Removing pwm.o(i.PWM_EnableDeadZone), (40 bytes).
    Removing pwm.o(i.PWM_EnableDutyInt), (14 bytes).
    Removing pwm.o(i.PWM_EnableFaultBrake), (16 bytes).
    Removing pwm.o(i.PWM_EnableFaultBrakeInt), (20 bytes).
    Removing pwm.o(i.PWM_EnableOutput), (16 bytes).
    Removing pwm.o(i.PWM_EnablePeriodInt), (12 bytes).
    Removing pwm.o(i.PWM_EnableRiseInt), (14 bytes).
    Removing pwm.o(i.PWM_ForceStop), (44 bytes).
    Removing pwm.o(i.PWM_GetADCTriggerFlag), (40 bytes).
    Removing pwm.o(i.PWM_GetCenterIntFlag), (24 bytes).
    Removing pwm.o(i.PWM_GetDutyIntFlag), (24 bytes).
    Removing pwm.o(i.PWM_GetFaultBrakeIntFlag), (16 bytes).
    Removing pwm.o(i.PWM_GetPeriodIntFlag), (20 bytes).
    Removing pwm.o(i.PWM_GetRiseIntFlag), (24 bytes).
    Removing pwm.o(i.PWM_Start), (44 bytes).
    Removing pwm.o(i.PWM_Stop), (30 bytes).
    Removing sys.o(.rev16_text), (4 bytes).
    Removing sys.o(.revsh_text), (4 bytes).
    Removing sys.o(i.SYS_ClearResetSrc), (12 bytes).
    Removing sys.o(i.SYS_DisableBOD), (22 bytes).
    Removing sys.o(i.SYS_EnableBOD), (36 bytes).
    Removing sys.o(i.SYS_GetBODStatus), (12 bytes).
    Removing sys.o(i.SYS_GetResetSrc), (8 bytes).
    Removing sys.o(i.SYS_IsRegLocked), (24 bytes).
    Removing sys.o(i.SYS_ReadPDID), (8 bytes).
    Removing sys.o(i.SYS_ResetCPU), (14 bytes).
    Removing sys.o(i.SYS_ResetChip), (14 bytes).
    Removing sys.o(i.SYS_ResetModule), (28 bytes).
    Removing timer.o(.rev16_text), (4 bytes).
    Removing timer.o(.revsh_text), (4 bytes).
    Removing timer.o(i.TIMER_Close), (8 bytes).
    Removing timer.o(i.TIMER_Delay), (168 bytes).
    Removing timer.o(i.TIMER_DisableCapture), (10 bytes).
    Removing timer.o(i.TIMER_DisableEventCounter), (12 bytes).
    Removing timer.o(i.TIMER_EnableCapture), (22 bytes).
    Removing timer.o(i.TIMER_EnableEventCounter), (22 bytes).
    Removing uart.o(.rev16_text), (4 bytes).
    Removing uart.o(.revsh_text), (4 bytes).
    Removing uart.o(i.UART_ClearIntFlag), (44 bytes).
    Removing uart.o(i.UART_Close), (6 bytes).
    Removing uart.o(i.UART_DisableFlowCtrl), (12 bytes).
    Removing uart.o(i.UART_DisableInt), (8 bytes).
    Removing uart.o(i.UART_EnableFlowCtrl), (38 bytes).
    Removing uart.o(i.UART_EnableInt), (8 bytes).
    Removing uart.o(i.UART_Read), (44 bytes).
    Removing uart.o(i.UART_SelectIrDAMode), (120 bytes).
    Removing uart.o(i.UART_SelectRS485Mode), (20 bytes).
    Removing uart.o(i.UART_SetLine_Config), (136 bytes).
    Removing uart.o(i.UART_Write), (44 bytes).
    Removing wdt.o(.rev16_text), (4 bytes).
    Removing wdt.o(.revsh_text), (4 bytes).
    Removing wdt.o(i.WDT_Close), (12 bytes).
    Removing wdt.o(i.WDT_DisableInt), (16 bytes).
    Removing wdt.o(i.WDT_EnableInt), (20 bytes).
    Removing wdt.o(i.WDT_Open), (24 bytes).
    Removing retarget.o(.rev16_text), (4 bytes).
    Removing retarget.o(.revsh_text), (4 bytes).
    Removing retarget.o(i.GetChar), (20 bytes).
    Removing retarget.o(i.IsDebugFifoEmpty), (16 bytes).
    Removing retarget.o(i.SendChar), (8 bytes).
    Removing retarget.o(i._ttywrch), (8 bytes).
    Removing retarget.o(i.ferror), (6 bytes).
    Removing retarget.o(i.fgetc), (8 bytes).
    Removing retarget.o(i.kbhit), (16 bytes).
    Removing retarget.o(.data), (4 bytes).
    Removing startup_mini58series.o(HEAP), (0 bytes).
    Removing system_mini58series.o(.rev16_text), (4 bytes).
    Removing system_mini58series.o(.revsh_text), (4 bytes).
    Removing system_mini58series.o(i.SystemInit), (2 bytes).
    Removing fmul.o(.text), (122 bytes).
    Removing fdiv.o(.text), (124 bytes).
    Removing ffltui.o(.text), (14 bytes).
    Removing ffixui.o(.text), (40 bytes).
    Removing fepilogue.o(.text), (130 bytes).
    Removing dadd.o(.text), (356 bytes).
    Removing dmul.o(.text), (208 bytes).
    Removing ddiv.o(.text), (240 bytes).
    Removing dfixul.o(.text), (64 bytes).
    Removing cdrcmple.o(.text), (40 bytes).
    Removing depilogue.o(.text), (190 bytes).
    Removing depilogue.o(i.__ARM_clz), (46 bytes).

175 unused section(s) (total 5403 bytes) removed from the image.

==============================================================================

Image Symbol Table

    Local Symbols

    Symbol Name                              Value     Ov Type        Size  Object(Section)

    RESET                                    0x00000000   Section      192  startup_mini58series.o(RESET)
    ../clib/microlib/division.c              0x00000000   Number         0  uldiv.o ABSOLUTE
    ../clib/microlib/division.c              0x00000000   Number         0  idiv.o ABSOLUTE
    ../clib/microlib/division.c              0x00000000   Number         0  uidiv.o ABSOLUTE
    ../clib/microlib/init/entry.s            0x00000000   Number         0  entry11b.o ABSOLUTE
    ../clib/microlib/init/entry.s            0x00000000   Number         0  entry9b.o ABSOLUTE
    ../clib/microlib/init/entry.s            0x00000000   Number         0  entry9a.o ABSOLUTE
    ../clib/microlib/init/entry.s            0x00000000   Number         0  entry8b.o ABSOLUTE
    ../clib/microlib/init/entry.s            0x00000000   Number         0  entry7b.o ABSOLUTE
    ../clib/microlib/init/entry.s            0x00000000   Number         0  entry8a.o ABSOLUTE
    ../clib/microlib/init/entry.s            0x00000000   Number         0  entry7a.o ABSOLUTE
    ../clib/microlib/init/entry.s            0x00000000   Number         0  entry5.o ABSOLUTE
    ../clib/microlib/init/entry.s            0x00000000   Number         0  entry2.o ABSOLUTE
    ../clib/microlib/init/entry.s            0x00000000   Number         0  entry10b.o ABSOLUTE
    ../clib/microlib/init/entry.s            0x00000000   Number         0  entry.o ABSOLUTE
    ../clib/microlib/init/entry.s            0x00000000   Number         0  entry10a.o ABSOLUTE
    ../clib/microlib/init/entry.s            0x00000000   Number         0  entry11a.o ABSOLUTE
    ../clib/microlib/longlong.c              0x00000000   Number         0  llsshr.o ABSOLUTE
    ../clib/microlib/longlong.c              0x00000000   Number         0  llushr.o ABSOLUTE
    ../clib/microlib/longlong.c              0x00000000   Number         0  llshl.o ABSOLUTE
    ../clib/microlib/printf/printf.c         0x00000000   Number         0  printf0.o ABSOLUTE
    ../clib/microlib/printf/printf.c         0x00000000   Number         0  printf7.o ABSOLUTE
    ../clib/microlib/printf/printf.c         0x00000000   Number         0  printfa.o ABSOLUTE
    ../clib/microlib/printf/printf.c         0x00000000   Number         0  printf8.o ABSOLUTE
    ../clib/microlib/printf/printf.c         0x00000000   Number         0  printf6.o ABSOLUTE
    ../clib/microlib/printf/printf.c         0x00000000   Number         0  printf4.o ABSOLUTE
    ../clib/microlib/printf/printf.c         0x00000000   Number         0  printf5.o ABSOLUTE
    ../clib/microlib/printf/printf.c         0x00000000   Number         0  printf2.o ABSOLUTE
    ../clib/microlib/printf/printf.c         0x00000000   Number         0  printf1.o ABSOLUTE
    ../clib/microlib/printf/printf.c         0x00000000   Number         0  printfb.o ABSOLUTE
    ../clib/microlib/printf/printf.c         0x00000000   Number         0  printf3.o ABSOLUTE
    ../clib/microlib/printf/stubs.s          0x00000000   Number         0  stubs.o ABSOLUTE
    ../clib/microlib/stdlib/rand.c           0x00000000   Number         0  rand.o ABSOLUTE
    ../clib/microlib/stubs.s                 0x00000000   Number         0  iusefp.o ABSOLUTE
    ../fplib/microlib/fpadd.c                0x00000000   Number         0  dadd.o ABSOLUTE
    ../fplib/microlib/fpdiv.c                0x00000000   Number         0  fdiv.o ABSOLUTE
    ../fplib/microlib/fpdiv.c                0x00000000   Number         0  ddiv.o ABSOLUTE
    ../fplib/microlib/fpepilogue.c           0x00000000   Number         0  fepilogue.o ABSOLUTE
    ../fplib/microlib/fpepilogue.c           0x00000000   Number         0  depilogue.o ABSOLUTE
    ../fplib/microlib/fpfix.c                0x00000000   Number         0  ffixui.o ABSOLUTE
    ../fplib/microlib/fpfix.c                0x00000000   Number         0  dfixul.o ABSOLUTE
    ../fplib/microlib/fpflt.c                0x00000000   Number         0  ffltui.o ABSOLUTE
    ../fplib/microlib/fpmul.c                0x00000000   Number         0  fmul.o ABSOLUTE
    ../fplib/microlib/fpmul.c                0x00000000   Number         0  dmul.o ABSOLUTE
    ..\Public\PublicSrc\BT_Control.c         0x00000000   Number         0  bt_control.o ABSOLUTE
    ..\Public\PublicSrc\CSR1010.c            0x00000000   Number         0  csr1010.o ABSOLUTE
    ..\Public\PublicSrc\Data_Process.c       0x00000000   Number         0  data_process.o ABSOLUTE
    ..\Public\PublicSrc\Display_Ctrl.c       0x00000000   Number         0  display_ctrl.o ABSOLUTE
    ..\Public\PublicSrc\Flash_Prgrm.c        0x00000000   Number         0  flash_prgrm.o ABSOLUTE
    ..\Public\PublicSrc\Led_Class.c          0x00000000   Number         0  led_class.o ABSOLUTE
    ..\Public\PublicSrc\MCU_Config.c         0x00000000   Number         0  mcu_config.o ABSOLUTE
    ..\Public\PublicSrc\Music.c              0x00000000   Number         0  music.o ABSOLUTE
    ..\Public\PublicSrc\ShowHomeApp.c        0x00000000   Number         0  showhomeapp.o ABSOLUTE
    ..\Public\PublicSrc\Timer_Ctrl.c         0x00000000   Number         0  timer_ctrl.o ABSOLUTE
    ..\\Public\\PublicSrc\\BT_Control.c      0x00000000   Number         0  bt_control.o ABSOLUTE
    ..\\Public\\PublicSrc\\CSR1010.c         0x00000000   Number         0  csr1010.o ABSOLUTE
    ..\\Public\\PublicSrc\\Data_Process.c    0x00000000   Number         0  data_process.o ABSOLUTE
    ..\\Public\\PublicSrc\\Display_Ctrl.c    0x00000000   Number         0  display_ctrl.o ABSOLUTE
    ..\\Public\\PublicSrc\\Flash_Prgrm.c     0x00000000   Number         0  flash_prgrm.o ABSOLUTE
    ..\\Public\\PublicSrc\\Led_Class.c       0x00000000   Number         0  led_class.o ABSOLUTE
    ..\\Public\\PublicSrc\\MCU_Config.c      0x00000000   Number         0  mcu_config.o ABSOLUTE
    ..\\Public\\PublicSrc\\Music.c           0x00000000   Number         0  music.o ABSOLUTE
    ..\\Public\\PublicSrc\\ShowHomeApp.c     0x00000000   Number         0  showhomeapp.o ABSOLUTE
    ..\\Public\\PublicSrc\\Timer_Ctrl.c      0x00000000   Number         0  timer_ctrl.o ABSOLUTE
    C:\Keil\ARM\PACK\Nuvoton\NuMicro_DFP\1.1.0\Device\Mini58\Driver\clk.c 0x00000000   Number         0  clk.o ABSOLUTE
    C:\Keil\ARM\PACK\Nuvoton\NuMicro_DFP\1.1.0\Device\Mini58\Driver\fmc.c 0x00000000   Number         0  fmc.o ABSOLUTE
    C:\Keil\ARM\PACK\Nuvoton\NuMicro_DFP\1.1.0\Device\Mini58\Driver\gpio.c 0x00000000   Number         0  gpio.o ABSOLUTE
    C:\Keil\ARM\PACK\Nuvoton\NuMicro_DFP\1.1.0\Device\Mini58\Driver\pwm.c 0x00000000   Number         0  pwm.o ABSOLUTE
    C:\Keil\ARM\PACK\Nuvoton\NuMicro_DFP\1.1.0\Device\Mini58\Driver\sys.c 0x00000000   Number         0  sys.o ABSOLUTE
    C:\Keil\ARM\PACK\Nuvoton\NuMicro_DFP\1.1.0\Device\Mini58\Driver\timer.c 0x00000000   Number         0  timer.o ABSOLUTE
    C:\Keil\ARM\PACK\Nuvoton\NuMicro_DFP\1.1.0\Device\Mini58\Driver\uart.c 0x00000000   Number         0  uart.o ABSOLUTE
    C:\Keil\ARM\PACK\Nuvoton\NuMicro_DFP\1.1.0\Device\Mini58\Driver\wdt.c 0x00000000   Number         0  wdt.o ABSOLUTE
    C:\\Keil\\ARM\\PACK\\Nuvoton\\NuMicro_DFP\\1.1.0\\Device\\Mini58\\Driver\\clk.c 0x00000000   Number         0  clk.o ABSOLUTE
    C:\\Keil\\ARM\\PACK\\Nuvoton\\NuMicro_DFP\\1.1.0\\Device\\Mini58\\Driver\\fmc.c 0x00000000   Number         0  fmc.o ABSOLUTE
    C:\\Keil\\ARM\\PACK\\Nuvoton\\NuMicro_DFP\\1.1.0\\Device\\Mini58\\Driver\\gpio.c 0x00000000   Number         0  gpio.o ABSOLUTE
    C:\\Keil\\ARM\\PACK\\Nuvoton\\NuMicro_DFP\\1.1.0\\Device\\Mini58\\Driver\\pwm.c 0x00000000   Number         0  pwm.o ABSOLUTE
    C:\\Keil\\ARM\\PACK\\Nuvoton\\NuMicro_DFP\\1.1.0\\Device\\Mini58\\Driver\\sys.c 0x00000000   Number         0  sys.o ABSOLUTE
    C:\\Keil\\ARM\\PACK\\Nuvoton\\NuMicro_DFP\\1.1.0\\Device\\Mini58\\Driver\\timer.c 0x00000000   Number         0  timer.o ABSOLUTE
    C:\\Keil\\ARM\\PACK\\Nuvoton\\NuMicro_DFP\\1.1.0\\Device\\Mini58\\Driver\\uart.c 0x00000000   Number         0  uart.o ABSOLUTE
    C:\\Keil\\ARM\\PACK\\Nuvoton\\NuMicro_DFP\\1.1.0\\Device\\Mini58\\Driver\\wdt.c 0x00000000   Number         0  wdt.o ABSOLUTE
    PrivateSrc\Normal_Display.c              0x00000000   Number         0  normal_display.o ABSOLUTE
    PrivateSrc\Show_1.c                      0x00000000   Number         0  show_1.o ABSOLUTE
    PrivateSrc\Show_2.c                      0x00000000   Number         0  show_2.o ABSOLUTE
    PrivateSrc\Show_3.c                      0x00000000   Number         0  show_3.o ABSOLUTE
    PrivateSrc\\Normal_Display.c             0x00000000   Number         0  normal_display.o ABSOLUTE
    PrivateSrc\\Show_1.c                     0x00000000   Number         0  show_1.o ABSOLUTE
    PrivateSrc\\Show_2.c                     0x00000000   Number         0  show_2.o ABSOLUTE
    PrivateSrc\\Show_3.c                     0x00000000   Number         0  show_3.o ABSOLUTE
    RTE\Device\Mini58FDE\retarget.c          0x00000000   Number         0  retarget.o ABSOLUTE
    RTE\Device\Mini58FDE\startup_Mini58Series.s 0x00000000   Number         0  startup_mini58series.o ABSOLUTE
    RTE\Device\Mini58FDE\system_Mini58Series.c 0x00000000   Number         0  system_mini58series.o ABSOLUTE
    RTE\\Device\\Mini58FDE\\retarget.c       0x00000000   Number         0  retarget.o ABSOLUTE
    RTE\\Device\\Mini58FDE\\system_Mini58Series.c 0x00000000   Number         0  system_mini58series.o ABSOLUTE
    cdrcmple.s                               0x00000000   Number         0  cdrcmple.o ABSOLUTE
    dc.s                                     0x00000000   Number         0  dc.o ABSOLUTE
    handlers.s                               0x00000000   Number         0  handlers.o ABSOLUTE
    init.s                                   0x00000000   Number         0  init.o ABSOLUTE
    .ARM.Collect$$$$00000000                 0x000000c0   Section        0  entry.o(.ARM.Collect$$$$00000000)
    .ARM.Collect$$$$00000001                 0x000000c0   Section        4  entry2.o(.ARM.Collect$$$$00000001)
    .ARM.Collect$$$$00000004                 0x000000c4   Section        4  entry5.o(.ARM.Collect$$$$00000004)
    .ARM.Collect$$$$00000008                 0x000000c8   Section        0  entry7b.o(.ARM.Collect$$$$00000008)
    .ARM.Collect$$$$0000000A                 0x000000c8   Section        0  entry8b.o(.ARM.Collect$$$$0000000A)
    .ARM.Collect$$$$0000000B                 0x000000c8   Section        8  entry9a.o(.ARM.Collect$$$$0000000B)
    .ARM.Collect$$$$0000000D                 0x000000d0   Section        0  entry10a.o(.ARM.Collect$$$$0000000D)
    .ARM.Collect$$$$0000000F                 0x000000d0   Section        0  entry11a.o(.ARM.Collect$$$$0000000F)
    .ARM.Collect$$$$00002712                 0x000000d0   Section        4  entry2.o(.ARM.Collect$$$$00002712)
    __lit__00000000                          0x000000d0   Data           4  entry2.o(.ARM.Collect$$$$00002712)
    .emb_text                                0x000000d4   Section       28  retarget.o(.emb_text)
    .text                                    0x000000f0   Section       20  startup_mini58series.o(.text)
    Default_Handler                          0x000000ff   Thumb Code     2  startup_mini58series.o(.text)
    .text                                    0x00000104   Section        0  uidiv.o(.text)
    .text                                    0x00000130   Section        0  idiv.o(.text)
    .text                                    0x00000158   Section        0  rand.o(.text)
    .text                                    0x0000017c   Section        0  uldiv.o(.text)
    .text                                    0x000001dc   Section       36  init.o(.text)
    .text                                    0x00000200   Section        0  llshl.o(.text)
    .text                                    0x00000220   Section        0  llushr.o(.text)
    i.All_Color                              0x00000244   Section        0  normal_display.o(i.All_Color)
    i.All_Off                                0x00000270   Section        0  normal_display.o(i.All_Off)
    i.BT_Power_Control                       0x0000028c   Section        0  bt_control.o(i.BT_Power_Control)
    BT_Power_Control                         0x0000028d   Thumb Code   166  bt_control.o(i.BT_Power_Control)
    i.BT_Work_Detect                         0x00000344   Section        0  bt_control.o(i.BT_Work_Detect)
    i.Blink                                  0x000003f0   Section        0  normal_display.o(i.Blink)
    i.Blue_Flash                             0x000006dc   Section        0  normal_display.o(i.Blue_Flash)
    i.CLK_DisablePLL                         0x00000758   Section        0  clk.o(i.CLK_DisablePLL)
    i.CLK_EnablePLL                          0x00000768   Section        0  clk.o(i.CLK_EnablePLL)
    i.CLK_EnableXtalRC                       0x0000097c   Section        0  clk.o(i.CLK_EnableXtalRC)
    i.CLK_GetPLLClockFreq                    0x00000994   Section        0  uart.o(i.CLK_GetPLLClockFreq)
    CLK_GetPLLClockFreq                      0x00000995   Thumb Code    70  uart.o(i.CLK_GetPLLClockFreq)
    i.CLK_Init                               0x000009ec   Section        0  mcu_config.o(i.CLK_Init)
    CLK_Init                                 0x000009ed   Thumb Code   184  mcu_config.o(i.CLK_Init)
    i.CLK_SetCoreClock                       0x00000abc   Section        0  clk.o(i.CLK_SetCoreClock)
    i.CLK_SetHCLK                            0x00000b40   Section        0  clk.o(i.CLK_SetHCLK)
    i.CLK_WaitClockReady                     0x00000b64   Section        0  clk.o(i.CLK_WaitClockReady)
    i.CSR1010_Process                        0x00000b8c   Section        0  data_process.o(i.CSR1010_Process)
    CSR1010_Process                          0x00000b8d   Thumb Code   906  data_process.o(i.CSR1010_Process)
    i.Color_Show                             0x00000f5c   Section        0  normal_display.o(i.Color_Show)
    i.Color_Value_Get                        0x000010f4   Section        0  data_process.o(i.Color_Value_Get)
    Color_Value_Get                          0x000010f5   Thumb Code  1254  data_process.o(i.Color_Value_Get)
    i.Count_Down_Control                     0x000015e0   Section        0  timer_ctrl.o(i.Count_Down_Control)
    i.Csr1010_Rcv_Byte                       0x000016a4   Section        0  csr1010.o(i.Csr1010_Rcv_Byte)
    Csr1010_Rcv_Byte                         0x000016a5   Thumb Code    88  csr1010.o(i.Csr1010_Rcv_Byte)
    i.Csr1010_Rcv_Data                       0x00001708   Section        0  csr1010.o(i.Csr1010_Rcv_Data)
    i.Csr1010_Snd_Data                       0x0000175c   Section        0  csr1010.o(i.Csr1010_Snd_Data)
    i.Data_Process                           0x000017ec   Section        0  data_process.o(i.Data_Process)
    i.FMC_Erase                              0x0000182c   Section        0  fmc.o(i.FMC_Erase)
    i.FMC_Open                               0x0000185c   Section        0  fmc.o(i.FMC_Open)
    i.FMC_Read                               0x0000186c   Section        0  fmc.o(i.FMC_Read)
    i.FMC_Write                              0x00001888   Section        0  fmc.o(i.FMC_Write)
    i.Flash_Read_Data                        0x000018a4   Section        0  flash_prgrm.o(i.Flash_Read_Data)
    i.Flash_Write_Data                       0x0000196c   Section        0  flash_prgrm.o(i.Flash_Write_Data)
    i.Flower_Bloom                           0x00001a40   Section        0  normal_display.o(i.Flower_Bloom)
    i.GPIO_SetMode                           0x00001eb8   Section        0  gpio.o(i.GPIO_SetMode)
    i.Green_Flash                            0x00001ee8   Section        0  normal_display.o(i.Green_Flash)
    i.Hard_Fault_Handler                     0x00001f64   Section        0  retarget.o(i.Hard_Fault_Handler)
    __tagsym$$used                           0x00001f65   Number         0  retarget.o(i.Hard_Fault_Handler)
    i.Hex_To_Char                            0x00001f8c   Section        0  data_process.o(i.Hex_To_Char)
    Hex_To_Char                              0x00001f8d   Thumb Code    22  data_process.o(i.Hex_To_Char)
    i.Instead                                0x00001fa4   Section        0  normal_display.o(i.Instead)
    i.Led_Display                            0x00002244   Section        0  display_ctrl.o(i.Led_Display)
    i.Led_Update                             0x00002304   Section        0  led_class.o(i.Led_Update)
    i.MCU_Config                             0x000023fc   Section        0  mcu_config.o(i.MCU_Config)
    i.Music_Mode                             0x00002498   Section        0  music.o(i.Music_Mode)
    i.Password_Process                       0x000024c4   Section        0  data_process.o(i.Password_Process)
    Password_Process                         0x000024c5   Thumb Code    60  data_process.o(i.Password_Process)
    i.Polar_Light                            0x00002508   Section        0  normal_display.o(i.Polar_Light)
    i.Red_Flash                              0x000026dc   Section        0  normal_display.o(i.Red_Flash)
    i.Ripple                                 0x00002758   Section        0  normal_display.o(i.Ripple)
    i.Roll                                   0x00002914   Section        0  normal_display.o(i.Roll)
    i.SYS_UnlockReg                          0x00002ba0   Section        0  flash_prgrm.o(i.SYS_UnlockReg)
    SYS_UnlockReg                            0x00002ba1   Thumb Code    24  flash_prgrm.o(i.SYS_UnlockReg)
    i.Sea_Wave                               0x00002bbc   Section        0  normal_display.o(i.Sea_Wave)
    i.SendChar_ToUART                        0x00002da8   Section        0  retarget.o(i.SendChar_ToUART)
    i.Show_1                                 0x00002dc8   Section        0  show_1.o(i.Show_1)
    i.Show_1_0                               0x00002e7c   Section        0  show_1.o(i.Show_1_0)
    i.Show_1_1                               0x00002fd8   Section        0  show_1.o(i.Show_1_1)
    i.Show_1_2                               0x000032bc   Section        0  show_1.o(i.Show_1_2)
    i.Show_1_3                               0x00003450   Section        0  show_1.o(i.Show_1_3)
    i.Show_2                                 0x00003770   Section        0  show_2.o(i.Show_2)
    i.Show_2_0                               0x00003838   Section        0  show_2.o(i.Show_2_0)
    i.Show_2_1                               0x00003b10   Section        0  show_2.o(i.Show_2_1)
    i.Show_2_2                               0x00003d58   Section        0  show_2.o(i.Show_2_2)
    i.Show_2_3                               0x000040d0   Section        0  show_2.o(i.Show_2_3)
    i.Show_2_4                               0x0000450c   Section        0  show_2.o(i.Show_2_4)
    i.Show_3                                 0x00004644   Section        0  show_3.o(i.Show_3)
    i.Show_3_0                               0x00004708   Section        0  show_3.o(i.Show_3_0)
    i.Show_3_1                               0x00004a48   Section        0  show_3.o(i.Show_3_1)
    i.Show_3_2                               0x00004fdc   Section        0  show_3.o(i.Show_3_2)
    i.Show_3_3                               0x00005140   Section        0  show_3.o(i.Show_3_3)
    i.Show_3_4                               0x00005380   Section        0  show_3.o(i.Show_3_4)
    i.Sparkle                                0x00005648   Section        0  normal_display.o(i.Sparkle)
    i.Steady                                 0x00005814   Section        0  normal_display.o(i.Steady)
    i.Syn_Process                            0x00005880   Section        0  data_process.o(i.Syn_Process)
    Syn_Process                              0x00005881   Thumb Code    74  data_process.o(i.Syn_Process)
    i.SystemCoreClockUpdate                  0x000058e0   Section        0  system_mini58series.o(i.SystemCoreClockUpdate)
    i.TIMER_GetModuleClock                   0x00005980   Section        0  timer.o(i.TIMER_GetModuleClock)
    i.TIMER_Open                             0x000059d8   Section        0  timer.o(i.TIMER_Open)
    i.UART0_IRQHandler                       0x00005a28   Section        0  csr1010.o(i.UART0_IRQHandler)
    i.UART_Open                              0x00005a30   Section        0  uart.o(i.UART_Open)
    i.UART_SetTimeoutCnt                     0x00005ab0   Section        0  uart.o(i.UART_SetTimeoutCnt)
    i.Uart_Clear_Buf                         0x00005ac8   Section        0  csr1010.o(i.Uart_Clear_Buf)
    i.User_Data_Init                         0x00005af8   Section        0  data_process.o(i.User_Data_Init)
    i.__0printf$5                            0x00005bf4   Section        0  printf5.o(i.__0printf$5)
    i.__ARM_common_switch8                   0x00005c14   Section        0  data_process.o(i.__ARM_common_switch8)
    i.__scatterload_copy                     0x00005c2e   Section       14  handlers.o(i.__scatterload_copy)
    i.__scatterload_null                     0x00005c3c   Section        2  handlers.o(i.__scatterload_null)
    i.__scatterload_zeroinit                 0x00005c3e   Section       14  handlers.o(i.__scatterload_zeroinit)
    i._printf_core                           0x00005c4c   Section        0  printf5.o(i._printf_core)
    _printf_core                             0x00005c4d   Thumb Code   688  printf5.o(i._printf_core)
    i.fputc                                  0x00005f28   Section        0  retarget.o(i.fputc)
    i.main                                   0x00005f34   Section        0  showhomeapp.o(i.main)
    i.stackDump                              0x00005fb4   Section        0  retarget.o(i.stackDump)
    .constdata                               0x0000605c   Section       54  data_process.o(.constdata)
    .data                                    0x20000000   Section       11  bt_control.o(.data)
    BtTime                                   0x20000000   Data           1  bt_control.o(.data)
    PIO11_HighTime                           0x20000004   Data           2  bt_control.o(.data)
    PIO11_LowTime                            0x20000006   Data           2  bt_control.o(.data)
    BtRcvDataTime                            0x20000008   Data           3  bt_control.o(.data)
    .data                                    0x2000000b   Section       17  csr1010.o(.data)
    .data                                    0x2000001c   Section       19  data_process.o(.data)
    PasswordTime                             0x2000001c   Data           1  data_process.o(.data)
    SynRcvTime                               0x2000001d   Data           1  data_process.o(.data)
    TypeReplyTime                            0x2000001e   Data           1  data_process.o(.data)
    BtInitFlag                               0x2000001f   Data           1  data_process.o(.data)
    FlagBuffer                               0x20000020   Data           1  data_process.o(.data)
    .data                                    0x20000030   Section        6  display_ctrl.o(.data)
    .data                                    0x20000036   Section        1  display_ctrl.o(.data)
    .data                                    0x20000037   Section        1  display_ctrl.o(.data)
    .data                                    0x20000038   Section        1  display_ctrl.o(.data)
    .data                                    0x20000039   Section        1  display_ctrl.o(.data)
    .data                                    0x2000003a   Section        1  display_ctrl.o(.data)
    .data                                    0x2000003b   Section        1  display_ctrl.o(.data)
    .data                                    0x2000003c   Section        1  display_ctrl.o(.data)
    .data                                    0x2000003d   Section        1  display_ctrl.o(.data)
    .data                                    0x2000003e   Section        1  display_ctrl.o(.data)
    .data                                    0x2000003f   Section        1  display_ctrl.o(.data)
    .data                                    0x20000040   Section        1  display_ctrl.o(.data)
    .data                                    0x20000041   Section        1  display_ctrl.o(.data)
    .data                                    0x20000042   Section        1  display_ctrl.o(.data)
    .data                                    0x20000043   Section        1  display_ctrl.o(.data)
    .data                                    0x20000044   Section        1  display_ctrl.o(.data)
    .data                                    0x20000045   Section        1  display_ctrl.o(.data)
    .data                                    0x20000046   Section        1  display_ctrl.o(.data)
    .data                                    0x20000047   Section        1  display_ctrl.o(.data)
    .data                                    0x20000048   Section        1  display_ctrl.o(.data)
    .data                                    0x2000004a   Section        2  display_ctrl.o(.data)
    .data                                    0x2000004c   Section        1  display_ctrl.o(.data)
    .data                                    0x2000004e   Section        2  display_ctrl.o(.data)
    .data                                    0x20000050   Section        2  display_ctrl.o(.data)
    .data                                    0x20000052   Section        2  display_ctrl.o(.data)
    .data                                    0x20000054   Section        2  display_ctrl.o(.data)
    .data                                    0x20000056   Section        1  display_ctrl.o(.data)
    .data                                    0x20000057   Section        1  flash_prgrm.o(.data)
    .data                                    0x20000058   Section        1  led_class.o(.data)
    .data                                    0x20000059   Section        1  led_class.o(.data)
    BitCnt                                   0x20000059   Data           1  led_class.o(.data)
    .data                                    0x2000005a   Section        1  led_class.o(.data)
    .data                                    0x2000005b   Section        1  mcu_config.o(.data)
    .data                                    0x2000005c   Section        1  music.o(.data)
    .data                                    0x2000005e   Section        4  music.o(.data)
    .data                                    0x20000062   Section        1  music.o(.data)
    .data                                    0x20000064   Section       10  timer_ctrl.o(.data)
    TimerChk                                 0x20000064   Data           2  timer_ctrl.o(.data)
    .data                                    0x20000070   Section        4  retarget.o(.data)
    .data                                    0x20000074   Section        4  system_mini58series.o(.data)
    .data                                    0x20000078   Section       12  system_mini58series.o(.data)
    .data                                    0x20000084   Section        4  rand.o(.data)
    _rand_state                              0x20000084   Data           4  rand.o(.data)
    .bss                                     0x20000088   Section       29  csr1010.o(.bss)
    .bss                                     0x200000a5   Section       48  display_ctrl.o(.bss)
    .bss                                     0x200000d5   Section       50  display_ctrl.o(.bss)
    .bss                                     0x20000107   Section       50  display_ctrl.o(.bss)
    .bss                                     0x20000139   Section       50  display_ctrl.o(.bss)
    .bss                                     0x2000016b   Section       50  display_ctrl.o(.bss)
    .bss                                     0x2000019d   Section       50  display_ctrl.o(.bss)
    .bss                                     0x200001cf   Section      216  led_class.o(.bss)
    STACK                                    0x200002a8   Section      512  startup_mini58series.o(STACK)

    Global Symbols

    Symbol Name                              Value     Ov Type        Size  Object(Section)

    BuildAttributes$$THM_ISAv3M$S$PE$A:L22$X:L11$S22$IEEE1$IW$USESV6$~STKCKD$USESV7$~SHL$OTIME$ROPI$EBA8$MICROLIB$REQ8$PRES8$EABIv2 0x00000000   Number         0  anon$$obj.o ABSOLUTE
    __ARM_use_no_argv                        0x00000000   Number         0  showhomeapp.o ABSOLUTE
    __Vectors                                0x00000000   Data           4  startup_mini58series.o(RESET)
    _printf_a                                0x00000000   Number         0  stubs.o ABSOLUTE
    _printf_c                                0x00000000   Number         0  stubs.o ABSOLUTE
    _printf_charcount                        0x00000000   Number         0  stubs.o ABSOLUTE
    _printf_d                                0x00000000   Number         0  stubs.o ABSOLUTE
    _printf_e                                0x00000000   Number         0  stubs.o ABSOLUTE
    _printf_f                                0x00000000   Number         0  stubs.o ABSOLUTE
    _printf_flags                            0x00000000   Number         0  stubs.o ABSOLUTE
    _printf_fp_dec                           0x00000000   Number         0  stubs.o ABSOLUTE
    _printf_fp_hex                           0x00000000   Number         0  stubs.o ABSOLUTE
    _printf_g                                0x00000000   Number         0  stubs.o ABSOLUTE
    _printf_i                                0x00000000   Number         0  stubs.o ABSOLUTE
    _printf_int_dec                          0x00000000   Number         0  stubs.o ABSOLUTE
    _printf_l                                0x00000000   Number         0  stubs.o ABSOLUTE
    _printf_lc                               0x00000000   Number         0  stubs.o ABSOLUTE
    _printf_ll                               0x00000000   Number         0  stubs.o ABSOLUTE
    _printf_lld                              0x00000000   Number         0  stubs.o ABSOLUTE
    _printf_lli                              0x00000000   Number         0  stubs.o ABSOLUTE
    _printf_llo                              0x00000000   Number         0  stubs.o ABSOLUTE
    _printf_llu                              0x00000000   Number         0  stubs.o ABSOLUTE
    _printf_llx                              0x00000000   Number         0  stubs.o ABSOLUTE
    _printf_longlong_dec                     0x00000000   Number         0  stubs.o ABSOLUTE
    _printf_longlong_hex                     0x00000000   Number         0  stubs.o ABSOLUTE
    _printf_longlong_oct                     0x00000000   Number         0  stubs.o ABSOLUTE
    _printf_ls                               0x00000000   Number         0  stubs.o ABSOLUTE
    _printf_mbtowc                           0x00000000   Number         0  stubs.o ABSOLUTE
    _printf_n                                0x00000000   Number         0  stubs.o ABSOLUTE
    _printf_o                                0x00000000   Number         0  stubs.o ABSOLUTE
    _printf_p                                0x00000000   Number         0  stubs.o ABSOLUTE
    _printf_percent                          0x00000000   Number         0  stubs.o ABSOLUTE
    _printf_pre_padding                      0x00000000   Number         0  stubs.o ABSOLUTE
    _printf_return_value                     0x00000000   Number         0  stubs.o ABSOLUTE
    _printf_s                                0x00000000   Number         0  stubs.o ABSOLUTE
    _printf_sizespec                         0x00000000   Number         0  stubs.o ABSOLUTE
    _printf_str                              0x00000000   Number         0  stubs.o ABSOLUTE
    _printf_truncate_signed                  0x00000000   Number         0  stubs.o ABSOLUTE
    _printf_truncate_unsigned                0x00000000   Number         0  stubs.o ABSOLUTE
    _printf_u                                0x00000000   Number         0  stubs.o ABSOLUTE
    _printf_wc                               0x00000000   Number         0  stubs.o ABSOLUTE
    _printf_wctomb                           0x00000000   Number         0  stubs.o ABSOLUTE
    _printf_widthprec                        0x00000000   Number         0  stubs.o ABSOLUTE
    _printf_x                                0x00000000   Number         0  stubs.o ABSOLUTE
    __cpp_initialize__aeabi_                  - Undefined Weak Reference
    __cxa_finalize                            - Undefined Weak Reference
    __decompress                              - Undefined Weak Reference
    _clock_init                               - Undefined Weak Reference
    _microlib_exit                            - Undefined Weak Reference
    __main                                   0x000000c1   Thumb Code     0  entry.o(.ARM.Collect$$$$00000000)
    _main_stk                                0x000000c1   Thumb Code     0  entry2.o(.ARM.Collect$$$$00000001)
    _main_scatterload                        0x000000c5   Thumb Code     0  entry5.o(.ARM.Collect$$$$00000004)
    __main_after_scatterload                 0x000000c9   Thumb Code     0  entry5.o(.ARM.Collect$$$$00000004)
    _main_clock                              0x000000c9   Thumb Code     0  entry7b.o(.ARM.Collect$$$$00000008)
    _main_cpp_init                           0x000000c9   Thumb Code     0  entry8b.o(.ARM.Collect$$$$0000000A)
    _main_init                               0x000000c9   Thumb Code     0  entry9a.o(.ARM.Collect$$$$0000000B)
    __rt_final_cpp                           0x000000d1   Thumb Code     0  entry10a.o(.ARM.Collect$$$$0000000D)
    __rt_final_exit                          0x000000d1   Thumb Code     0  entry11a.o(.ARM.Collect$$$$0000000F)
    HardFault_Handler                        0x000000d5   Thumb Code    24  retarget.o(.emb_text)
    Reset_Handler                            0x000000f1   Thumb Code     4  startup_mini58series.o(.text)
    NMI_Handler                              0x000000f5   Thumb Code     2  startup_mini58series.o(.text)
    SVC_Handler                              0x000000f9   Thumb Code     2  startup_mini58series.o(.text)
    PendSV_Handler                           0x000000fb   Thumb Code     2  startup_mini58series.o(.text)
    SysTick_Handler                          0x000000fd   Thumb Code     2  startup_mini58series.o(.text)
    ACMP_IRQHandler                          0x000000ff   Thumb Code     0  startup_mini58series.o(.text)
    ADC_IRQHandler                           0x000000ff   Thumb Code     0  startup_mini58series.o(.text)
    BOD_IRQHandler                           0x000000ff   Thumb Code     0  startup_mini58series.o(.text)
    EINT0_IRQHandler                         0x000000ff   Thumb Code     0  startup_mini58series.o(.text)
    EINT1_IRQHandler                         0x000000ff   Thumb Code     0  startup_mini58series.o(.text)
    FB_IRQHandler                            0x000000ff   Thumb Code     0  startup_mini58series.o(.text)
    GPIO01_IRQHandler                        0x000000ff   Thumb Code     0  startup_mini58series.o(.text)
    GPIO234_IRQHandler                       0x000000ff   Thumb Code     0  startup_mini58series.o(.text)
    GPIO5_IRQHandler                         0x000000ff   Thumb Code     0  startup_mini58series.o(.text)
    HIRC_IRQHandler                          0x000000ff   Thumb Code     0  startup_mini58series.o(.text)
    I2C0_IRQHandler                          0x000000ff   Thumb Code     0  startup_mini58series.o(.text)
    I2C1_IRQHandler                          0x000000ff   Thumb Code     0  startup_mini58series.o(.text)
    PDWU_IRQHandler                          0x000000ff   Thumb Code     0  startup_mini58series.o(.text)
    PWM_IRQHandler                           0x000000ff   Thumb Code     0  startup_mini58series.o(.text)
    SPI_IRQHandler                           0x000000ff   Thumb Code     0  startup_mini58series.o(.text)
    TMR0_IRQHandler                          0x000000ff   Thumb Code     0  startup_mini58series.o(.text)
    TMR1_IRQHandler                          0x000000ff   Thumb Code     0  startup_mini58series.o(.text)
    UART1_IRQHandler                         0x000000ff   Thumb Code     0  startup_mini58series.o(.text)
    WDT_IRQHandler                           0x000000ff   Thumb Code     0  startup_mini58series.o(.text)
    __aeabi_uidiv                            0x00000105   Thumb Code     0  uidiv.o(.text)
    __aeabi_uidivmod                         0x00000105   Thumb Code    44  uidiv.o(.text)
    __aeabi_idiv                             0x00000131   Thumb Code     0  idiv.o(.text)
    __aeabi_idivmod                          0x00000131   Thumb Code    40  idiv.o(.text)
    rand                                     0x00000159   Thumb Code    18  rand.o(.text)
    srand                                    0x0000016b   Thumb Code     6  rand.o(.text)
    __aeabi_uldivmod                         0x0000017d   Thumb Code    96  uldiv.o(.text)
    __scatterload                            0x000001dd   Thumb Code    28  init.o(.text)
    __scatterload_rt2                        0x000001dd   Thumb Code     0  init.o(.text)
    __aeabi_llsl                             0x00000201   Thumb Code    32  llshl.o(.text)
    _ll_shift_l                              0x00000201   Thumb Code     0  llshl.o(.text)
    __aeabi_llsr                             0x00000221   Thumb Code    34  llushr.o(.text)
    _ll_ushift_r                             0x00000221   Thumb Code     0  llushr.o(.text)
    All_Color                                0x00000245   Thumb Code    34  normal_display.o(i.All_Color)
    All_Off                                  0x00000271   Thumb Code    24  normal_display.o(i.All_Off)
    BT_Work_Detect                           0x00000345   Thumb Code   164  bt_control.o(i.BT_Work_Detect)
    Blink                                    0x000003f1   Thumb Code   696  normal_display.o(i.Blink)
    Blue_Flash                               0x000006dd   Thumb Code   100  normal_display.o(i.Blue_Flash)
    CLK_DisablePLL                           0x00000759   Thumb Code    12  clk.o(i.CLK_DisablePLL)
    CLK_EnablePLL                            0x00000769   Thumb Code   478  clk.o(i.CLK_EnablePLL)
    CLK_EnableXtalRC                         0x0000097d   Thumb Code    18  clk.o(i.CLK_EnableXtalRC)
    CLK_SetCoreClock                         0x00000abd   Thumb Code   122  clk.o(i.CLK_SetCoreClock)
    CLK_SetHCLK                              0x00000b41   Thumb Code    30  clk.o(i.CLK_SetHCLK)
    CLK_WaitClockReady                       0x00000b65   Thumb Code    32  clk.o(i.CLK_WaitClockReady)
    Color_Show                               0x00000f5d   Thumb Code   352  normal_display.o(i.Color_Show)
    Count_Down_Control                       0x000015e1   Thumb Code   184  timer_ctrl.o(i.Count_Down_Control)
    Csr1010_Rcv_Data                         0x00001709   Thumb Code    74  csr1010.o(i.Csr1010_Rcv_Data)
    Csr1010_Snd_Data                         0x0000175d   Thumb Code   130  csr1010.o(i.Csr1010_Snd_Data)
    Data_Process                             0x000017ed   Thumb Code    54  data_process.o(i.Data_Process)
    FMC_Erase                                0x0000182d   Thumb Code    42  fmc.o(i.FMC_Erase)
    FMC_Open                                 0x0000185d   Thumb Code    12  fmc.o(i.FMC_Open)
    FMC_Read                                 0x0000186d   Thumb Code    22  fmc.o(i.FMC_Read)
    FMC_Write                                0x00001889   Thumb Code    22  fmc.o(i.FMC_Write)
    Flash_Read_Data                          0x000018a5   Thumb Code   150  flash_prgrm.o(i.Flash_Read_Data)
    Flash_Write_Data                         0x0000196d   Thumb Code   160  flash_prgrm.o(i.Flash_Write_Data)
    Flower_Bloom                             0x00001a41   Thumb Code  1136  normal_display.o(i.Flower_Bloom)
    GPIO_SetMode                             0x00001eb9   Thumb Code    46  gpio.o(i.GPIO_SetMode)
    Green_Flash                              0x00001ee9   Thumb Code   100  normal_display.o(i.Green_Flash)
    Hard_Fault_Handler                       0x00001f65   Thumb Code    16  retarget.o(i.Hard_Fault_Handler)
    Instead                                  0x00001fa5   Thumb Code   590  normal_display.o(i.Instead)
    Led_Display                              0x00002245   Thumb Code   188  display_ctrl.o(i.Led_Display)
    Led_Update                               0x00002305   Thumb Code   236  led_class.o(i.Led_Update)
    MCU_Config                               0x000023fd   Thumb Code   128  mcu_config.o(i.MCU_Config)
    Music_Mode                               0x00002499   Thumb Code    36  music.o(i.Music_Mode)
    Polar_Light                              0x00002509   Thumb Code   410  normal_display.o(i.Polar_Light)
    Red_Flash                                0x000026dd   Thumb Code   100  normal_display.o(i.Red_Flash)
    Ripple                                   0x00002759   Thumb Code   360  normal_display.o(i.Ripple)
    Roll                                     0x00002915   Thumb Code   564  normal_display.o(i.Roll)
    Sea_Wave                                 0x00002bbd   Thumb Code   416  normal_display.o(i.Sea_Wave)
    SendChar_ToUART                          0x00002da9   Thumb Code    26  retarget.o(i.SendChar_ToUART)
    Show_1                                   0x00002dc9   Thumb Code   150  show_1.o(i.Show_1)
    Show_1_0                                 0x00002e7d   Thumb Code   296  show_1.o(i.Show_1_0)
    Show_1_1                                 0x00002fd9   Thumb Code   676  show_1.o(i.Show_1_1)
    Show_1_2                                 0x000032bd   Thumb Code   358  show_1.o(i.Show_1_2)
    Show_1_3                                 0x00003451   Thumb Code   722  show_1.o(i.Show_1_3)
    Show_2                                   0x00003771   Thumb Code   164  show_2.o(i.Show_2)
    Show_2_0                                 0x00003839   Thumb Code   646  show_2.o(i.Show_2_0)
    Show_2_1                                 0x00003b11   Thumb Code   530  show_2.o(i.Show_2_1)
    Show_2_2                                 0x00003d59   Thumb Code   830  show_2.o(i.Show_2_2)
    Show_2_3                                 0x000040d1   Thumb Code  1084  show_2.o(i.Show_2_3)
    Show_2_4                                 0x0000450d   Thumb Code   270  show_2.o(i.Show_2_4)
    Show_3                                   0x00004645   Thumb Code   160  show_3.o(i.Show_3)
    Show_3_0                                 0x00004709   Thumb Code   770  show_3.o(i.Show_3_0)
    Show_3_1                                 0x00004a49   Thumb Code  1400  show_3.o(i.Show_3_1)
    Show_3_2                                 0x00004fdd   Thumb Code   302  show_3.o(i.Show_3_2)
    Show_3_3                                 0x00005141   Thumb Code   512  show_3.o(i.Show_3_3)
    Show_3_4                                 0x00005381   Thumb Code   644  show_3.o(i.Show_3_4)
    Sparkle                                  0x00005649   Thumb Code   402  normal_display.o(i.Sparkle)
    Steady                                   0x00005815   Thumb Code    78  normal_display.o(i.Steady)
    SystemCoreClockUpdate                    0x000058e1   Thumb Code   130  system_mini58series.o(i.SystemCoreClockUpdate)
    TIMER_GetModuleClock                     0x00005981   Thumb Code    64  timer.o(i.TIMER_GetModuleClock)
    TIMER_Open                               0x000059d9   Thumb Code    80  timer.o(i.TIMER_Open)
    UART0_IRQHandler                         0x00005a29   Thumb Code     8  csr1010.o(i.UART0_IRQHandler)
    UART_Open                                0x00005a31   Thumb Code   112  uart.o(i.UART_Open)
    UART_SetTimeoutCnt                       0x00005ab1   Thumb Code    22  uart.o(i.UART_SetTimeoutCnt)
    Uart_Clear_Buf                           0x00005ac9   Thumb Code    40  csr1010.o(i.Uart_Clear_Buf)
    User_Data_Init                           0x00005af9   Thumb Code   232  data_process.o(i.User_Data_Init)
    __0printf$5                              0x00005bf5   Thumb Code    24  printf5.o(i.__0printf$5)
    __1printf$5                              0x00005bf5   Thumb Code     0  printf5.o(i.__0printf$5)
    __2printf                                0x00005bf5   Thumb Code     0  printf5.o(i.__0printf$5)
    __ARM_common_switch8                     0x00005c15   Thumb Code    26  data_process.o(i.__ARM_common_switch8)
    __scatterload_copy                       0x00005c2f   Thumb Code    14  handlers.o(i.__scatterload_copy)
    __scatterload_null                       0x00005c3d   Thumb Code     2  handlers.o(i.__scatterload_null)
    __scatterload_zeroinit                   0x00005c3f   Thumb Code    14  handlers.o(i.__scatterload_zeroinit)
    fputc                                    0x00005f29   Thumb Code    12  retarget.o(i.fputc)
    main                                     0x00005f35   Thumb Code   110  showhomeapp.o(i.main)
    stackDump                                0x00005fb5   Thumb Code    70  retarget.o(i.stackDump)
    COLOR_VECTOR                             0x0000605c   Data          54  data_process.o(.constdata)
    Region$$Table$$Base                      0x00006094   Number         0  anon$$obj.o(Region$$Table)
    Region$$Table$$Limit                     0x000060b4   Number         0  anon$$obj.o(Region$$Table)
    BtConStatus                              0x20000001   Data           1  bt_control.o(.data)
    BtRcvDataFlag                            0x20000002   Data           1  bt_control.o(.data)
    BtPowerInitFlag                          0x20000003   Data           1  bt_control.o(.data)
    RcvFlag                                  0x2000000b   Data           1  csr1010.o(.data)
    RcvByteStatus                            0x2000000c   Data           1  csr1010.o(.data)
    ChkSumReply                              0x2000000d   Data           4  csr1010.o(.data)
    SynData                                  0x20000011   Data           5  csr1010.o(.data)
    RcvData                                  0x20000016   Data           6  csr1010.o(.data)
    SynFlag                                  0x20000021   Data           1  data_process.o(.data)
    ChkSumH                                  0x20000022   Data           1  data_process.o(.data)
    ChkSumL                                  0x20000023   Data           1  data_process.o(.data)
    ChkSumRst                                0x20000024   Data           1  data_process.o(.data)
    ChkSumRstSave                            0x20000025   Data           1  data_process.o(.data)
    PowerOnNum                               0x20000026   Data           1  data_process.o(.data)
    WdtRstFlag                               0x20000027   Data           1  data_process.o(.data)
    NewChkSumH                               0x20000028   Data           1  data_process.o(.data)
    NewChkSumL                               0x20000029   Data           1  data_process.o(.data)
    ChkSumRstTime                            0x2000002a   Data           1  data_process.o(.data)
    PasswordFlag                             0x2000002b   Data           1  data_process.o(.data)
    SynRcvFlag                               0x2000002c   Data           1  data_process.o(.data)
    FlagChkTime                              0x2000002d   Data           1  data_process.o(.data)
    FlagChkFlag                              0x2000002e   Data           1  data_process.o(.data)
    RndSeed                                  0x20000030   Data           2  display_ctrl.o(.data)
    DisplayData                              0x20000032   Data           4  display_ctrl.o(.data)
    ColorNum                                 0x20000036   Data           1  display_ctrl.o(.data)
    TempCnt                                  0x20000037   Data           1  display_ctrl.o(.data)
    TempLed                                  0x20000038   Data           1  display_ctrl.o(.data)
    LedCnt                                   0x20000039   Data           1  display_ctrl.o(.data)
    TempR                                    0x2000003a   Data           1  display_ctrl.o(.data)
    TempG                                    0x2000003b   Data           1  display_ctrl.o(.data)
    TempB                                    0x2000003c   Data           1  display_ctrl.o(.data)
    TempDuty                                 0x2000003d   Data           1  display_ctrl.o(.data)
    FadeR                                    0x2000003e   Data           1  display_ctrl.o(.data)
    FadeG                                    0x2000003f   Data           1  display_ctrl.o(.data)
    FadeB                                    0x20000040   Data           1  display_ctrl.o(.data)
    TempColor                                0x20000041   Data           1  display_ctrl.o(.data)
    SpeedTime                                0x20000042   Data           1  display_ctrl.o(.data)
    KeepTime                                 0x20000043   Data           1  display_ctrl.o(.data)
    ShowMode                                 0x20000044   Data           1  display_ctrl.o(.data)
    ShowInit                                 0x20000045   Data           1  display_ctrl.o(.data)
    HorseCnt                                 0x20000046   Data           1  display_ctrl.o(.data)
    RndCnt                                   0x20000047   Data           1  display_ctrl.o(.data)
    SteadyTime                               0x20000048   Data           1  display_ctrl.o(.data)
    TimeLine                                 0x2000004a   Data           2  display_ctrl.o(.data)
    TempStep                                 0x2000004c   Data           1  display_ctrl.o(.data)
    HorseOrder                               0x2000004e   Data           2  display_ctrl.o(.data)
    HorseTotal                               0x20000050   Data           2  display_ctrl.o(.data)
    HorseWaitTime                            0x20000052   Data           2  display_ctrl.o(.data)
    HorseStep                                0x20000054   Data           2  display_ctrl.o(.data)
    ModeSynFlag                              0x20000056   Data           1  display_ctrl.o(.data)
    FlashSaveFlag                            0x20000057   Data           1  flash_prgrm.o(.data)
    LedTotal                                 0x20000058   Data           1  led_class.o(.data)
    DirectFlag                               0x2000005a   Data           1  led_class.o(.data)
    HseStatus                                0x2000005b   Data           1  mcu_config.o(.data)
    MusicMode                                0x2000005c   Data           1  music.o(.data)
    MusicEnFlag                              0x2000005e   Data           1  music.o(.data)
    MusicEnTime                              0x20000060   Data           2  music.o(.data)
    MusicTrigFlag                            0x20000062   Data           1  music.o(.data)
    TimerData                                0x20000066   Data           8  timer_ctrl.o(.data)
    __stdout                                 0x20000070   Data           4  retarget.o(.data)
    __HSI                                    0x20000074   Data           4  system_mini58series.o(.data)
    PllClock                                 0x20000078   Data           4  system_mini58series.o(.data)
    SystemCoreClock                          0x2000007c   Data           4  system_mini58series.o(.data)
    CyclesPerUs                              0x20000080   Data           4  system_mini58series.o(.data)
    SndData                                  0x20000088   Data           9  csr1010.o(.bss)
    RcvBuffer                                0x20000091   Data          20  csr1010.o(.bss)
    ColorData                                0x200000a5   Data          48  display_ctrl.o(.bss)
    ModeTime                                 0x200000d5   Data          50  display_ctrl.o(.bss)
    ModeStep                                 0x20000107   Data          50  display_ctrl.o(.bss)
    HoldTime                                 0x20000139   Data          50  display_ctrl.o(.bss)
    ModeColor                                0x2000016b   Data          50  display_ctrl.o(.bss)
    ModeLed                                  0x2000019d   Data          50  display_ctrl.o(.bss)
    LedData                                  0x200001cf   Data         216  led_class.o(.bss)
    __initial_sp                             0x200004a8   Data           0  startup_mini58series.o(STACK)



==============================================================================

Memory Map of the image

  Image Entry point : 0x000000f1

  Load Region LR_IROM1 (Base: 0x00000000, Size: 0x0000613c, Max: 0x00008000, ABSOLUTE)

    Execution Region ER_IROM1 (Base: 0x00000000, Size: 0x000060b4, Max: 0x00008000, ABSOLUTE)

    Base Addr    Size         Type   Attr      Idx    E Section Name        Object

    0x00000000   0x000000c0   Data   RO         1638    RESET               startup_mini58series.o
    0x000000c0   0x00000000   Code   RO         1676  * .ARM.Collect$$$$00000000  mc_p.l(entry.o)
    0x000000c0   0x00000004   Code   RO         1955    .ARM.Collect$$$$00000001  mc_p.l(entry2.o)
    0x000000c4   0x00000004   Code   RO         1958    .ARM.Collect$$$$00000004  mc_p.l(entry5.o)
    0x000000c8   0x00000000   Code   RO         1960    .ARM.Collect$$$$00000008  mc_p.l(entry7b.o)
    0x000000c8   0x00000000   Code   RO         1962    .ARM.Collect$$$$0000000A  mc_p.l(entry8b.o)
    0x000000c8   0x00000008   Code   RO         1963    .ARM.Collect$$$$0000000B  mc_p.l(entry9a.o)
    0x000000d0   0x00000000   Code   RO         1965    .ARM.Collect$$$$0000000D  mc_p.l(entry10a.o)
    0x000000d0   0x00000000   Code   RO         1967    .ARM.Collect$$$$0000000F  mc_p.l(entry11a.o)
    0x000000d0   0x00000004   Code   RO         1956    .ARM.Collect$$$$00002712  mc_p.l(entry2.o)
    0x000000d4   0x0000001c   Code   RO         1548    .emb_text           retarget.o
    0x000000f0   0x00000014   Code   RO         1639  * .text               startup_mini58series.o
    0x00000104   0x0000002c   Code   RO         1679    .text               mc_p.l(uidiv.o)
    0x00000130   0x00000028   Code   RO         1681    .text               mc_p.l(idiv.o)
    0x00000158   0x00000024   Code   RO         1683    .text               mc_p.l(rand.o)
    0x0000017c   0x00000060   Code   RO         1969    .text               mc_p.l(uldiv.o)
    0x000001dc   0x00000024   Code   RO         1984    .text               mc_p.l(init.o)
    0x00000200   0x00000020   Code   RO         1986    .text               mc_p.l(llshl.o)
    0x00000220   0x00000022   Code   RO         1988    .text               mc_p.l(llushr.o)
    0x00000242   0x00000002   PAD
    0x00000244   0x0000002c   Code   RO          491    i.All_Color         normal_display.o
    0x00000270   0x0000001c   Code   RO          492    i.All_Off           normal_display.o
    0x0000028c   0x000000b8   Code   RO            3    i.BT_Power_Control  bt_control.o
    0x00000344   0x000000ac   Code   RO            4    i.BT_Work_Detect    bt_control.o
    0x000003f0   0x000002ec   Code   RO          493    i.Blink             normal_display.o
    0x000006dc   0x0000007c   Code   RO          494    i.Blue_Flash        normal_display.o
    0x00000758   0x00000010   Code   RO          753    i.CLK_DisablePLL    clk.o
    0x00000768   0x00000214   Code   RO          758    i.CLK_EnablePLL     clk.o
    0x0000097c   0x00000018   Code   RO          760    i.CLK_EnableXtalRC  clk.o
    0x00000994   0x00000058   Code   RO         1410    i.CLK_GetPLLClockFreq  uart.o
    0x000009ec   0x000000d0   Code   RO          367    i.CLK_Init          mcu_config.o
    0x00000abc   0x00000084   Code   RO          767    i.CLK_SetCoreClock  clk.o
    0x00000b40   0x00000024   Code   RO          768    i.CLK_SetHCLK       clk.o
    0x00000b64   0x00000028   Code   RO          772    i.CLK_WaitClockReady  clk.o
    0x00000b8c   0x000003d0   Code   RO          141    i.CSR1010_Process   data_process.o
    0x00000f5c   0x00000198   Code   RO          495    i.Color_Show        normal_display.o
    0x000010f4   0x000004ec   Code   RO          142    i.Color_Value_Get   data_process.o
    0x000015e0   0x000000c4   Code   RO          462    i.Count_Down_Control  timer_ctrl.o
    0x000016a4   0x00000064   Code   RO           91    i.Csr1010_Rcv_Byte  csr1010.o
    0x00001708   0x00000054   Code   RO           92    i.Csr1010_Rcv_Data  csr1010.o
    0x0000175c   0x00000090   Code   RO           93    i.Csr1010_Snd_Data  csr1010.o
    0x000017ec   0x00000040   Code   RO          143    i.Data_Process      data_process.o
    0x0000182c   0x00000030   Code   RO          899    i.FMC_Erase         fmc.o
    0x0000185c   0x00000010   Code   RO          903    i.FMC_Open          fmc.o
    0x0000186c   0x0000001c   Code   RO          904    i.FMC_Read          fmc.o
    0x00001888   0x0000001c   Code   RO          912    i.FMC_Write         fmc.o
    0x000018a4   0x000000c8   Code   RO          298    i.Flash_Read_Data   flash_prgrm.o
    0x0000196c   0x000000d4   Code   RO          299    i.Flash_Write_Data  flash_prgrm.o
    0x00001a40   0x00000478   Code   RO          497    i.Flower_Bloom      normal_display.o
    0x00001eb8   0x0000002e   Code   RO         1026    i.GPIO_SetMode      gpio.o
    0x00001ee6   0x00000002   PAD
    0x00001ee8   0x0000007c   Code   RO          498    i.Green_Flash       normal_display.o
    0x00001f64   0x00000028   Code   RO         1550    i.Hard_Fault_Handler  retarget.o
    0x00001f8c   0x00000016   Code   RO          144    i.Hex_To_Char       data_process.o
    0x00001fa2   0x00000002   PAD
    0x00001fa4   0x000002a0   Code   RO          500    i.Instead           normal_display.o
    0x00002244   0x000000c0   Code   RO          232    i.Led_Display       display_ctrl.o
    0x00002304   0x000000f8   Code   RO          338    i.Led_Update        led_class.o
    0x000023fc   0x0000009c   Code   RO          368    i.MCU_Config        mcu_config.o
    0x00002498   0x0000002c   Code   RO          404    i.Music_Mode        music.o
    0x000024c4   0x00000044   Code   RO          145    i.Password_Process  data_process.o
    0x00002508   0x000001d4   Code   RO          501    i.Polar_Light       normal_display.o
    0x000026dc   0x0000007c   Code   RO          502    i.Red_Flash         normal_display.o
    0x00002758   0x000001bc   Code   RO          503    i.Ripple            normal_display.o
    0x00002914   0x0000028c   Code   RO          504    i.Roll              normal_display.o
    0x00002ba0   0x0000001c   Code   RO          300    i.SYS_UnlockReg     flash_prgrm.o
    0x00002bbc   0x000001ec   Code   RO          505    i.Sea_Wave          normal_display.o
    0x00002da8   0x00000020   Code   RO         1553    i.SendChar_ToUART   retarget.o
    0x00002dc8   0x000000b4   Code   RO          607    i.Show_1            show_1.o
    0x00002e7c   0x0000015c   Code   RO          608    i.Show_1_0          show_1.o
    0x00002fd8   0x000002e4   Code   RO          609    i.Show_1_1          show_1.o
    0x000032bc   0x00000194   Code   RO          610    i.Show_1_2          show_1.o
    0x00003450   0x00000320   Code   RO          611    i.Show_1_3          show_1.o
    0x00003770   0x000000c8   Code   RO          651    i.Show_2            show_2.o
    0x00003838   0x000002d8   Code   RO          652    i.Show_2_0          show_2.o
    0x00003b10   0x00000248   Code   RO          653    i.Show_2_1          show_2.o
    0x00003d58   0x00000378   Code   RO          654    i.Show_2_2          show_2.o
    0x000040d0   0x0000043c   Code   RO          655    i.Show_2_3          show_2.o
    0x0000450c   0x00000138   Code   RO          656    i.Show_2_4          show_2.o
    0x00004644   0x000000c4   Code   RO          701    i.Show_3            show_3.o
    0x00004708   0x00000340   Code   RO          702    i.Show_3_0          show_3.o
    0x00004a48   0x00000594   Code   RO          703    i.Show_3_1          show_3.o
    0x00004fdc   0x00000164   Code   RO          704    i.Show_3_2          show_3.o
    0x00005140   0x00000240   Code   RO          705    i.Show_3_3          show_3.o
    0x00005380   0x000002c8   Code   RO          706    i.Show_3_4          show_3.o
    0x00005648   0x000001cc   Code   RO          506    i.Sparkle           normal_display.o
    0x00005814   0x0000006c   Code   RO          507    i.Steady            normal_display.o
    0x00005880   0x00000060   Code   RO          146    i.Syn_Process       data_process.o
    0x000058e0   0x000000a0   Code   RO         1645    i.SystemCoreClockUpdate  system_mini58series.o
    0x00005980   0x00000058   Code   RO         1354    i.TIMER_GetModuleClock  timer.o
    0x000059d8   0x00000050   Code   RO         1355    i.TIMER_Open        timer.o
    0x00005a28   0x00000008   Code   RO           94    i.UART0_IRQHandler  csr1010.o
    0x00005a30   0x00000080   Code   RO         1417    i.UART_Open         uart.o
    0x00005ab0   0x00000016   Code   RO         1422    i.UART_SetTimeoutCnt  uart.o
    0x00005ac6   0x00000002   PAD
    0x00005ac8   0x00000030   Code   RO           95    i.Uart_Clear_Buf    csr1010.o
    0x00005af8   0x000000fc   Code   RO          147    i.User_Data_Init    data_process.o
    0x00005bf4   0x00000020   Code   RO         1819    i.__0printf$5       mc_p.l(printf5.o)
    0x00005c14   0x0000001a   Code   RO          191    i.__ARM_common_switch8  data_process.o
    0x00005c2e   0x0000000e   Code   RO         1998    i.__scatterload_copy  mc_p.l(handlers.o)
    0x00005c3c   0x00000002   Code   RO         1999    i.__scatterload_null  mc_p.l(handlers.o)
    0x00005c3e   0x0000000e   Code   RO         2000    i.__scatterload_zeroinit  mc_p.l(handlers.o)
    0x00005c4c   0x000002dc   Code   RO         1826    i._printf_core      mc_p.l(printf5.o)
    0x00005f28   0x0000000c   Code   RO         1557    i.fputc             retarget.o
    0x00005f34   0x00000080   Code   RO          436    i.main              showhomeapp.o
    0x00005fb4   0x000000a8   Code   RO         1559    i.stackDump         retarget.o
    0x0000605c   0x00000036   Data   RO          148    .constdata          data_process.o
    0x00006092   0x00000002   PAD
    0x00006094   0x00000020   Data   RO         1996    Region$$Table       anon$$obj.o


    Execution Region RW_IRAM1 (Base: 0x20000000, Size: 0x000004a8, Max: 0x00001000, ABSOLUTE)

    Base Addr    Size         Type   Attr      Idx    E Section Name        Object

    0x20000000   0x0000000b   Data   RW            5    .data               bt_control.o
    0x2000000b   0x00000011   Data   RW           97    .data               csr1010.o
    0x2000001c   0x00000013   Data   RW          149    .data               data_process.o
    0x2000002f   0x00000001   PAD
    0x20000030   0x00000006   Data   RW          239    .data               display_ctrl.o
    0x20000036   0x00000001   Data   RW          240    .data               display_ctrl.o
    0x20000037   0x00000001   Data   RW          241    .data               display_ctrl.o
    0x20000038   0x00000001   Data   RW          242    .data               display_ctrl.o
    0x20000039   0x00000001   Data   RW          243    .data               display_ctrl.o
    0x2000003a   0x00000001   Data   RW          244    .data               display_ctrl.o
    0x2000003b   0x00000001   Data   RW          245    .data               display_ctrl.o
    0x2000003c   0x00000001   Data   RW          246    .data               display_ctrl.o
    0x2000003d   0x00000001   Data   RW          247    .data               display_ctrl.o
    0x2000003e   0x00000001   Data   RW          248    .data               display_ctrl.o
    0x2000003f   0x00000001   Data   RW          249    .data               display_ctrl.o
    0x20000040   0x00000001   Data   RW          250    .data               display_ctrl.o
    0x20000041   0x00000001   Data   RW          251    .data               display_ctrl.o
    0x20000042   0x00000001   Data   RW          253    .data               display_ctrl.o
    0x20000043   0x00000001   Data   RW          254    .data               display_ctrl.o
    0x20000044   0x00000001   Data   RW          255    .data               display_ctrl.o
    0x20000045   0x00000001   Data   RW          256    .data               display_ctrl.o
    0x20000046   0x00000001   Data   RW          257    .data               display_ctrl.o
    0x20000047   0x00000001   Data   RW          259    .data               display_ctrl.o
    0x20000048   0x00000001   Data   RW          260    .data               display_ctrl.o
    0x20000049   0x00000001   PAD
    0x2000004a   0x00000002   Data   RW          261    .data               display_ctrl.o
    0x2000004c   0x00000001   Data   RW          262    .data               display_ctrl.o
    0x2000004d   0x00000001   PAD
    0x2000004e   0x00000002   Data   RW          264    .data               display_ctrl.o
    0x20000050   0x00000002   Data   RW          265    .data               display_ctrl.o
    0x20000052   0x00000002   Data   RW          267    .data               display_ctrl.o
    0x20000054   0x00000002   Data   RW          268    .data               display_ctrl.o
    0x20000056   0x00000001   Data   RW          269    .data               display_ctrl.o
    0x20000057   0x00000001   Data   RW          301    .data               flash_prgrm.o
    0x20000058   0x00000001   Data   RW          340    .data               led_class.o
    0x20000059   0x00000001   Data   RW          341    .data               led_class.o
    0x2000005a   0x00000001   Data   RW          342    .data               led_class.o
    0x2000005b   0x00000001   Data   RW          369    .data               mcu_config.o
    0x2000005c   0x00000001   Data   RW          407    .data               music.o
    0x2000005d   0x00000001   PAD
    0x2000005e   0x00000004   Data   RW          408    .data               music.o
    0x20000062   0x00000001   Data   RW          409    .data               music.o
    0x20000063   0x00000001   PAD
    0x20000064   0x0000000a   Data   RW          463    .data               timer_ctrl.o
    0x2000006e   0x00000002   PAD
    0x20000070   0x00000004   Data   RW         1560    .data               retarget.o
    0x20000074   0x00000004   Data   RW         1647    .data               system_mini58series.o
    0x20000078   0x0000000c   Data   RW         1648    .data               system_mini58series.o
    0x20000084   0x00000004   Data   RW         1684    .data               mc_p.l(rand.o)
    0x20000088   0x0000001d   Zero   RW           96    .bss                csr1010.o
    0x200000a5   0x00000030   Zero   RW          233    .bss                display_ctrl.o
    0x200000d5   0x00000032   Zero   RW          234    .bss                display_ctrl.o
    0x20000107   0x00000032   Zero   RW          235    .bss                display_ctrl.o
    0x20000139   0x00000032   Zero   RW          236    .bss                display_ctrl.o
    0x2000016b   0x00000032   Zero   RW          237    .bss                display_ctrl.o
    0x2000019d   0x00000032   Zero   RW          238    .bss                display_ctrl.o
    0x200001cf   0x000000d8   Zero   RW          339    .bss                led_class.o
    0x200002a7   0x00000001   PAD
    0x200002a8   0x00000200   Zero   RW         1636    STACK               startup_mini58series.o


==============================================================================

Image component sizes


      Code (inc. data)   RO Data    RW Data    ZI Data      Debug   Object Name

       356         26          0         11          0     130897   bt_control.o
       780         88          0          0          0      10882   clk.o
       384         44          0         17         29       4632   csr1010.o
      2764        208         54         19          0       7781   data_process.o
       192         16          0         37        298       3250   display_ctrl.o
       440        106          0          1          0       9089   flash_prgrm.o
       120         22          0          0          0     125884   fmc.o
        46          0          0          0          0        999   gpio.o
       248         12          0          3        216       2223   led_class.o
       364         52          0          1          0      11557   mcu_config.o
        44          8          0          6          0       1313   music.o
      6040        800          0          0          0      11523   normal_display.o
       280        132          0          4          0       4422   retarget.o
      2472        290          0          0          0       4229   show_1.o
      3796        370          0          0          0       5664   show_2.o
      4100        444          0          0          0       6200   show_3.o
       128         18          0          0          0       3131   showhomeapp.o
        20          4        192          0        512        632   startup_mini58series.o
       160         30          0         16          0       1277   system_mini58series.o
       168         24          0          0          0       1852   timer.o
       196         12          0         10          0       4105   timer_ctrl.o
       238         34          0          0          0       2521   uart.o

    ----------------------------------------------------------------------
     23342       2740        280        132       1056     354063   Object Totals
         0          0         32          0          0          0   (incl. Generated)
         6          0          2          7          1          0   (incl. Padding)

    ----------------------------------------------------------------------

      Code (inc. data)   RO Data    RW Data    ZI Data      Debug   Library Member Name

         0          0          0          0          0          0   entry.o
         0          0          0          0          0          0   entry10a.o
         0          0          0          0          0          0   entry11a.o
         8          4          0          0          0          0   entry2.o
         4          0          0          0          0          0   entry5.o
         0          0          0          0          0          0   entry7b.o
         0          0          0          0          0          0   entry8b.o
         8          4          0          0          0          0   entry9a.o
        30          0          0          0          0          0   handlers.o
        40          0          0          0          0         72   idiv.o
        36          8          0          0          0         68   init.o
        32          0          0          0          0         68   llshl.o
        34          0          0          0          0         68   llushr.o
       764         52          0          0          0        168   printf5.o
        36         12          0          4          0        120   rand.o
        44          0          0          0          0         72   uidiv.o
        96          0          0          0          0         84   uldiv.o

    ----------------------------------------------------------------------
      1134         80          0          4          0        720   Library Totals
         2          0          0          0          0          0   (incl. Padding)

    ----------------------------------------------------------------------

      Code (inc. data)   RO Data    RW Data    ZI Data      Debug   Library Name

      1132         80          0          4          0        720   mc_p.l

    ----------------------------------------------------------------------
      1134         80          0          4          0        720   Library Totals

    ----------------------------------------------------------------------

==============================================================================


      Code (inc. data)   RO Data    RW Data    ZI Data      Debug   

     24476       2820        280        136       1056     351231   Grand Totals
     24476       2820        280        136       1056     351231   ELF Image Totals
     24476       2820        280        136          0          0   ROM Totals

==============================================================================

    Total RO  Size (Code + RO Data)                24756 (  24.18kB)
    Total RW  Size (RW Data + ZI Data)              1192 (   1.16kB)
    Total ROM Size (Code + RO Data + RW Data)      24892 (  24.31kB)

==============================================================================

