Component: ARM Compiler 5.06 update 3 (build 300) Tool: armlink [4d35c9]

==============================================================================

Section Cross References

    normal_display.o(i.All_Color) refers to led_class.o(.bss) for LedData
    normal_display.o(i.All_Flash) refers to normal_display.o(i.All_Color) for All_Color
    normal_display.o(i.All_Flash) refers to display_ctrl.o(.data) for DisplayData
    normal_display.o(i.All_Flash) refers to display_ctrl.o(.data) for SpeedTime
    normal_display.o(i.All_Flash) refers to display_ctrl.o(.bss) for ModeStep
    normal_display.o(i.All_Flash) refers to display_ctrl.o(.data) for TempR
    normal_display.o(i.All_Flash) refers to display_ctrl.o(.data) for TempG
    normal_display.o(i.All_Flash) refers to display_ctrl.o(.data) for TempB
    normal_display.o(i.All_Off) refers to normal_display.o(i.All_Color) for All_Color
    normal_display.o(i.All_Off) refers to display_ctrl.o(.data) for DisplayData
    normal_display.o(i.Blink) refers to uidiv.o(.text) for __aeabi_uidivmod
    normal_display.o(i.Blink) refers to rand.o(.text) for srand
    normal_display.o(i.Blink) refers to display_ctrl.o(.data) for DisplayData
    normal_display.o(i.Blink) refers to display_ctrl.o(.data) for TempLed
    normal_display.o(i.Blink) refers to led_class.o(.bss) for LedData
    normal_display.o(i.Blink) refers to display_ctrl.o(.data) for TempGrp
    normal_display.o(i.Blink) refers to display_ctrl.o(.data) for SpeedTime
    normal_display.o(i.Blink) refers to display_ctrl.o(.data) for ColorNum
    normal_display.o(i.Blink) refers to display_ctrl.o(.data) for TempColor
    normal_display.o(i.Blink) refers to display_ctrl.o(.bss) for ColorData
    normal_display.o(i.Blink) refers to display_ctrl.o(.bss) for ModeStep
    normal_display.o(i.Blink) refers to display_ctrl.o(.bss) for HoldTime
    normal_display.o(i.Blink) refers to display_ctrl.o(.bss) for ModeTime
    normal_display.o(i.Color_Show) refers to normal_display.o(i.__ARM_common_switch8) for __ARM_common_switch8
    normal_display.o(i.Color_Show) refers to display_ctrl.o(.data) for DisplayData
    normal_display.o(i.Color_Show) refers to display_ctrl.o(.bss) for ModeStep
    normal_display.o(i.Color_Show) refers to display_ctrl.o(.data) for TempR
    normal_display.o(i.Color_Show) refers to display_ctrl.o(.data) for TempG
    normal_display.o(i.Color_Show) refers to display_ctrl.o(.data) for TempB
    normal_display.o(i.Color_Show) refers to display_ctrl.o(.bss) for ModeTime
    normal_display.o(i.Color_Show) refers to display_ctrl.o(.data) for HorseCnt
    normal_display.o(i.Color_Show) refers to data_process.o(.data) for SynFlag
    normal_display.o(i.Color_Show) refers to display_ctrl.o(.data) for TempLed
    normal_display.o(i.Color_Show) refers to led_class.o(.bss) for LedData
    normal_display.o(i.Color_Show) refers to display_ctrl.o(.data) for TempGrp
    normal_display.o(i.Color_Show) refers to display_ctrl.o(.bss) for HoldTime
    normal_display.o(i.Color_Show) refers to display_ctrl.o(.data) for LedCnt
    normal_display.o(i.Color_Show) refers to display_ctrl.o(.data) for TempCnt
    normal_display.o(i.Flower_Bloom) refers to uidiv.o(.text) for __aeabi_uidivmod
    normal_display.o(i.Flower_Bloom) refers to rand.o(.text) for srand
    normal_display.o(i.Flower_Bloom) refers to display_ctrl.o(.data) for DisplayData
    normal_display.o(i.Flower_Bloom) refers to display_ctrl.o(.data) for TempGrp
    normal_display.o(i.Flower_Bloom) refers to display_ctrl.o(.data) for ColorNum
    normal_display.o(i.Flower_Bloom) refers to display_ctrl.o(.data) for TempColor
    normal_display.o(i.Flower_Bloom) refers to display_ctrl.o(.bss) for ColorData
    normal_display.o(i.Flower_Bloom) refers to display_ctrl.o(.data) for FadeR
    normal_display.o(i.Flower_Bloom) refers to display_ctrl.o(.data) for FadeG
    normal_display.o(i.Flower_Bloom) refers to display_ctrl.o(.data) for FadeB
    normal_display.o(i.Flower_Bloom) refers to display_ctrl.o(.bss) for ModeStep
    normal_display.o(i.Flower_Bloom) refers to display_ctrl.o(.bss) for ModeTime
    normal_display.o(i.Flower_Bloom) refers to display_ctrl.o(.bss) for HoldTime
    normal_display.o(i.Flower_Bloom) refers to led_class.o(.bss) for LedData
    normal_display.o(i.Flower_Bloom) refers to display_ctrl.o(.data) for TempLed
    normal_display.o(i.Flower_Bloom) refers to display_ctrl.o(.data) for SpeedTime
    normal_display.o(i.Flower_Bloom) refers to display_ctrl.o(.data) for LedCnt
    normal_display.o(i.Instead) refers to uidiv.o(.text) for __aeabi_uidivmod
    normal_display.o(i.Instead) refers to display_ctrl.o(.data) for DisplayData
    normal_display.o(i.Instead) refers to display_ctrl.o(.data) for SpeedTime
    normal_display.o(i.Instead) refers to led_class.o(.bss) for LedData
    normal_display.o(i.Instead) refers to display_ctrl.o(.data) for ColorNum
    normal_display.o(i.Instead) refers to display_ctrl.o(.data) for LedCnt
[...]
    printf4.o(i.__0vsprintf$4) refers to printf4.o(i._sputc) for _sputc
    printf4.o(i._printf_core) refers to uldiv.o(.text) for __aeabi_uldivmod
    printf5.o(i.__0fprintf$5) refers to printf5.o(i._printf_core) for _printf_core
    printf5.o(i.__0fprintf$5) refers to retarget.o(i.fputc) for fputc
    printf5.o(i.__0printf$5) refers to printf5.o(i._printf_core) for _printf_core
    printf5.o(i.__0printf$5) refers to retarget.o(i.fputc) for fputc
    printf5.o(i.__0printf$5) refers to retarget.o(.data) for __stdout
    printf5.o(i.__0snprintf$5) refers to printf5.o(i._printf_core) for _printf_core
    printf5.o(i.__0snprintf$5) refers to printf5.o(i._snputc) for _snputc
    printf5.o(i.__0sprintf$5) refers to printf5.o(i._printf_core) for _printf_core
    printf5.o(i.__0sprintf$5) refers to printf5.o(i._sputc) for _sputc
    printf5.o(i.__0vfprintf$5) refers to printf5.o(i._printf_core) for _printf_core
    printf5.o(i.__0vfprintf$5) refers to retarget.o(i.fputc) for fputc
    printf5.o(i.__0vprintf$5) refers to printf5.o(i._printf_core) for _printf_core
    printf5.o(i.__0vprintf$5) refers to retarget.o(i.fputc) for fputc
    printf5.o(i.__0vprintf$5) refers to retarget.o(.data) for __stdout
    printf5.o(i.__0vsnprintf$5) refers to printf5.o(i._printf_core) for _printf_core
    printf5.o(i.__0vsnprintf$5) refers to printf5.o(i._snputc) for _snputc
    printf5.o(i.__0vsprintf$5) refers to printf5.o(i._printf_core) for _printf_core
    printf5.o(i.__0vsprintf$5) refers to printf5.o(i._sputc) for _sputc
    printf5.o(i._printf_core) refers to uldiv.o(.text) for __aeabi_uldivmod
    printf6.o(i.__0fprintf$6) refers to printf6.o(i._printf_core) for _printf_core
    printf6.o(i.__0fprintf$6) refers to retarget.o(i.fputc) for fputc
    printf6.o(i.__0printf$6) refers to printf6.o(i._printf_core) for _printf_core
    printf6.o(i.__0printf$6) refers to retarget.o(i.fputc) for fputc
    printf6.o(i.__0printf$6) refers to retarget.o(.data) for __stdout
    printf6.o(i.__0snprintf$6) refers to printf6.o(i._printf_core) for _printf_core
    printf6.o(i.__0snprintf$6) refers to printf6.o(i._snputc) for _snputc
    printf6.o(i.__0sprintf$6) refers to printf6.o(i._printf_core) for _printf_core
    printf6.o(i.__0sprintf$6) refers to printf6.o(i._sputc) for _sputc
    printf6.o(i.__0vfprintf$6) refers to printf6.o(i._printf_core) for _printf_core
    printf6.o(i.__0vfprintf$6) refers to retarget.o(i.fputc) for fputc
    printf6.o(i.__0vprintf$6) refers to printf6.o(i._printf_core) for _printf_core
    printf6.o(i.__0vprintf$6) refers to retarget.o(i.fputc) for fputc
    printf6.o(i.__0vprintf$6) refers to retarget.o(.data) for __stdout
    printf6.o(i.__0vsnprintf$6) refers to printf6.o(i._printf_core) for _printf_core
    printf6.o(i.__0vsnprintf$6) refers to printf6.o(i._snputc) for _snputc
    printf6.o(i.__0vsprintf$6) refers to printf6.o(i._printf_core) for _printf_core
    printf6.o(i.__0vsprintf$6) refers to printf6.o(i._sputc) for _sputc
    printf6.o(i._printf_core) refers to printf6.o(i._printf_pre_padding) for _printf_pre_padding
    printf6.o(i._printf_core) refers to printf6.o(i._printf_post_padding) for _printf_post_padding
    printf6.o(i._printf_core) refers to uidiv.o(.text) for __aeabi_uidivmod
    printf7.o(i.__0fprintf$7) refers to printf7.o(i._printf_core) for _printf_core
    printf7.o(i.__0fprintf$7) refers to retarget.o(i.fputc) for fputc
    printf7.o(i.__0printf$7) refers to printf7.o(i._printf_core) for _printf_core
    printf7.o(i.__0printf$7) refers to retarget.o(i.fputc) for fputc
    printf7.o(i.__0printf$7) refers to retarget.o(.data) for __stdout
    printf7.o(i.__0snprintf$7) refers to printf7.o(i._printf_core) for _printf_core
    printf7.o(i.__0snprintf$7) refers to printf7.o(i._snputc) for _snputc
    printf7.o(i.__0sprintf$7) refers to printf7.o(i._printf_core) for _printf_core
    printf7.o(i.__0sprintf$7) refers to printf7.o(i._sputc) for _sputc
    printf7.o(i.__0vfprintf$7) refers to printf7.o(i._printf_core) for _printf_core
    printf7.o(i.__0vfprintf$7) refers to retarget.o(i.fputc) for fputc
    printf7.o(i.__0vprintf$7) refers to printf7.o(i._printf_core) for _printf_core
    printf7.o(i.__0vprintf$7) refers to retarget.o(i.fputc) for fputc
    printf7.o(i.__0vprintf$7) refers to retarget.o(.data) for __stdout
    printf7.o(i.__0vsnprintf$7) refers to printf7.o(i._printf_core) for _printf_core
    printf7.o(i.__0vsnprintf$7) refers to printf7.o(i._snputc) for _snputc
    printf7.o(i.__0vsprintf$7) refers to printf7.o(i._printf_core) for _printf_core
    printf7.o(i.__0vsprintf$7) refers to printf7.o(i._sputc) for _sputc
    printf7.o(i._printf_core) refers to printf7.o(i._printf_pre_padding) for _printf_pre_padding
    printf7.o(i._printf_core) refers to printf7.o(i._printf_post_padding) for _printf_post_padding
    printf7.o(i._printf_core) refers to uldiv.o(.text) for __aeabi_uldivmod
    printf8.o(i.__0fprintf$8) refers to printf8.o(i._printf_core) for _printf_core
    printf8.o(i.__0fprintf$8) refers to retarget.o(i.fputc) for fputc
    printf8.o(i.__0printf$8) refers to printf8.o(i._printf_core) for _printf_core
    printf8.o(i.__0printf$8) refers to retarget.o(i.fputc) for fputc
    printf8.o(i.__0printf$8) refers to retarget.o(.data) for __stdout
    printf8.o(i.__0snprintf$8) refers to printf8.o(i._printf_core) for _printf_core
    printf8.o(i.__0snprintf$8) refers to printf8.o(i._snputc) for _snputc
    printf8.o(i.__0sprintf$8) refers to printf8.o(i._printf_core) for _printf_core
    printf8.o(i.__0sprintf$8) refers to printf8.o(i._sputc) for _sputc
    printf8.o(i.__0vfprintf$8) refers to printf8.o(i._printf_core) for _printf_core
    printf8.o(i.__0vfprintf$8) refers to retarget.o(i.fputc) for fputc
    printf8.o(i.__0vprintf$8) refers to printf8.o(i._printf_core) for _printf_core
    printf8.o(i.__0vprintf$8) refers to retarget.o(i.fputc) for fputc
    printf8.o(i.__0vprintf$8) refers to retarget.o(.data) for __stdout
    printf8.o(i.__0vsnprintf$8) refers to printf8.o(i._printf_core) for _printf_core
    printf8.o(i.__0vsnprintf$8) refers to printf8.o(i._snputc) for _snputc
    printf8.o(i.__0vsprintf$8) refers to printf8.o(i._printf_core) for _printf_core
    printf8.o(i.__0vsprintf$8) refers to printf8.o(i._sputc) for _sputc
    printf8.o(i._printf_core) refers to printf8.o(i._printf_pre_padding) for _printf_pre_padding
    printf8.o(i._printf_core) refers to printf8.o(i._printf_post_padding) for _printf_post_padding
    printf8.o(i._printf_core) refers to uldiv.o(.text) for __aeabi_uldivmod
    printfa.o(i.__0fprintf) refers (Special) to iusefp.o(.text) for __I$use$fp
    printfa.o(i.__0fprintf) refers to printfa.o(i._printf_core) for _printf_core
    printfa.o(i.__0fprintf) refers to retarget.o(i.fputc) for fputc
    printfa.o(i.__0printf) refers (Special) to iusefp.o(.text) for __I$use$fp
    printfa.o(i.__0printf) refers to printfa.o(i._printf_core) for _printf_core
    printfa.o(i.__0printf) refers to retarget.o(i.fputc) for fputc
    printfa.o(i.__0printf) refers to retarget.o(.data) for __stdout
    printfa.o(i.__0snprintf) refers (Special) to iusefp.o(.text) for __I$use$fp
    printfa.o(i.__0snprintf) refers to printfa.o(i._printf_core) for _printf_core
    printfa.o(i.__0snprintf) refers to printfa.o(i._snputc) for _snputc
    printfa.o(i.__0sprintf) refers (Special) to iusefp.o(.text) for __I$use$fp
    printfa.o(i.__0sprintf) refers to printfa.o(i._printf_core) for _printf_core
    printfa.o(i.__0sprintf) refers to printfa.o(i._sputc) for _sputc
    printfa.o(i.__0vfprintf) refers (Special) to iusefp.o(.text) for __I$use$fp
    printfa.o(i.__0vfprintf) refers to printfa.o(i._printf_core) for _printf_core
    printfa.o(i.__0vfprintf) refers to retarget.o(i.fputc) for fputc
    printfa.o(i.__0vprintf) refers (Special) to iusefp.o(.text) for __I$use$fp
    printfa.o(i.__0vprintf) refers to printfa.o(i._printf_core) for _printf_core
    printfa.o(i.__0vprintf) refers to retarget.o(i.fputc) for fputc
    printfa.o(i.__0vprintf) refers to retarget.o(.data) for __stdout
    printfa.o(i.__0vsnprintf) refers (Special) to iusefp.o(.text) for __I$use$fp
    printfa.o(i.__0vsnprintf) refers to printfa.o(i._printf_core) for _printf_core
    printfa.o(i.__0vsnprintf) refers to printfa.o(i._snputc) for _snputc
    printfa.o(i.__0vsprintf) refers (Special) to iusefp.o(.text) for __I$use$fp
    printfa.o(i.__0vsprintf) refers to printfa.o(i._printf_core) for _printf_core
    printfa.o(i.__0vsprintf) refers to printfa.o(i._sputc) for _sputc
    printfa.o(i._fp_digits) refers (Special) to iusefp.o(.text) for __I$use$fp
    printfa.o(i._fp_digits) refers to dmul.o(.text) for __aeabi_dmul
    printfa.o(i._fp_digits) refers to ddiv.o(.text) for __aeabi_ddiv
    printfa.o(i._fp_digits) refers to cdrcmple.o(.text) for __aeabi_cdrcmple
    printfa.o(i._fp_digits) refers to dadd.o(.text) for __aeabi_dadd
    printfa.o(i._fp_digits) refers to dfixul.o(.text) for __aeabi_d2ulz
    printfa.o(i._fp_digits) refers to uldiv.o(.text) for __aeabi_uldivmod
    printfa.o(i._printf_core) refers (Special) to iusefp.o(.text) for __I$use$fp
    printfa.o(i._printf_core) refers to printfa.o(i._printf_pre_padding) for _printf_pre_padding
    printfa.o(i._printf_core) refers to uldiv.o(.text) for __aeabi_uldivmod
    printfa.o(i._printf_core) refers to printfa.o(i._printf_post_padding) for _printf_post_padding
    printfa.o(i._printf_core) refers to printfa.o(i._fp_digits) for _fp_digits
    printfa.o(i._printf_core) refers to uidiv.o(.text) for __aeabi_uidivmod
    printfa.o(i._printf_post_padding) refers (Special) to iusefp.o(.text) for __I$use$fp
    printfa.o(i._printf_pre_padding) refers (Special) to iusefp.o(.text) for __I$use$fp
    printfa.o(i._snputc) refers (Special) to iusefp.o(.text) for __I$use$fp
    printfa.o(i._sputc) refers (Special) to iusefp.o(.text) for __I$use$fp
    fmul.o(.text) refers (Special) to iusefp.o(.text) for __I$use$fp
    fdiv.o(.text) refers (Special) to iusefp.o(.text) for __I$use$fp
    fdiv.o(.text) refers to fepilogue.o(.text) for _float_round
    ffltui.o(.text) refers (Special) to iusefp.o(.text) for __I$use$fp
    ffltui.o(.text) refers to fepilogue.o(.text) for _float_epilogue
    ffixui.o(.text) refers (Special) to iusefp.o(.text) for __I$use$fp
    entry2.o(.ARM.Collect$$$$00000001) refers to entry2.o(.ARM.Collect$$$$00002712) for __lit__00000000
    entry2.o(.ARM.Collect$$$$00002712) refers to startup_mini58series.o(STACK) for __initial_sp
    entry2.o(__vectab_stack_and_reset_area) refers to startup_mini58series.o(STACK) for __initial_sp
    entry2.o(__vectab_stack_and_reset_area) refers to entry.o(.ARM.Collect$$$$00000000) for __main
    entry5.o(.ARM.Collect$$$$00000004) refers to init.o(.text) for __scatterload
    entry9a.o(.ARM.Collect$$$$0000000B) refers to showhomeapp.o(i.main) for main
    entry9b.o(.ARM.Collect$$$$0000000C) refers to showhomeapp.o(i.main) for main
    uldiv.o(.text) refers to llushr.o(.text) for __aeabi_llsr
    uldiv.o(.text) refers to llshl.o(.text) for __aeabi_llsl
    dadd.o(.text) refers to llshl.o(.text) for __aeabi_llsl
    dadd.o(.text) refers to llsshr.o(.text) for __aeabi_lasr
    dadd.o(.text) refers to depilogue.o(.text) for _double_epilogue
    dmul.o(.text) refers to depilogue.o(.text) for _double_epilogue
    ddiv.o(.text) refers to depilogue.o(.text) for _double_round
    dfixul.o(.text) refers to llushr.o(.text) for __aeabi_llsr
    dfixul.o(.text) refers to llshl.o(.text) for __aeabi_llsl
    init.o(.text) refers to entry5.o(.ARM.Collect$$$$00000004) for __main_after_scatterload
    depilogue.o(.text) refers to depilogue.o(i.__ARM_clz) for __ARM_clz
    depilogue.o(.text) refers to llshl.o(.text) for __aeabi_llsl
    depilogue.o(.text) refers to llushr.o(.text) for __aeabi_llsr


==============================================================================

Removing Unused input sections from the image.

    Removing normal_display.o(.rev16_text), (4 bytes).
    Removing normal_display.o(.revsh_text), (4 bytes).
    Removing show_1.o(.rev16_text), (4 bytes).
    Removing show_1.o(.revsh_text), (4 bytes).
    Removing show_2.o(.rev16_text), (4 bytes).
    Removing show_2.o(.revsh_text), (4 bytes).
    Removing show_3.o(.rev16_text), (4 bytes).
    Removing show_3.o(.revsh_text), (4 bytes).
    Removing csr1010.o(.rev16_text), (4 bytes).
    Removing csr1010.o(.revsh_text), (4 bytes).
    Removing data_process.o(.rev16_text), (4 bytes).
    Removing data_process.o(.revsh_text), (4 bytes).
    Removing display_ctrl.o(.rev16_text), (4 bytes).
    Removing display_ctrl.o(.revsh_text), (4 bytes).
    Removing display_ctrl.o(.data), (1 bytes).
    Removing display_ctrl.o(.data), (1 bytes).
    Removing display_ctrl.o(.data), (2 bytes).
    Removing display_ctrl.o(.data), (2 bytes).
    Removing display_ctrl.o(.data), (2 bytes).
    Removing flash_prgrm.o(.rev16_text), (4 bytes).
    Removing flash_prgrm.o(.revsh_text), (4 bytes).
    Removing led_class.o(.rev16_text), (4 bytes).
    Removing led_class.o(.revsh_text), (4 bytes).
    Removing mcu_config.o(.rev16_text), (4 bytes).
    Removing mcu_config.o(.revsh_text), (4 bytes).
    Removing showhomeapp.o(.rev16_text), (4 bytes).
    Removing showhomeapp.o(.revsh_text), (4 bytes).
    Removing timer_ctrl.o(.rev16_text), (4 bytes).
    Removing timer_ctrl.o(.revsh_text), (4 bytes).
    Removing bt_control.o(.rev16_text), (4 bytes).
    Removing bt_control.o(.revsh_text), (4 bytes).
    Removing music.o(.rev16_text), (4 bytes).
    Removing music.o(.revsh_text), (4 bytes).
    Removing music.o(.constdata), (39 bytes).
    Removing music.o(.data), (1 bytes).
    Removing clk.o(.rev16_text), (4 bytes).
    Removing clk.o(.revsh_text), (4 bytes).
    Removing clk.o(i.CLK_DisableCKO), (16 bytes).
    Removing clk.o(i.CLK_DisableModuleClock), (28 bytes).
    Removing clk.o(i.CLK_DisableSysTick), (12 bytes).
    Removing clk.o(i.CLK_DisableXtalRC), (16 bytes).
    Removing clk.o(i.CLK_EnableCKO), (36 bytes).
    Removing clk.o(i.CLK_EnableModuleClock), (28 bytes).
    Removing clk.o(i.CLK_EnableSysTick), (64 bytes).
    Removing clk.o(i.CLK_GetCPUFreq), (16 bytes).
    Removing clk.o(i.CLK_GetHCLKFreq), (16 bytes).
    Removing clk.o(i.CLK_GetHXTFreq), (28 bytes).
    Removing clk.o(i.CLK_GetLXTFreq), (28 bytes).
    Removing clk.o(i.CLK_Idle), (20 bytes).
    Removing clk.o(i.CLK_PowerDown), (28 bytes).
    Removing clk.o(i.CLK_SetSysTickClockSrc), (20 bytes).
    Removing clk.o(i.CLK_SysTickDelay), (36 bytes).
    Removing fmc.o(.rev16_text), (4 bytes).
    Removing fmc.o(.revsh_text), (4 bytes).
    Removing fmc.o(i.FMC_Close), (16 bytes).
    Removing fmc.o(i.FMC_GetBootSource), (20 bytes).
    Removing fmc.o(i.FMC_GetCRC32Sum), (80 bytes).
    Removing fmc.o(i.FMC_GetVectorPageAddr), (20 bytes).
    Removing fmc.o(i.FMC_ReadCID), (28 bytes).
    Removing fmc.o(i.FMC_ReadConfig), (40 bytes).
    Removing fmc.o(i.FMC_ReadDataFlashBaseAddr), (12 bytes).
    Removing fmc.o(i.FMC_ReadPID), (28 bytes).
    Removing fmc.o(i.FMC_ReadUCID), (32 bytes).
    Removing fmc.o(i.FMC_ReadUID), (28 bytes).
    Removing fmc.o(i.FMC_SetVectorPageAddr), (24 bytes).
    Removing fmc.o(i.FMC_WriteConfig), (64 bytes).
    Removing gpio.o(.rev16_text), (4 bytes).
    Removing gpio.o(.revsh_text), (4 bytes).
    Removing gpio.o(i.GPIO_DisableInt), (28 bytes).
    Removing gpio.o(i.GPIO_EnableInt), (26 bytes).
    Removing pwm.o(.rev16_text), (4 bytes).
    Removing pwm.o(.revsh_text), (4 bytes).
    Removing pwm.o(i.PWM_ClearADCTriggerFlag), (36 bytes).
    Removing pwm.o(i.PWM_ClearCenterIntFlag), (16 bytes).
    Removing pwm.o(i.PWM_ClearDutyIntFlag), (16 bytes).
    Removing pwm.o(i.PWM_ClearFaultBrakeFlag), (12 bytes).
    Removing pwm.o(i.PWM_ClearFaultBrakeIntFlag), (12 bytes).
    Removing pwm.o(i.PWM_ClearPeriodIntFlag), (16 bytes).
    Removing pwm.o(i.PWM_ClearRiseIntFlag), (16 bytes).
    Removing pwm.o(i.PWM_ConfigOutputChannel), (244 bytes).
    Removing pwm.o(i.PWM_DisableADCTrigger), (36 bytes).
    Removing pwm.o(i.PWM_DisableCenterInt), (20 bytes).
    Removing pwm.o(i.PWM_DisableDeadZone), (20 bytes).
    Removing pwm.o(i.PWM_DisableDutyInt), (14 bytes).
    Removing pwm.o(i.PWM_DisableFaultBrakeInt), (20 bytes).
    Removing pwm.o(i.PWM_DisableOutput), (16 bytes).
    Removing pwm.o(i.PWM_DisablePeriodInt), (12 bytes).
    Removing pwm.o(i.PWM_DisableRiseInt), (14 bytes).
    Removing pwm.o(i.PWM_EnableADCTrigger), (48 bytes).
    Removing pwm.o(i.PWM_EnableCenterInt), (36 bytes).
    Removing pwm.o(i.PWM_EnableDeadZone), (40 bytes).
    Removing pwm.o(i.PWM_EnableDutyInt), (14 bytes).
    Removing pwm.o(i.PWM_EnableFaultBrake), (16 bytes).
    Removing pwm.o(i.PWM_EnableFaultBrakeInt), (20 bytes).
    Removing pwm.o(i.PWM_EnableOutput), (16 bytes).
    Removing pwm.o(i.PWM_EnablePeriodInt), (12 bytes).
    Removing pwm.o(i.PWM_EnableRiseInt), (14 bytes).
    Removing pwm.o(i.PWM_ForceStop), (44 bytes).
    Removing pwm.o(i.PWM_GetADCTriggerFlag), (40 bytes).
    Removing pwm.o(i.PWM_GetCenterIntFlag), (24 bytes).
    Removing pwm.o(i.PWM_GetDutyIntFlag), (24 bytes).
    Removing pwm.o(i.PWM_GetFaultBrakeIntFlag), (16 bytes).
    Removing pwm.o(i.PWM_GetPeriodIntFlag), (20 bytes).
    Removing pwm.o(i.PWM_GetRiseIntFlag), (24 bytes).
    Removing pwm.o(i.PWM_Start), (44 bytes).
    Removing pwm.o(i.PWM_Stop), (30 bytes).
    Removing sys.o(.rev16_text), (4 bytes).
    Removing sys.o(.revsh_text), (4 bytes).
    Removing sys.o(i.SYS_ClearResetSrc), (12 bytes).
    Removing sys.o(i.SYS_DisableBOD), (22 bytes).
    Removing sys.o(i.SYS_EnableBOD), (36 bytes).
    Removing sys.o(i.SYS_GetBODStatus), (12 bytes).
    Removing sys.o(i.SYS_GetResetSrc), (8 bytes).
    Removing sys.o(i.SYS_IsRegLocked), (24 bytes).
    Removing sys.o(i.SYS_ReadPDID), (8 bytes).
    Removing sys.o(i.SYS_ResetCPU), (14 bytes).
    Removing sys.o(i.SYS_ResetChip), (14 bytes).
    Removing sys.o(i.SYS_ResetModule), (28 bytes).
    Removing timer.o(.rev16_text), (4 bytes).
    Removing timer.o(.revsh_text), (4 bytes).
    Removing timer.o(i.TIMER_Close), (8 bytes).
    Removing timer.o(i.TIMER_Delay), (168 bytes).
    Removing timer.o(i.TIMER_DisableCapture), (10 bytes).
    Removing timer.o(i.TIMER_DisableEventCounter), (12 bytes).
    Removing timer.o(i.TIMER_EnableCapture), (22 bytes).
    Removing timer.o(i.TIMER_EnableEventCounter), (22 bytes).
    Removing uart.o(.rev16_text), (4 bytes).
    Removing uart.o(.revsh_text), (4 bytes).
    Removing uart.o(i.UART_ClearIntFlag), (44 bytes).
    Removing uart.o(i.UART_Close), (6 bytes).
    Removing uart.o(i.UART_DisableFlowCtrl), (12 bytes).
    Removing uart.o(i.UART_DisableInt), (8 bytes).
    Removing uart.o(i.UART_EnableFlowCtrl), (38 bytes).
    Removing uart.o(i.UART_EnableInt), (8 bytes).
    Removing uart.o(i.UART_Read), (44 bytes).
    Removing uart.o(i.UART_SelectIrDAMode), (120 bytes).
    Removing uart.o(i.UART_SelectRS485Mode), (20 bytes).
    Removing uart.o(i.UART_SetLine_Config), (136 bytes).
    Removing uart.o(i.UART_Write), (44 bytes).
    Removing retarget.o(.rev16_text), (4 bytes).
    Removing retarget.o(.revsh_text), (4 bytes).
    Removing retarget.o(i.GetChar), (20 bytes).
    Removing retarget.o(i.IsDebugFifoEmpty), (16 bytes).
    Removing retarget.o(i.SendChar), (8 bytes).
    Removing retarget.o(i._ttywrch), (8 bytes).
    Removing retarget.o(i.ferror), (6 bytes).
    Removing retarget.o(i.fgetc), (8 bytes).
    Removing retarget.o(i.kbhit), (16 bytes).
    Removing retarget.o(.data), (4 bytes).
    Removing startup_mini58series.o(HEAP), (0 bytes).
    Removing system_mini58series.o(.rev16_text), (4 bytes).
    Removing system_mini58series.o(.revsh_text), (4 bytes).
    Removing system_mini58series.o(i.SystemInit), (2 bytes).
    Removing fmul.o(.text), (122 bytes).
    Removing fdiv.o(.text), (124 bytes).
    Removing ffltui.o(.text), (14 bytes).
    Removing ffixui.o(.text), (40 bytes).
    Removing fepilogue.o(.text), (130 bytes).
    Removing dadd.o(.text), (356 bytes).
    Removing dmul.o(.text), (208 bytes).
    Removing ddiv.o(.text), (240 bytes).
    Removing dfixul.o(.text), (64 bytes).
    Removing cdrcmple.o(.text), (40 bytes).
    Removing depilogue.o(.text), (190 bytes).
    Removing depilogue.o(i.__ARM_clz), (46 bytes).

165 unused section(s) (total 4634 bytes) removed from the image.

==============================================================================

Image Symbol Table

    Local Symbols

    Symbol Name                              Value     Ov Type        Size  Object(Section)

    RESET                                    0x00000000   Section      192  startup_mini58series.o(RESET)
    ../clib/microlib/division.c              0x00000000   Number         0  uldiv.o ABSOLUTE
    ../clib/microlib/division.c              0x00000000   Number         0  uidiv.o ABSOLUTE
    ../clib/microlib/init/entry.s            0x00000000   Number         0  entry7a.o ABSOLUTE
    ../clib/microlib/init/entry.s            0x00000000   Number         0  entry7b.o ABSOLUTE
    ../clib/microlib/init/entry.s            0x00000000   Number         0  entry5.o ABSOLUTE
    ../clib/microlib/init/entry.s            0x00000000   Number         0  entry2.o ABSOLUTE
    ../clib/microlib/init/entry.s            0x00000000   Number         0  entry.o ABSOLUTE
    ../clib/microlib/init/entry.s            0x00000000   Number         0  entry10a.o ABSOLUTE
    ../clib/microlib/init/entry.s            0x00000000   Number         0  entry9b.o ABSOLUTE
    ../clib/microlib/init/entry.s            0x00000000   Number         0  entry8a.o ABSOLUTE
    ../clib/microlib/init/entry.s            0x00000000   Number         0  entry11a.o ABSOLUTE
    ../clib/microlib/init/entry.s            0x00000000   Number         0  entry11b.o ABSOLUTE
    ../clib/microlib/init/entry.s            0x00000000   Number         0  entry8b.o ABSOLUTE
    ../clib/microlib/init/entry.s            0x00000000   Number         0  entry9a.o ABSOLUTE
    ../clib/microlib/init/entry.s            0x00000000   Number         0  entry10b.o ABSOLUTE
    ../clib/microlib/longlong.c              0x00000000   Number         0  llsshr.o ABSOLUTE
    ../clib/microlib/longlong.c              0x00000000   Number         0  llshl.o ABSOLUTE
    ../clib/microlib/longlong.c              0x00000000   Number         0  llushr.o ABSOLUTE
    ../clib/microlib/printf/printf.c         0x00000000   Number         0  printf4.o ABSOLUTE
    ../clib/microlib/printf/printf.c         0x00000000   Number         0  printf3.o ABSOLUTE
    ../clib/microlib/printf/printf.c         0x00000000   Number         0  printf2.o ABSOLUTE
    ../clib/microlib/printf/printf.c         0x00000000   Number         0  printf1.o ABSOLUTE
    ../clib/microlib/printf/printf.c         0x00000000   Number         0  printf7.o ABSOLUTE
    ../clib/microlib/printf/printf.c         0x00000000   Number         0  printf0.o ABSOLUTE
    ../clib/microlib/printf/printf.c         0x00000000   Number         0  printfb.o ABSOLUTE
    ../clib/microlib/printf/printf.c         0x00000000   Number         0  printf5.o ABSOLUTE
    ../clib/microlib/printf/printf.c         0x00000000   Number         0  printf6.o ABSOLUTE
    ../clib/microlib/printf/printf.c         0x00000000   Number         0  printf8.o ABSOLUTE
    ../clib/microlib/printf/printf.c         0x00000000   Number         0  printfa.o ABSOLUTE
    ../clib/microlib/printf/stubs.s          0x00000000   Number         0  stubs.o ABSOLUTE
    ../clib/microlib/stdlib/rand.c           0x00000000   Number         0  rand.o ABSOLUTE
    ../clib/microlib/stubs.s                 0x00000000   Number         0  iusefp.o ABSOLUTE
    ../fplib/microlib/fpadd.c                0x00000000   Number         0  dadd.o ABSOLUTE
    ../fplib/microlib/fpdiv.c                0x00000000   Number         0  fdiv.o ABSOLUTE
    ../fplib/microlib/fpdiv.c                0x00000000   Number         0  ddiv.o ABSOLUTE
    ../fplib/microlib/fpepilogue.c           0x00000000   Number         0  fepilogue.o ABSOLUTE
    ../fplib/microlib/fpepilogue.c           0x00000000   Number         0  depilogue.o ABSOLUTE
    ../fplib/microlib/fpfix.c                0x00000000   Number         0  dfixul.o ABSOLUTE
    ../fplib/microlib/fpfix.c                0x00000000   Number         0  ffixui.o ABSOLUTE
    ../fplib/microlib/fpflt.c                0x00000000   Number         0  ffltui.o ABSOLUTE
    ../fplib/microlib/fpmul.c                0x00000000   Number         0  fmul.o ABSOLUTE
    ../fplib/microlib/fpmul.c                0x00000000   Number         0  dmul.o ABSOLUTE
    ..\AL92Public\Normal_Display.c           0x00000000   Number         0  normal_display.o ABSOLUTE
    ..\AL92Public\Show_1.c                   0x00000000   Number         0  show_1.o ABSOLUTE
    ..\AL92Public\Show_2.c                   0x00000000   Number         0  show_2.o ABSOLUTE
    ..\AL92Public\Show_3.c                   0x00000000   Number         0  show_3.o ABSOLUTE
    ..\FwLib\src\clk.c                       0x00000000   Number         0  clk.o ABSOLUTE
    ..\FwLib\src\fmc.c                       0x00000000   Number         0  fmc.o ABSOLUTE
    ..\FwLib\src\gpio.c                      0x00000000   Number         0  gpio.o ABSOLUTE
    ..\FwLib\src\pwm.c                       0x00000000   Number         0  pwm.o ABSOLUTE
    ..\FwLib\src\sys.c                       0x00000000   Number         0  sys.o ABSOLUTE
    ..\FwLib\src\timer.c                     0x00000000   Number         0  timer.o ABSOLUTE
    ..\FwLib\src\uart.c                      0x00000000   Number         0  uart.o ABSOLUTE
    ..\Public\PublicSrc\BT_Control.c         0x00000000   Number         0  bt_control.o ABSOLUTE
    ..\Public\PublicSrc\CSR1010.c            0x00000000   Number         0  csr1010.o ABSOLUTE
    ..\Public\PublicSrc\Data_Process.c       0x00000000   Number         0  data_process.o ABSOLUTE
    ..\Public\PublicSrc\Display_Ctrl.c       0x00000000   Number         0  display_ctrl.o ABSOLUTE
    ..\Public\PublicSrc\Flash_Prgrm.c        0x00000000   Number         0  flash_prgrm.o ABSOLUTE
    ..\Public\PublicSrc\Led_Class.c          0x00000000   Number         0  led_class.o ABSOLUTE
    ..\Public\PublicSrc\MCU_Config.c         0x00000000   Number         0  mcu_config.o ABSOLUTE
    ..\Public\PublicSrc\Music.c              0x00000000   Number         0  music.o ABSOLUTE
    ..\Public\PublicSrc\ShowHomeApp.c        0x00000000   Number         0  showhomeapp.o ABSOLUTE
    ..\Public\PublicSrc\Timer_Ctrl.c         0x00000000   Number         0  timer_ctrl.o ABSOLUTE
    ..\\AL92Public\\Normal_Display.c         0x00000000   Number         0  normal_display.o ABSOLUTE
    ..\\AL92Public\\Show_1.c                 0x00000000   Number         0  show_1.o ABSOLUTE
    ..\\AL92Public\\Show_2.c                 0x00000000   Number         0  show_2.o ABSOLUTE
    ..\\AL92Public\\Show_3.c                 0x00000000   Number         0  show_3.o ABSOLUTE
    ..\\FwLib\\src\\clk.c                    0x00000000   Number         0  clk.o ABSOLUTE
    ..\\FwLib\\src\\fmc.c                    0x00000000   Number         0  fmc.o ABSOLUTE
    ..\\FwLib\\src\\gpio.c                   0x00000000   Number         0  gpio.o ABSOLUTE
    ..\\FwLib\\src\\pwm.c                    0x00000000   Number         0  pwm.o ABSOLUTE
    ..\\FwLib\\src\\sys.c                    0x00000000   Number         0  sys.o ABSOLUTE
    ..\\FwLib\\src\\timer.c                  0x00000000   Number         0  timer.o ABSOLUTE
    ..\\FwLib\\src\\uart.c                   0x00000000   Number         0  uart.o ABSOLUTE
    ..\\Public\\PublicSrc\\BT_Control.c      0x00000000   Number         0  bt_control.o ABSOLUTE
    ..\\Public\\PublicSrc\\CSR1010.c         0x00000000   Number         0  csr1010.o ABSOLUTE
    ..\\Public\\PublicSrc\\Data_Process.c    0x00000000   Number         0  data_process.o ABSOLUTE
    ..\\Public\\PublicSrc\\Display_Ctrl.c    0x00000000   Number         0  display_ctrl.o ABSOLUTE
    ..\\Public\\PublicSrc\\Flash_Prgrm.c     0x00000000   Number         0  flash_prgrm.o ABSOLUTE
    ..\\Public\\PublicSrc\\Led_Class.c       0x00000000   Number         0  led_class.o ABSOLUTE
    ..\\Public\\PublicSrc\\MCU_Config.c      0x00000000   Number         0  mcu_config.o ABSOLUTE
    ..\\Public\\PublicSrc\\Music.c           0x00000000   Number         0  music.o ABSOLUTE
    ..\\Public\\PublicSrc\\ShowHomeApp.c     0x00000000   Number         0  showhomeapp.o ABSOLUTE
    ..\\Public\\PublicSrc\\Timer_Ctrl.c      0x00000000   Number         0  timer_ctrl.o ABSOLUTE
    RTE\Device\Mini58FDE\retarget.c          0x00000000   Number         0  retarget.o ABSOLUTE
    RTE\Device\Mini58FDE\startup_Mini58Series.s 0x00000000   Number         0  startup_mini58series.o ABSOLUTE
    RTE\Device\Mini58FDE\system_Mini58Series.c 0x00000000   Number         0  system_mini58series.o ABSOLUTE
    RTE\\Device\\Mini58FDE\\retarget.c       0x00000000   Number         0  retarget.o ABSOLUTE
    RTE\\Device\\Mini58FDE\\system_Mini58Series.c 0x00000000   Number         0  system_mini58series.o ABSOLUTE
    cdrcmple.s                               0x00000000   Number         0  cdrcmple.o ABSOLUTE
    dc.s                                     0x00000000   Number         0  dc.o ABSOLUTE
    handlers.s                               0x00000000   Number         0  handlers.o ABSOLUTE
    init.s                                   0x00000000   Number         0  init.o ABSOLUTE
    .ARM.Collect$$$$00000000                 0x000000c0   Section        0  entry.o(.ARM.Collect$$$$00000000)
    .ARM.Collect$$$$00000001                 0x000000c0   Section        4  entry2.o(.ARM.Collect$$$$00000001)
    .ARM.Collect$$$$00000004                 0x000000c4   Section        4  entry5.o(.ARM.Collect$$$$00000004)
    .ARM.Collect$$$$00000008                 0x000000c8   Section        0  entry7b.o(.ARM.Collect$$$$00000008)
    .ARM.Collect$$$$0000000A                 0x000000c8   Section        0  entry8b.o(.ARM.Collect$$$$0000000A)
    .ARM.Collect$$$$0000000B                 0x000000c8   Section        8  entry9a.o(.ARM.Collect$$$$0000000B)
    .ARM.Collect$$$$0000000D                 0x000000d0   Section        0  entry10a.o(.ARM.Collect$$$$0000000D)
    .ARM.Collect$$$$0000000F                 0x000000d0   Section        0  entry11a.o(.ARM.Collect$$$$0000000F)
    .ARM.Collect$$$$00002712                 0x000000d0   Section        4  entry2.o(.ARM.Collect$$$$00002712)
    __lit__00000000                          0x000000d0   Data           4  entry2.o(.ARM.Collect$$$$00002712)
    .emb_text                                0x000000d4   Section       28  retarget.o(.emb_text)
    .text                                    0x000000f0   Section       20  startup_mini58series.o(.text)
    Default_Handler                          0x000000ff   Thumb Code     2  startup_mini58series.o(.text)
    .text                                    0x00000104   Section        0  uidiv.o(.text)
    .text                                    0x00000130   Section        0  rand.o(.text)
    .text                                    0x00000154   Section        0  uldiv.o(.text)
    .text                                    0x000001b4   Section       36  init.o(.text)
    .text                                    0x000001d8   Section        0  llshl.o(.text)
    .text                                    0x000001f8   Section        0  llushr.o(.text)
    i.All_Color                              0x0000021c   Section        0  normal_display.o(i.All_Color)
    i.All_Flash                              0x0000023c   Section        0  normal_display.o(i.All_Flash)
    i.All_Off                                0x000002cc   Section        0  normal_display.o(i.All_Off)
    i.BT_Power_Control                       0x000002e8   Section        0  bt_control.o(i.BT_Power_Control)
    BT_Power_Control                         0x000002e9   Thumb Code   168  bt_control.o(i.BT_Power_Control)
    i.BT_Work_Detect                         0x000003a0   Section        0  bt_control.o(i.BT_Work_Detect)
    i.Blink                                  0x000003f8   Section        0  normal_display.o(i.Blink)
    i.CLK_DisablePLL                         0x00000614   Section        0  clk.o(i.CLK_DisablePLL)
    i.CLK_EnablePLL                          0x00000624   Section        0  clk.o(i.CLK_EnablePLL)
    i.CLK_EnableXtalRC                       0x00000838   Section        0  clk.o(i.CLK_EnableXtalRC)
    i.CLK_GetPLLClockFreq                    0x00000850   Section        0  uart.o(i.CLK_GetPLLClockFreq)
    CLK_GetPLLClockFreq                      0x00000851   Thumb Code    70  uart.o(i.CLK_GetPLLClockFreq)
    i.CLK_Init                               0x000008a8   Section        0  mcu_config.o(i.CLK_Init)
    CLK_Init                                 0x000008a9   Thumb Code   230  mcu_config.o(i.CLK_Init)
    i.CLK_SetCoreClock                       0x000009b4   Section        0  clk.o(i.CLK_SetCoreClock)
    i.CLK_SetHCLK                            0x00000a38   Section        0  clk.o(i.CLK_SetHCLK)
    i.CLK_SetModuleClock                     0x00000a5c   Section        0  clk.o(i.CLK_SetModuleClock)
    i.CLK_WaitClockReady                     0x00000aac   Section        0  clk.o(i.CLK_WaitClockReady)
    i.CSR1010_Process                        0x00000ad4   Section        0  data_process.o(i.CSR1010_Process)
    CSR1010_Process                          0x00000ad5   Thumb Code  1142  data_process.o(i.CSR1010_Process)
    i.Color_Show                             0x00000f58   Section        0  normal_display.o(i.Color_Show)
    i.Color_Value_Get                        0x0000112c   Section        0  data_process.o(i.Color_Value_Get)
    Color_Value_Get                          0x0000112d   Thumb Code  1254  data_process.o(i.Color_Value_Get)
    i.Count_Down_Control                     0x00001618   Section        0  timer_ctrl.o(i.Count_Down_Control)
    i.Csr1010_Rcv_Byte                       0x000016dc   Section        0  csr1010.o(i.Csr1010_Rcv_Byte)
    Csr1010_Rcv_Byte                         0x000016dd   Thumb Code    82  csr1010.o(i.Csr1010_Rcv_Byte)
    i.Csr1010_Rcv_Data                       0x0000173c   Section        0  csr1010.o(i.Csr1010_Rcv_Data)
    i.Csr1010_Snd_Data                       0x00001790   Section        0  csr1010.o(i.Csr1010_Snd_Data)
    i.Data_Process                           0x00001840   Section        0  data_process.o(i.Data_Process)
    i.FMC_Erase                              0x00001880   Section        0  fmc.o(i.FMC_Erase)
    i.FMC_Open                               0x000018b0   Section        0  fmc.o(i.FMC_Open)
    i.FMC_Read                               0x000018c0   Section        0  fmc.o(i.FMC_Read)
    i.FMC_Write                              0x000018dc   Section        0  fmc.o(i.FMC_Write)
    i.Flash_Read_Data                        0x000018f8   Section        0  flash_prgrm.o(i.Flash_Read_Data)
    i.Flash_Write_Data                       0x000019f4   Section        0  flash_prgrm.o(i.Flash_Write_Data)
    i.Flower_Bloom                           0x00001b00   Section        0  normal_display.o(i.Flower_Bloom)
    i.GPIO_SetMode                           0x00001db8   Section        0  gpio.o(i.GPIO_SetMode)
    i.Hard_Fault_Handler                     0x00001de8   Section        0  retarget.o(i.Hard_Fault_Handler)
    __tagsym$$used                           0x00001de9   Number         0  retarget.o(i.Hard_Fault_Handler)
    i.Hex_To_Char                            0x00001e10   Section        0  data_process.o(i.Hex_To_Char)
    Hex_To_Char                              0x00001e11   Thumb Code    22  data_process.o(i.Hex_To_Char)
    i.Instead                                0x00001e28   Section        0  normal_display.o(i.Instead)
    i.Led_Display                            0x00002098   Section        0  display_ctrl.o(i.Led_Display)
    i.Led_Update                             0x00002160   Section        0  led_class.o(i.Led_Update)
    i.MCU_Config                             0x000022f8   Section        0  mcu_config.o(i.MCU_Config)
    i.Music_DO                               0x000023d0   Section        0  music.o(i.Music_DO)
    Music_DO                                 0x000023d1   Thumb Code   258  music.o(i.Music_DO)
    i.Music_FA                               0x000024f8   Section        0  music.o(i.Music_FA)
    Music_FA                                 0x000024f9   Thumb Code   136  music.o(i.Music_FA)
    i.Music_LA                               0x00002598   Section        0  music.o(i.Music_LA)
    Music_LA                                 0x00002599   Thumb Code   164  music.o(i.Music_LA)
    i.Music_MI                               0x00002658   Section        0  music.o(i.Music_MI)
    Music_MI                                 0x00002659   Thumb Code   192  music.o(i.Music_MI)
    i.Music_Mode                             0x00002730   Section        0  music.o(i.Music_Mode)
    i.Music_RE                               0x00002874   Section        0  music.o(i.Music_RE)
    Music_RE                                 0x00002875   Thumb Code   134  music.o(i.Music_RE)
    i.Music_SO                               0x00002910   Section        0  music.o(i.Music_SO)
    Music_SO                                 0x00002911   Thumb Code   128  music.o(i.Music_SO)
    i.Music_XI                               0x000029a8   Section        0  music.o(i.Music_XI)
    Music_XI                                 0x000029a9   Thumb Code   300  music.o(i.Music_XI)
    i.PWM_Init                               0x00002afc   Section        0  mcu_config.o(i.PWM_Init)
    PWM_Init                                 0x00002afd   Thumb Code    60  mcu_config.o(i.PWM_Init)
    i.Password_Process                       0x00002b4c   Section        0  data_process.o(i.Password_Process)
    Password_Process                         0x00002b4d   Thumb Code    60  data_process.o(i.Password_Process)
    i.Polar_Light                            0x00002b90   Section        0  normal_display.o(i.Polar_Light)
    i.Ripple                                 0x00002d14   Section        0  normal_display.o(i.Ripple)
    i.Roll                                   0x00002f30   Section        0  normal_display.o(i.Roll)
    i.SYS_UnlockReg                          0x000031a0   Section        0  flash_prgrm.o(i.SYS_UnlockReg)
    SYS_UnlockReg                            0x000031a1   Thumb Code    24  flash_prgrm.o(i.SYS_UnlockReg)
    i.SYS_UnlockReg                          0x000031bc   Section        0  mcu_config.o(i.SYS_UnlockReg)
    SYS_UnlockReg                            0x000031bd   Thumb Code    24  mcu_config.o(i.SYS_UnlockReg)
    i.Sea_Wave                               0x000031d8   Section        0  normal_display.o(i.Sea_Wave)
    i.SendChar_ToUART                        0x000033d4   Section        0  retarget.o(i.SendChar_ToUART)
    i.Show_1                                 0x000033f4   Section        0  show_1.o(i.Show_1)
    i.Show_1_0                               0x000034ac   Section        0  show_1.o(i.Show_1_0)
    i.Show_1_1                               0x00003610   Section        0  show_1.o(i.Show_1_1)
    i.Show_1_2                               0x0000390c   Section        0  show_1.o(i.Show_1_2)
    i.Show_1_3                               0x000039bc   Section        0  show_1.o(i.Show_1_3)
    i.Show_2                                 0x00003c80   Section        0  show_2.o(i.Show_2)
    i.Show_2_0                               0x00003d44   Section        0  show_2.o(i.Show_2_0)
    i.Show_2_1                               0x00003f98   Section        0  show_2.o(i.Show_2_1)
    i.Show_2_2                               0x000042bc   Section        0  show_2.o(i.Show_2_2)
    i.Show_2_3                               0x00004540   Section        0  show_2.o(i.Show_2_3)
    i.Show_2_4                               0x00004990   Section        0  show_2.o(i.Show_2_4)
    i.Show_3                                 0x00004afc   Section        0  show_3.o(i.Show_3)
    i.Show_3_0                               0x00004bc4   Section        0  show_3.o(i.Show_3_0)
    i.Show_3_1                               0x00005140   Section        0  show_3.o(i.Show_3_1)
    i.Show_3_2                               0x000056f8   Section        0  show_3.o(i.Show_3_2)
    i.Show_3_3                               0x0000582c   Section        0  show_3.o(i.Show_3_3)
    i.Show_3_4                               0x00005a04   Section        0  show_3.o(i.Show_3_4)
    i.Sparkle                                0x00005ca0   Section        0  normal_display.o(i.Sparkle)
    i.Steady                                 0x00005ef8   Section        0  normal_display.o(i.Steady)
    i.Syn_Process                            0x00005f7c   Section        0  data_process.o(i.Syn_Process)
    Syn_Process                              0x00005f7d   Thumb Code    76  data_process.o(i.Syn_Process)
    i.SystemCoreClockUpdate                  0x00005fdc   Section        0  system_mini58series.o(i.SystemCoreClockUpdate)
    i.TIMER_GetModuleClock                   0x0000607c   Section        0  timer.o(i.TIMER_GetModuleClock)
    i.TIMER_Open                             0x000060d4   Section        0  timer.o(i.TIMER_Open)
    i.UART0_IRQHandler                       0x00006124   Section        0  csr1010.o(i.UART0_IRQHandler)
    i.UART_Open                              0x0000612c   Section        0  uart.o(i.UART_Open)
    i.UART_SetTimeoutCnt                     0x000061ac   Section        0  uart.o(i.UART_SetTimeoutCnt)
    i.Uart_Clear_Buf                         0x000061c4   Section        0  csr1010.o(i.Uart_Clear_Buf)
    i.User_Data_Init                         0x000061f4   Section        0  data_process.o(i.User_Data_Init)
    i.__0printf$5                            0x00006334   Section        0  printf5.o(i.__0printf$5)
    i.__ARM_common_switch8                   0x00006354   Section        0  normal_display.o(i.__ARM_common_switch8)
    i.__scatterload_copy                     0x0000636e   Section       14  handlers.o(i.__scatterload_copy)
    i.__scatterload_null                     0x0000637c   Section        2  handlers.o(i.__scatterload_null)
    i.__scatterload_zeroinit                 0x0000637e   Section       14  handlers.o(i.__scatterload_zeroinit)
    i._printf_core                           0x0000638c   Section        0  printf5.o(i._printf_core)
    _printf_core                             0x0000638d   Thumb Code   688  printf5.o(i._printf_core)
    i.fputc                                  0x00006668   Section        0  retarget.o(i.fputc)
    i.main                                   0x00006674   Section        0  showhomeapp.o(i.main)
    i.stackDump                              0x000066f4   Section        0  retarget.o(i.stackDump)
    .constdata                               0x0000679c   Section       54  data_process.o(.constdata)
    .constdata                               0x000067d2   Section      123  music.o(.constdata)
    .data                                    0x20000000   Section       17  csr1010.o(.data)
    .data                                    0x20000011   Section       19  data_process.o(.data)
    PasswordTime                             0x20000011   Data           1  data_process.o(.data)
    SynRcvTime                               0x20000012   Data           1  data_process.o(.data)
    TypeReplyTime                            0x20000013   Data           1  data_process.o(.data)
    BtInitFlag                               0x20000014   Data           1  data_process.o(.data)
    FlagBuffer                               0x20000015   Data           1  data_process.o(.data)
    .data                                    0x20000024   Section        6  display_ctrl.o(.data)
    .data                                    0x2000002a   Section        1  display_ctrl.o(.data)
    .data                                    0x2000002b   Section        1  display_ctrl.o(.data)
    .data                                    0x2000002c   Section        1  display_ctrl.o(.data)
    .data                                    0x2000002d   Section        1  display_ctrl.o(.data)
    .data                                    0x2000002e   Section        1  display_ctrl.o(.data)
    .data                                    0x2000002f   Section        1  display_ctrl.o(.data)
    .data                                    0x20000030   Section        1  display_ctrl.o(.data)
    .data                                    0x20000031   Section        1  display_ctrl.o(.data)
    .data                                    0x20000032   Section        1  display_ctrl.o(.data)
    .data                                    0x20000033   Section        1  display_ctrl.o(.data)
    .data                                    0x20000034   Section        1  display_ctrl.o(.data)
    .data                                    0x20000035   Section        1  display_ctrl.o(.data)
    .data                                    0x20000036   Section        1  display_ctrl.o(.data)
    .data                                    0x20000037   Section        1  display_ctrl.o(.data)
    .data                                    0x20000038   Section        1  display_ctrl.o(.data)
    .data                                    0x20000039   Section        1  display_ctrl.o(.data)
    .data                                    0x2000003a   Section        1  display_ctrl.o(.data)
    .data                                    0x2000003b   Section        1  display_ctrl.o(.data)
    .data                                    0x2000003c   Section        1  display_ctrl.o(.data)
    .data                                    0x2000003e   Section        2  display_ctrl.o(.data)
    .data                                    0x20000040   Section        1  display_ctrl.o(.data)
    .data                                    0x20000041   Section        1  display_ctrl.o(.data)
    .data                                    0x20000042   Section        2  display_ctrl.o(.data)
    .data                                    0x20000044   Section        2  display_ctrl.o(.data)
    .data                                    0x20000046   Section        1  display_ctrl.o(.data)
    .data                                    0x20000047   Section        1  flash_prgrm.o(.data)
    .data                                    0x20000048   Section        3  led_class.o(.data)
    .data                                    0x2000004b   Section        1  led_class.o(.data)
    .data                                    0x2000004c   Section        1  mcu_config.o(.data)
    .data                                    0x2000004e   Section       10  timer_ctrl.o(.data)
    TimerChk                                 0x2000004e   Data           2  timer_ctrl.o(.data)
    .data                                    0x20000058   Section        8  bt_control.o(.data)
    BtTime                                   0x20000059   Data           1  bt_control.o(.data)
    PIO11_HighTime                           0x2000005c   Data           2  bt_control.o(.data)
    PIO11_LowTime                            0x2000005e   Data           2  bt_control.o(.data)
    .data                                    0x20000060   Section        1  bt_control.o(.data)
    .data                                    0x20000062   Section       12  music.o(.data)
    .data                                    0x20000070   Section        4  retarget.o(.data)
    .data                                    0x20000074   Section        4  system_mini58series.o(.data)
    .data                                    0x20000078   Section       12  system_mini58series.o(.data)
    .data                                    0x20000084   Section        4  rand.o(.data)
    _rand_state                              0x20000084   Data           4  rand.o(.data)
    .bss                                     0x20000088   Section       29  csr1010.o(.bss)
    .bss                                     0x200000a5   Section       60  data_process.o(.bss)
    .bss                                     0x200000e1   Section       48  display_ctrl.o(.bss)
    .bss                                     0x20000111   Section       50  display_ctrl.o(.bss)
    .bss                                     0x20000143   Section       50  display_ctrl.o(.bss)
    .bss                                     0x20000175   Section       50  display_ctrl.o(.bss)
    .bss                                     0x200001a7   Section       50  display_ctrl.o(.bss)
    .bss                                     0x200001d9   Section       50  display_ctrl.o(.bss)
    .bss                                     0x2000020b   Section        9  led_class.o(.bss)
    STACK                                    0x20000218   Section      512  startup_mini58series.o(STACK)

    Global Symbols

    Symbol Name                              Value     Ov Type        Size  Object(Section)

    BuildAttributes$$THM_ISAv3M$S$PE$A:L22$X:L11$S22$IEEE1$IW$USESV6$~STKCKD$USESV7$~SHL$OTIME$ROPI$EBA8$MICROLIB$REQ8$PRES8$EABIv2 0x00000000   Number         0  anon$$obj.o ABSOLUTE
    __ARM_use_no_argv                        0x00000000   Number         0  showhomeapp.o ABSOLUTE
    __Vectors                                0x00000000   Data           4  startup_mini58series.o(RESET)
    _printf_a                                0x00000000   Number         0  stubs.o ABSOLUTE
    _printf_c                                0x00000000   Number         0  stubs.o ABSOLUTE
    _printf_charcount                        0x00000000   Number         0  stubs.o ABSOLUTE
    _printf_d                                0x00000000   Number         0  stubs.o ABSOLUTE
    _printf_e                                0x00000000   Number         0  stubs.o ABSOLUTE
    _printf_f                                0x00000000   Number         0  stubs.o ABSOLUTE
    _printf_flags                            0x00000000   Number         0  stubs.o ABSOLUTE
    _printf_fp_dec                           0x00000000   Number         0  stubs.o ABSOLUTE
    _printf_fp_hex                           0x00000000   Number         0  stubs.o ABSOLUTE
    _printf_g                                0x00000000   Number         0  stubs.o ABSOLUTE
    _printf_i                                0x00000000   Number         0  stubs.o ABSOLUTE
    _printf_int_dec                          0x00000000   Number         0  stubs.o ABSOLUTE
    _printf_l                                0x00000000   Number         0  stubs.o ABSOLUTE
    _printf_lc                               0x00000000   Number         0  stubs.o ABSOLUTE
    _printf_ll                               0x00000000   Number         0  stubs.o ABSOLUTE
    _printf_lld                              0x00000000   Number         0  stubs.o ABSOLUTE
    _printf_lli                              0x00000000   Number         0  stubs.o ABSOLUTE
    _printf_llo                              0x00000000   Number         0  stubs.o ABSOLUTE
    _printf_llu                              0x00000000   Number         0  stubs.o ABSOLUTE
    _printf_llx                              0x00000000   Number         0  stubs.o ABSOLUTE
    _printf_longlong_dec                     0x00000000   Number         0  stubs.o ABSOLUTE
    _printf_longlong_hex                     0x00000000   Number         0  stubs.o ABSOLUTE
    _printf_longlong_oct                     0x00000000   Number         0  stubs.o ABSOLUTE
    _printf_ls                               0x00000000   Number         0  stubs.o ABSOLUTE
    _printf_mbtowc                           0x00000000   Number         0  stubs.o ABSOLUTE
    _printf_n                                0x00000000   Number         0  stubs.o ABSOLUTE
    _printf_o                                0x00000000   Number         0  stubs.o ABSOLUTE
    _printf_p                                0x00000000   Number         0  stubs.o ABSOLUTE
    _printf_percent                          0x00000000   Number         0  stubs.o ABSOLUTE
    _printf_pre_padding                      0x00000000   Number         0  stubs.o ABSOLUTE
    _printf_return_value                     0x00000000   Number         0  stubs.o ABSOLUTE
    _printf_s                                0x00000000   Number         0  stubs.o ABSOLUTE
    _printf_sizespec                         0x00000000   Number         0  stubs.o ABSOLUTE
    _printf_str                              0x00000000   Number         0  stubs.o ABSOLUTE
    _printf_truncate_signed                  0x00000000   Number         0  stubs.o ABSOLUTE
    _printf_truncate_unsigned                0x00000000   Number         0  stubs.o ABSOLUTE
    _printf_u                                0x00000000   Number         0  stubs.o ABSOLUTE
    _printf_wc                               0x00000000   Number         0  stubs.o ABSOLUTE
    _printf_wctomb                           0x00000000   Number         0  stubs.o ABSOLUTE
    _printf_widthprec                        0x00000000   Number         0  stubs.o ABSOLUTE
    _printf_x                                0x00000000   Number         0  stubs.o ABSOLUTE
    __cpp_initialize__aeabi_                  - Undefined Weak Reference
    __cxa_finalize                            - Undefined Weak Reference
    __decompress                              - Undefined Weak Reference
    _clock_init                               - Undefined Weak Reference
    _microlib_exit                            - Undefined Weak Reference
    __main                                   0x000000c1   Thumb Code     0  entry.o(.ARM.Collect$$$$00000000)
    _main_stk                                0x000000c1   Thumb Code     0  entry2.o(.ARM.Collect$$$$00000001)
    _main_scatterload                        0x000000c5   Thumb Code     0  entry5.o(.ARM.Collect$$$$00000004)
    __main_after_scatterload                 0x000000c9   Thumb Code     0  entry5.o(.ARM.Collect$$$$00000004)
    _main_clock                              0x000000c9   Thumb Code     0  entry7b.o(.ARM.Collect$$$$00000008)
    _main_cpp_init                           0x000000c9   Thumb Code     0  entry8b.o(.ARM.Collect$$$$0000000A)
    _main_init                               0x000000c9   Thumb Code     0  entry9a.o(.ARM.Collect$$$$0000000B)
    __rt_final_cpp                           0x000000d1   Thumb Code     0  entry10a.o(.ARM.Collect$$$$0000000D)
    __rt_final_exit                          0x000000d1   Thumb Code     0  entry11a.o(.ARM.Collect$$$$0000000F)
    HardFault_Handler                        0x000000d5   Thumb Code    24  retarget.o(.emb_text)
    Reset_Handler                            0x000000f1   Thumb Code     4  startup_mini58series.o(.text)
    NMI_Handler                              0x000000f5   Thumb Code     2  startup_mini58series.o(.text)
    SVC_Handler                              0x000000f9   Thumb Code     2  startup_mini58series.o(.text)
    PendSV_Handler                           0x000000fb   Thumb Code     2  startup_mini58series.o(.text)
    SysTick_Handler                          0x000000fd   Thumb Code     2  startup_mini58series.o(.text)
    ACMP_IRQHandler                          0x000000ff   Thumb Code     0  startup_mini58series.o(.text)
    ADC_IRQHandler                           0x000000ff   Thumb Code     0  startup_mini58series.o(.text)
    BOD_IRQHandler                           0x000000ff   Thumb Code     0  startup_mini58series.o(.text)
    EINT0_IRQHandler                         0x000000ff   Thumb Code     0  startup_mini58series.o(.text)
    EINT1_IRQHandler                         0x000000ff   Thumb Code     0  startup_mini58series.o(.text)
    FB_IRQHandler                            0x000000ff   Thumb Code     0  startup_mini58series.o(.text)
    GPIO01_IRQHandler                        0x000000ff   Thumb Code     0  startup_mini58series.o(.text)
    GPIO234_IRQHandler                       0x000000ff   Thumb Code     0  startup_mini58series.o(.text)
    GPIO5_IRQHandler                         0x000000ff   Thumb Code     0  startup_mini58series.o(.text)
    HIRC_IRQHandler                          0x000000ff   Thumb Code     0  startup_mini58series.o(.text)
    I2C0_IRQHandler                          0x000000ff   Thumb Code     0  startup_mini58series.o(.text)
    I2C1_IRQHandler                          0x000000ff   Thumb Code     0  startup_mini58series.o(.text)
    PDWU_IRQHandler                          0x000000ff   Thumb Code     0  startup_mini58series.o(.text)
    PWM_IRQHandler                           0x000000ff   Thumb Code     0  startup_mini58series.o(.text)
    SPI_IRQHandler                           0x000000ff   Thumb Code     0  startup_mini58series.o(.text)
    TMR0_IRQHandler                          0x000000ff   Thumb Code     0  startup_mini58series.o(.text)
    TMR1_IRQHandler                          0x000000ff   Thumb Code     0  startup_mini58series.o(.text)
    UART1_IRQHandler                         0x000000ff   Thumb Code     0  startup_mini58series.o(.text)
    WDT_IRQHandler                           0x000000ff   Thumb Code     0  startup_mini58series.o(.text)
    __aeabi_uidiv                            0x00000105   Thumb Code     0  uidiv.o(.text)
    __aeabi_uidivmod                         0x00000105   Thumb Code    44  uidiv.o(.text)
    rand                                     0x00000131   Thumb Code    18  rand.o(.text)
    srand                                    0x00000143   Thumb Code     6  rand.o(.text)
    __aeabi_uldivmod                         0x00000155   Thumb Code    96  uldiv.o(.text)
    __scatterload                            0x000001b5   Thumb Code    28  init.o(.text)
    __scatterload_rt2                        0x000001b5   Thumb Code     0  init.o(.text)
    __aeabi_llsl                             0x000001d9   Thumb Code    32  llshl.o(.text)
    _ll_shift_l                              0x000001d9   Thumb Code     0  llshl.o(.text)
    __aeabi_llsr                             0x000001f9   Thumb Code    34  llushr.o(.text)
    _ll_ushift_r                             0x000001f9   Thumb Code     0  llushr.o(.text)
    All_Color                                0x0000021d   Thumb Code    28  normal_display.o(i.All_Color)
    All_Flash                                0x0000023d   Thumb Code   120  normal_display.o(i.All_Flash)
    All_Off                                  0x000002cd   Thumb Code    24  normal_display.o(i.All_Off)
    BT_Work_Detect                           0x000003a1   Thumb Code    78  bt_control.o(i.BT_Work_Detect)
    Blink                                    0x000003f9   Thumb Code   490  normal_display.o(i.Blink)
    CLK_DisablePLL                           0x00000615   Thumb Code    12  clk.o(i.CLK_DisablePLL)
    CLK_EnablePLL                            0x00000625   Thumb Code   478  clk.o(i.CLK_EnablePLL)
    CLK_EnableXtalRC                         0x00000839   Thumb Code    18  clk.o(i.CLK_EnableXtalRC)
    CLK_SetCoreClock                         0x000009b5   Thumb Code   122  clk.o(i.CLK_SetCoreClock)
    CLK_SetHCLK                              0x00000a39   Thumb Code    30  clk.o(i.CLK_SetHCLK)
    CLK_SetModuleClock                       0x00000a5d   Thumb Code    74  clk.o(i.CLK_SetModuleClock)
    CLK_WaitClockReady                       0x00000aad   Thumb Code    32  clk.o(i.CLK_WaitClockReady)
    Color_Show                               0x00000f59   Thumb Code   410  normal_display.o(i.Color_Show)
    Count_Down_Control                       0x00001619   Thumb Code   184  timer_ctrl.o(i.Count_Down_Control)
    Csr1010_Rcv_Data                         0x0000173d   Thumb Code    74  csr1010.o(i.Csr1010_Rcv_Data)
    Csr1010_Snd_Data                         0x00001791   Thumb Code   162  csr1010.o(i.Csr1010_Snd_Data)
    Data_Process                             0x00001841   Thumb Code    54  data_process.o(i.Data_Process)
    FMC_Erase                                0x00001881   Thumb Code    42  fmc.o(i.FMC_Erase)
    FMC_Open                                 0x000018b1   Thumb Code    12  fmc.o(i.FMC_Open)
    FMC_Read                                 0x000018c1   Thumb Code    22  fmc.o(i.FMC_Read)
    FMC_Write                                0x000018dd   Thumb Code    22  fmc.o(i.FMC_Write)
    Flash_Read_Data                          0x000018f9   Thumb Code   200  flash_prgrm.o(i.Flash_Read_Data)
    Flash_Write_Data                         0x000019f5   Thumb Code   212  flash_prgrm.o(i.Flash_Write_Data)
    Flower_Bloom                             0x00001b01   Thumb Code   630  normal_display.o(i.Flower_Bloom)
    GPIO_SetMode                             0x00001db9   Thumb Code    46  gpio.o(i.GPIO_SetMode)
    Hard_Fault_Handler                       0x00001de9   Thumb Code    16  retarget.o(i.Hard_Fault_Handler)
    Instead                                  0x00001e29   Thumb Code   540  normal_display.o(i.Instead)
    Led_Display                              0x00002099   Thumb Code   196  display_ctrl.o(i.Led_Display)
    Led_Update                               0x00002161   Thumb Code   378  led_class.o(i.Led_Update)
    MCU_Config                               0x000022f9   Thumb Code   178  mcu_config.o(i.MCU_Config)
    Music_Mode                               0x00002731   Thumb Code   280  music.o(i.Music_Mode)
    Polar_Light                              0x00002b91   Thumb Code   342  normal_display.o(i.Polar_Light)
    Ripple                                   0x00002d15   Thumb Code   480  normal_display.o(i.Ripple)
    Roll                                     0x00002f31   Thumb Code   564  normal_display.o(i.Roll)
    Sea_Wave                                 0x000031d9   Thumb Code   432  normal_display.o(i.Sea_Wave)
    SendChar_ToUART                          0x000033d5   Thumb Code    26  retarget.o(i.SendChar_ToUART)
    Show_1                                   0x000033f5   Thumb Code   150  show_1.o(i.Show_1)
    Show_1_0                                 0x000034ad   Thumb Code   300  show_1.o(i.Show_1_0)
    Show_1_1                                 0x00003611   Thumb Code   712  show_1.o(i.Show_1_1)
    Show_1_2                                 0x0000390d   Thumb Code   132  show_1.o(i.Show_1_2)
    Show_1_3                                 0x000039bd   Thumb Code   636  show_1.o(i.Show_1_3)
    Show_2                                   0x00003c81   Thumb Code   160  show_2.o(i.Show_2)
    Show_2_0                                 0x00003d45   Thumb Code   514  show_2.o(i.Show_2_0)
    Show_2_1                                 0x00003f99   Thumb Code   742  show_2.o(i.Show_2_1)
    Show_2_2                                 0x000042bd   Thumb Code   590  show_2.o(i.Show_2_2)
    Show_2_3                                 0x00004541   Thumb Code  1104  show_2.o(i.Show_2_3)
    Show_2_4                                 0x00004991   Thumb Code   318  show_2.o(i.Show_2_4)
    Show_3                                   0x00004afd   Thumb Code   158  show_3.o(i.Show_3)
    Show_3_0                                 0x00004bc5   Thumb Code  1364  show_3.o(i.Show_3_0)
    Show_3_1                                 0x00005141   Thumb Code  1432  show_3.o(i.Show_3_1)
    Show_3_2                                 0x000056f9   Thumb Code   258  show_3.o(i.Show_3_2)
    Show_3_3                                 0x0000582d   Thumb Code   412  show_3.o(i.Show_3_3)
    Show_3_4                                 0x00005a05   Thumb Code   600  show_3.o(i.Show_3_4)
    Sparkle                                  0x00005ca1   Thumb Code   538  normal_display.o(i.Sparkle)
    Steady                                   0x00005ef9   Thumb Code   104  normal_display.o(i.Steady)
    SystemCoreClockUpdate                    0x00005fdd   Thumb Code   130  system_mini58series.o(i.SystemCoreClockUpdate)
    TIMER_GetModuleClock                     0x0000607d   Thumb Code    64  timer.o(i.TIMER_GetModuleClock)
    TIMER_Open                               0x000060d5   Thumb Code    80  timer.o(i.TIMER_Open)
    UART0_IRQHandler                         0x00006125   Thumb Code     8  csr1010.o(i.UART0_IRQHandler)
    UART_Open                                0x0000612d   Thumb Code   112  uart.o(i.UART_Open)
    UART_SetTimeoutCnt                       0x000061ad   Thumb Code    22  uart.o(i.UART_SetTimeoutCnt)
    Uart_Clear_Buf                           0x000061c5   Thumb Code    40  csr1010.o(i.Uart_Clear_Buf)
    User_Data_Init                           0x000061f5   Thumb Code   294  data_process.o(i.User_Data_Init)
    __0printf$5                              0x00006335   Thumb Code    24  printf5.o(i.__0printf$5)
    __1printf$5                              0x00006335   Thumb Code     0  printf5.o(i.__0printf$5)
    __2printf                                0x00006335   Thumb Code     0  printf5.o(i.__0printf$5)
    __ARM_common_switch8                     0x00006355   Thumb Code    26  normal_display.o(i.__ARM_common_switch8)
    __scatterload_copy                       0x0000636f   Thumb Code    14  handlers.o(i.__scatterload_copy)
    __scatterload_null                       0x0000637d   Thumb Code     2  handlers.o(i.__scatterload_null)
    __scatterload_zeroinit                   0x0000637f   Thumb Code    14  handlers.o(i.__scatterload_zeroinit)
    fputc                                    0x00006669   Thumb Code    12  retarget.o(i.fputc)
    main                                     0x00006675   Thumb Code   110  showhomeapp.o(i.main)
    stackDump                                0x000066f5   Thumb Code    70  retarget.o(i.stackDump)
    COLOR_VECTOR                             0x0000679c   Data          54  data_process.o(.constdata)
    MUSIC_COLOR                              0x000067d2   Data         123  music.o(.constdata)
    Region$$Table$$Base                      0x00006850   Number         0  anon$$obj.o(Region$$Table)
    Region$$Table$$Limit                     0x00006870   Number         0  anon$$obj.o(Region$$Table)
    RcvFlag                                  0x20000000   Data           1  csr1010.o(.data)
    RcvByteStatus                            0x20000001   Data           1  csr1010.o(.data)
    ChkSumReply                              0x20000002   Data           4  csr1010.o(.data)
    SynData                                  0x20000006   Data           5  csr1010.o(.data)
    RcvData                                  0x2000000b   Data           6  csr1010.o(.data)
    SynFlag                                  0x20000016   Data           1  data_process.o(.data)
    ChkSumH                                  0x20000017   Data           1  data_process.o(.data)
    ChkSumL                                  0x20000018   Data           1  data_process.o(.data)
    ChkSumRst                                0x20000019   Data           1  data_process.o(.data)
    ChkSumRstSave                            0x2000001a   Data           1  data_process.o(.data)
    PowerOnNum                               0x2000001b   Data           1  data_process.o(.data)
    WdtRstFlag                               0x2000001c   Data           1  data_process.o(.data)
    NewChkSumH                               0x2000001d   Data           1  data_process.o(.data)
    NewChkSumL                               0x2000001e   Data           1  data_process.o(.data)
    ChkSumRstTime                            0x2000001f   Data           1  data_process.o(.data)
    PasswordFlag                             0x20000020   Data           1  data_process.o(.data)
    SynRcvFlag                               0x20000021   Data           1  data_process.o(.data)
    FlagChkTime                              0x20000022   Data           1  data_process.o(.data)
    FlagChkFlag                              0x20000023   Data           1  data_process.o(.data)
    RndSeed                                  0x20000024   Data           2  display_ctrl.o(.data)
    DisplayData                              0x20000026   Data           4  display_ctrl.o(.data)
    ColorNum                                 0x2000002a   Data           1  display_ctrl.o(.data)
    TempCnt                                  0x2000002b   Data           1  display_ctrl.o(.data)
    TempLed                                  0x2000002c   Data           1  display_ctrl.o(.data)
    LedCnt                                   0x2000002d   Data           1  display_ctrl.o(.data)
    TempR                                    0x2000002e   Data           1  display_ctrl.o(.data)
    TempG                                    0x2000002f   Data           1  display_ctrl.o(.data)
    TempB                                    0x20000030   Data           1  display_ctrl.o(.data)
    FadeR                                    0x20000031   Data           1  display_ctrl.o(.data)
    FadeG                                    0x20000032   Data           1  display_ctrl.o(.data)
    FadeB                                    0x20000033   Data           1  display_ctrl.o(.data)
    TempColor                                0x20000034   Data           1  display_ctrl.o(.data)
    TempGrp                                  0x20000035   Data           1  display_ctrl.o(.data)
    SpeedTime                                0x20000036   Data           1  display_ctrl.o(.data)
    KeepTime                                 0x20000037   Data           1  display_ctrl.o(.data)
    ShowMode                                 0x20000038   Data           1  display_ctrl.o(.data)
    ShowInit                                 0x20000039   Data           1  display_ctrl.o(.data)
    HorseCnt                                 0x2000003a   Data           1  display_ctrl.o(.data)
    RndCnt                                   0x2000003b   Data           1  display_ctrl.o(.data)
    SteadyTime                               0x2000003c   Data           1  display_ctrl.o(.data)
    TimeLine                                 0x2000003e   Data           2  display_ctrl.o(.data)
    TempStep                                 0x20000040   Data           1  display_ctrl.o(.data)
    StepCnt                                  0x20000041   Data           1  display_ctrl.o(.data)
    HorseOrder                               0x20000042   Data           2  display_ctrl.o(.data)
    HorseTotal                               0x20000044   Data           2  display_ctrl.o(.data)
    ModeSynFlag                              0x20000046   Data           1  display_ctrl.o(.data)
    FlashSaveFlag                            0x20000047   Data           1  flash_prgrm.o(.data)
    RedEn                                    0x20000048   Data           1  led_class.o(.data)
    GrnEn                                    0x20000049   Data           1  led_class.o(.data)
    BleEn                                    0x2000004a   Data           1  led_class.o(.data)
    DirectFlag                               0x2000004b   Data           1  led_class.o(.data)
    HseStatus                                0x2000004c   Data           1  mcu_config.o(.data)
    TimerData                                0x20000050   Data           8  timer_ctrl.o(.data)
    BtPowerDetFlag                           0x20000058   Data           1  bt_control.o(.data)
    BtConStatus                              0x2000005a   Data           1  bt_control.o(.data)
    BtPowerInitFlag                          0x2000005b   Data           1  bt_control.o(.data)
    BtRcvDataFlag                            0x20000060   Data           1  bt_control.o(.data)
    MusicMode                                0x20000062   Data           1  music.o(.data)
    MusicEnFlag                              0x20000063   Data           1  music.o(.data)
    MusicTrigFlag                            0x20000064   Data           1  music.o(.data)
    MusicModePre                             0x20000065   Data           1  music.o(.data)
    MusicChgFlag                             0x20000066   Data           1  music.o(.data)
    MusicReal                                0x20000067   Data           1  music.o(.data)
    MusicRealPre                             0x20000068   Data           1  music.o(.data)
    MusicInit                                0x20000069   Data           1  music.o(.data)
    MusicModeCrt                             0x2000006a   Data           1  music.o(.data)
    UpLevel                                  0x2000006b   Data           1  music.o(.data)
    MusicEnTime                              0x2000006c   Data           2  music.o(.data)
    __stdout                                 0x20000070   Data           4  retarget.o(.data)
    __HSI                                    0x20000074   Data           4  system_mini58series.o(.data)
    PllClock                                 0x20000078   Data           4  system_mini58series.o(.data)
    SystemCoreClock                          0x2000007c   Data           4  system_mini58series.o(.data)
    CyclesPerUs                              0x20000080   Data           4  system_mini58series.o(.data)
    SndData                                  0x20000088   Data           9  csr1010.o(.bss)
    RcvBuffer                                0x20000091   Data          20  csr1010.o(.bss)
    CustomData                               0x200000a5   Data          60  data_process.o(.bss)
    ColorData                                0x200000e1   Data          48  display_ctrl.o(.bss)
    ModeTime                                 0x20000111   Data          50  display_ctrl.o(.bss)
    ModeStep                                 0x20000143   Data          50  display_ctrl.o(.bss)
    HoldTime                                 0x20000175   Data          50  display_ctrl.o(.bss)
    ModeColor                                0x200001a7   Data          50  display_ctrl.o(.bss)
    ModeLed                                  0x200001d9   Data          50  display_ctrl.o(.bss)
    LedData                                  0x2000020b   Data           9  led_class.o(.bss)
    __initial_sp                             0x20000418   Data           0  startup_mini58series.o(STACK)



==============================================================================

Memory Map of the image

  Image Entry point : 0x000000f1

  Load Region LR_IROM1 (Base: 0x00000000, Size: 0x000068f8, Max: 0x00008000, ABSOLUTE)

    Execution Region ER_IROM1 (Base: 0x00000000, Size: 0x00006870, Max: 0x00008000, ABSOLUTE)

    Base Addr    Size         Type   Attr      Idx    E Section Name        Object

    0x00000000   0x000000c0   Data   RO         1619    RESET               startup_mini58series.o
    0x000000c0   0x00000000   Code   RO         1657  * .ARM.Collect$$$$00000000  mc_p.l(entry.o)
    0x000000c0   0x00000004   Code   RO         1934    .ARM.Collect$$$$00000001  mc_p.l(entry2.o)
    0x000000c4   0x00000004   Code   RO         1937    .ARM.Collect$$$$00000004  mc_p.l(entry5.o)
    0x000000c8   0x00000000   Code   RO         1939    .ARM.Collect$$$$00000008  mc_p.l(entry7b.o)
    0x000000c8   0x00000000   Code   RO         1941    .ARM.Collect$$$$0000000A  mc_p.l(entry8b.o)
    0x000000c8   0x00000008   Code   RO         1942    .ARM.Collect$$$$0000000B  mc_p.l(entry9a.o)
    0x000000d0   0x00000000   Code   RO         1944    .ARM.Collect$$$$0000000D  mc_p.l(entry10a.o)
    0x000000d0   0x00000000   Code   RO         1946    .ARM.Collect$$$$0000000F  mc_p.l(entry11a.o)
    0x000000d0   0x00000004   Code   RO         1935    .ARM.Collect$$$$00002712  mc_p.l(entry2.o)
    0x000000d4   0x0000001c   Code   RO         1529    .emb_text           retarget.o
    0x000000f0   0x00000014   Code   RO         1620  * .text               startup_mini58series.o
    0x00000104   0x0000002c   Code   RO         1660    .text               mc_p.l(uidiv.o)
    0x00000130   0x00000024   Code   RO         1662    .text               mc_p.l(rand.o)
    0x00000154   0x00000060   Code   RO         1948    .text               mc_p.l(uldiv.o)
    0x000001b4   0x00000024   Code   RO         1963    .text               mc_p.l(init.o)
    0x000001d8   0x00000020   Code   RO         1965    .text               mc_p.l(llshl.o)
    0x000001f8   0x00000022   Code   RO         1967    .text               mc_p.l(llushr.o)
    0x0000021a   0x00000002   PAD
    0x0000021c   0x00000020   Code   RO            3    i.All_Color         normal_display.o
    0x0000023c   0x00000090   Code   RO            4    i.All_Flash         normal_display.o
    0x000002cc   0x0000001c   Code   RO            5    i.All_Off           normal_display.o
    0x000002e8   0x000000b8   Code   RO          674    i.BT_Power_Control  bt_control.o
    0x000003a0   0x00000058   Code   RO          675    i.BT_Work_Detect    bt_control.o
    0x000003f8   0x0000021c   Code   RO            6    i.Blink             normal_display.o
    0x00000614   0x00000010   Code   RO          772    i.CLK_DisablePLL    clk.o
    0x00000624   0x00000214   Code   RO          777    i.CLK_EnablePLL     clk.o
    0x00000838   0x00000018   Code   RO          779    i.CLK_EnableXtalRC  clk.o
    0x00000850   0x00000058   Code   RO         1429    i.CLK_GetPLLClockFreq  uart.o
    0x000008a8   0x0000010c   Code   RO          572    i.CLK_Init          mcu_config.o
    0x000009b4   0x00000084   Code   RO          786    i.CLK_SetCoreClock  clk.o
    0x00000a38   0x00000024   Code   RO          787    i.CLK_SetHCLK       clk.o
    0x00000a5c   0x00000050   Code   RO          788    i.CLK_SetModuleClock  clk.o
    0x00000aac   0x00000028   Code   RO          791    i.CLK_WaitClockReady  clk.o
    0x00000ad4   0x00000484   Code   RO          383    i.CSR1010_Process   data_process.o
    0x00000f58   0x000001d4   Code   RO            7    i.Color_Show        normal_display.o
    0x0000112c   0x000004ec   Code   RO          384    i.Color_Value_Get   data_process.o
    0x00001618   0x000000c4   Code   RO          645    i.Count_Down_Control  timer_ctrl.o
    0x000016dc   0x00000060   Code   RO          333    i.Csr1010_Rcv_Byte  csr1010.o
    0x0000173c   0x00000054   Code   RO          334    i.Csr1010_Rcv_Data  csr1010.o
    0x00001790   0x000000b0   Code   RO          335    i.Csr1010_Snd_Data  csr1010.o
    0x00001840   0x00000040   Code   RO          385    i.Data_Process      data_process.o
    0x00001880   0x00000030   Code   RO          918    i.FMC_Erase         fmc.o
    0x000018b0   0x00000010   Code   RO          922    i.FMC_Open          fmc.o
    0x000018c0   0x0000001c   Code   RO          923    i.FMC_Read          fmc.o
    0x000018dc   0x0000001c   Code   RO          931    i.FMC_Write         fmc.o
    0x000018f8   0x000000fc   Code   RO          504    i.Flash_Read_Data   flash_prgrm.o
    0x000019f4   0x0000010c   Code   RO          505    i.Flash_Write_Data  flash_prgrm.o
    0x00001b00   0x000002b8   Code   RO            8    i.Flower_Bloom      normal_display.o
    0x00001db8   0x0000002e   Code   RO         1045    i.GPIO_SetMode      gpio.o
    0x00001de6   0x00000002   PAD
    0x00001de8   0x00000028   Code   RO         1531    i.Hard_Fault_Handler  retarget.o
    0x00001e10   0x00000016   Code   RO          386    i.Hex_To_Char       data_process.o
    0x00001e26   0x00000002   PAD
    0x00001e28   0x00000270   Code   RO            9    i.Instead           normal_display.o
    0x00002098   0x000000c8   Code   RO          442    i.Led_Display       display_ctrl.o
    0x00002160   0x00000198   Code   RO          544    i.Led_Update        led_class.o
    0x000022f8   0x000000d8   Code   RO          573    i.MCU_Config        mcu_config.o
    0x000023d0   0x00000128   Code   RO          706    i.Music_DO          music.o
    0x000024f8   0x000000a0   Code   RO          707    i.Music_FA          music.o
    0x00002598   0x000000c0   Code   RO          708    i.Music_LA          music.o
    0x00002658   0x000000d8   Code   RO          709    i.Music_MI          music.o
    0x00002730   0x00000144   Code   RO          710    i.Music_Mode        music.o
    0x00002874   0x0000009c   Code   RO          711    i.Music_RE          music.o
    0x00002910   0x00000098   Code   RO          712    i.Music_SO          music.o
    0x000029a8   0x00000154   Code   RO          713    i.Music_XI          music.o
    0x00002afc   0x00000050   Code   RO          574    i.PWM_Init          mcu_config.o
    0x00002b4c   0x00000044   Code   RO          387    i.Password_Process  data_process.o
    0x00002b90   0x00000184   Code   RO           10    i.Polar_Light       normal_display.o
    0x00002d14   0x0000021c   Code   RO           11    i.Ripple            normal_display.o
    0x00002f30   0x00000270   Code   RO           12    i.Roll              normal_display.o
    0x000031a0   0x0000001c   Code   RO          506    i.SYS_UnlockReg     flash_prgrm.o
    0x000031bc   0x0000001c   Code   RO          575    i.SYS_UnlockReg     mcu_config.o
    0x000031d8   0x000001fc   Code   RO           13    i.Sea_Wave          normal_display.o
    0x000033d4   0x00000020   Code   RO         1534    i.SendChar_ToUART   retarget.o
    0x000033f4   0x000000b8   Code   RO          189    i.Show_1            show_1.o
    0x000034ac   0x00000164   Code   RO          190    i.Show_1_0          show_1.o
    0x00003610   0x000002fc   Code   RO          191    i.Show_1_1          show_1.o
    0x0000390c   0x000000b0   Code   RO          192    i.Show_1_2          show_1.o
    0x000039bc   0x000002c4   Code   RO          193    i.Show_1_3          show_1.o
    0x00003c80   0x000000c4   Code   RO          233    i.Show_2            show_2.o
    0x00003d44   0x00000254   Code   RO          234    i.Show_2_0          show_2.o
    0x00003f98   0x00000324   Code   RO          235    i.Show_2_1          show_2.o
    0x000042bc   0x00000284   Code   RO          236    i.Show_2_2          show_2.o
    0x00004540   0x00000450   Code   RO          237    i.Show_2_3          show_2.o
    0x00004990   0x0000016c   Code   RO          238    i.Show_2_4          show_2.o
    0x00004afc   0x000000c8   Code   RO          283    i.Show_3            show_3.o
    0x00004bc4   0x0000057c   Code   RO          284    i.Show_3_0          show_3.o
    0x00005140   0x000005b8   Code   RO          285    i.Show_3_1          show_3.o
    0x000056f8   0x00000134   Code   RO          286    i.Show_3_2          show_3.o
    0x0000582c   0x000001d8   Code   RO          287    i.Show_3_3          show_3.o
    0x00005a04   0x0000029c   Code   RO          288    i.Show_3_4          show_3.o
    0x00005ca0   0x00000258   Code   RO           14    i.Sparkle           normal_display.o
    0x00005ef8   0x00000084   Code   RO           15    i.Steady            normal_display.o
    0x00005f7c   0x00000060   Code   RO          388    i.Syn_Process       data_process.o
    0x00005fdc   0x000000a0   Code   RO         1626    i.SystemCoreClockUpdate  system_mini58series.o
    0x0000607c   0x00000058   Code   RO         1373    i.TIMER_GetModuleClock  timer.o
    0x000060d4   0x00000050   Code   RO         1374    i.TIMER_Open        timer.o
    0x00006124   0x00000008   Code   RO          336    i.UART0_IRQHandler  csr1010.o
    0x0000612c   0x00000080   Code   RO         1436    i.UART_Open         uart.o
    0x000061ac   0x00000016   Code   RO         1441    i.UART_SetTimeoutCnt  uart.o
    0x000061c2   0x00000002   PAD
    0x000061c4   0x00000030   Code   RO          337    i.Uart_Clear_Buf    csr1010.o
    0x000061f4   0x00000140   Code   RO          389    i.User_Data_Init    data_process.o
    0x00006334   0x00000020   Code   RO         1798    i.__0printf$5       mc_p.l(printf5.o)
    0x00006354   0x0000001a   Code   RO           91    i.__ARM_common_switch8  normal_display.o
    0x0000636e   0x0000000e   Code   RO         1977    i.__scatterload_copy  mc_p.l(handlers.o)
    0x0000637c   0x00000002   Code   RO         1978    i.__scatterload_null  mc_p.l(handlers.o)
    0x0000637e   0x0000000e   Code   RO         1979    i.__scatterload_zeroinit  mc_p.l(handlers.o)
    0x0000638c   0x000002dc   Code   RO         1805    i._printf_core      mc_p.l(printf5.o)
    0x00006668   0x0000000c   Code   RO         1538    i.fputc             retarget.o
    0x00006674   0x00000080   Code   RO          619    i.main              showhomeapp.o
    0x000066f4   0x000000a8   Code   RO         1540    i.stackDump         retarget.o
    0x0000679c   0x00000036   Data   RO          391    .constdata          data_process.o
    0x000067d2   0x0000007b   Data   RO          714    .constdata          music.o
    0x0000684d   0x00000003   PAD
    0x00006850   0x00000020   Data   RO         1975    Region$$Table       anon$$obj.o


    Execution Region RW_IRAM1 (Base: 0x20000000, Size: 0x00000418, Max: 0x00001000, ABSOLUTE)

    Base Addr    Size         Type   Attr      Idx    E Section Name        Object

    0x20000000   0x00000011   Data   RW          339    .data               csr1010.o
    0x20000011   0x00000013   Data   RW          392    .data               data_process.o
    0x20000024   0x00000006   Data   RW          449    .data               display_ctrl.o
    0x2000002a   0x00000001   Data   RW          450    .data               display_ctrl.o
    0x2000002b   0x00000001   Data   RW          451    .data               display_ctrl.o
    0x2000002c   0x00000001   Data   RW          452    .data               display_ctrl.o
    0x2000002d   0x00000001   Data   RW          453    .data               display_ctrl.o
    0x2000002e   0x00000001   Data   RW          454    .data               display_ctrl.o
    0x2000002f   0x00000001   Data   RW          455    .data               display_ctrl.o
    0x20000030   0x00000001   Data   RW          456    .data               display_ctrl.o
    0x20000031   0x00000001   Data   RW          458    .data               display_ctrl.o
    0x20000032   0x00000001   Data   RW          459    .data               display_ctrl.o
    0x20000033   0x00000001   Data   RW          460    .data               display_ctrl.o
    0x20000034   0x00000001   Data   RW          461    .data               display_ctrl.o
    0x20000035   0x00000001   Data   RW          462    .data               display_ctrl.o
    0x20000036   0x00000001   Data   RW          463    .data               display_ctrl.o
    0x20000037   0x00000001   Data   RW          464    .data               display_ctrl.o
    0x20000038   0x00000001   Data   RW          465    .data               display_ctrl.o
    0x20000039   0x00000001   Data   RW          466    .data               display_ctrl.o
    0x2000003a   0x00000001   Data   RW          467    .data               display_ctrl.o
    0x2000003b   0x00000001   Data   RW          469    .data               display_ctrl.o
    0x2000003c   0x00000001   Data   RW          470    .data               display_ctrl.o
    0x2000003d   0x00000001   PAD
    0x2000003e   0x00000002   Data   RW          471    .data               display_ctrl.o
    0x20000040   0x00000001   Data   RW          472    .data               display_ctrl.o
    0x20000041   0x00000001   Data   RW          473    .data               display_ctrl.o
    0x20000042   0x00000002   Data   RW          474    .data               display_ctrl.o
    0x20000044   0x00000002   Data   RW          475    .data               display_ctrl.o
    0x20000046   0x00000001   Data   RW          479    .data               display_ctrl.o
    0x20000047   0x00000001   Data   RW          507    .data               flash_prgrm.o
    0x20000048   0x00000003   Data   RW          546    .data               led_class.o
    0x2000004b   0x00000001   Data   RW          547    .data               led_class.o
    0x2000004c   0x00000001   Data   RW          576    .data               mcu_config.o
    0x2000004d   0x00000001   PAD
    0x2000004e   0x0000000a   Data   RW          646    .data               timer_ctrl.o
    0x20000058   0x00000008   Data   RW          676    .data               bt_control.o
    0x20000060   0x00000001   Data   RW          677    .data               bt_control.o
    0x20000061   0x00000001   PAD
    0x20000062   0x0000000c   Data   RW          716    .data               music.o
    0x2000006e   0x00000002   PAD
    0x20000070   0x00000004   Data   RW         1541    .data               retarget.o
    0x20000074   0x00000004   Data   RW         1628    .data               system_mini58series.o
    0x20000078   0x0000000c   Data   RW         1629    .data               system_mini58series.o
    0x20000084   0x00000004   Data   RW         1663    .data               mc_p.l(rand.o)
    0x20000088   0x0000001d   Zero   RW          338    .bss                csr1010.o
    0x200000a5   0x0000003c   Zero   RW          390    .bss                data_process.o
    0x200000e1   0x00000030   Zero   RW          443    .bss                display_ctrl.o
    0x20000111   0x00000032   Zero   RW          444    .bss                display_ctrl.o
    0x20000143   0x00000032   Zero   RW          445    .bss                display_ctrl.o
    0x20000175   0x00000032   Zero   RW          446    .bss                display_ctrl.o
    0x200001a7   0x00000032   Zero   RW          447    .bss                display_ctrl.o
    0x200001d9   0x00000032   Zero   RW          448    .bss                display_ctrl.o
    0x2000020b   0x00000009   Zero   RW          545    .bss                led_class.o
    0x20000214   0x00000004   PAD
    0x20000218   0x00000200   Zero   RW         1617    STACK               startup_mini58series.o


==============================================================================

Image component sizes


      Code (inc. data)   RO Data    RW Data    ZI Data      Debug   Object Name

       272         26          0          9          0       2004   bt_control.o
       860         94          0          0          0      11199   clk.o
       412         46          0         17         29       4904   csr1010.o
      2986        240         54         19         60       9264   data_process.o
       200         16          0         34        298       3278   display_ctrl.o
       548        112          0          1          0       9093   flash_prgrm.o
       120         22          0          0          0     125568   fmc.o
        46          0          0          0          0        919   gpio.o
       408         30          0          4          9       2408   led_class.o
       592        100          0          1          0      12369   mcu_config.o
      1836        252        123         12          0       6428   music.o
      5350        644          0          0          0     139672   normal_display.o
       280        132          0          4          0       4490   retarget.o
      2188        278          0          0          0       4133   show_1.o
      3708        380          0          0          0       6008   show_2.o
      4516        500          0          0          0       6576   show_3.o
       128         18          0          0          0       3055   showhomeapp.o
        20          4        192          0        512        640   startup_mini58series.o
       160         30          0         16          0       1245   system_mini58series.o
       168         24          0          0          0       1732   timer.o
       196         12          0         10          0       4041   timer_ctrl.o
       238         34          0          0          0       2361   uart.o

    ----------------------------------------------------------------------
     25238       2994        404        132        912     361387   Object Totals
         0          0         32          0          0          0   (incl. Generated)
         6          0          3          5          4          0   (incl. Padding)

    ----------------------------------------------------------------------

      Code (inc. data)   RO Data    RW Data    ZI Data      Debug   Library Member Name

         0          0          0          0          0          0   entry.o
         0          0          0          0          0          0   entry10a.o
         0          0          0          0          0          0   entry11a.o
         8          4          0          0          0          0   entry2.o
         4          0          0          0          0          0   entry5.o
         0          0          0          0          0          0   entry7b.o
         0          0          0          0          0          0   entry8b.o
         8          4          0          0          0          0   entry9a.o
        30          0          0          0          0          0   handlers.o
        36          8          0          0          0         68   init.o
        32          0          0          0          0         68   llshl.o
        34          0          0          0          0         68   llushr.o
       764         52          0          0          0        168   printf5.o
        36         12          0          4          0        120   rand.o
        44          0          0          0          0         72   uidiv.o
        96          0          0          0          0         84   uldiv.o

    ----------------------------------------------------------------------
      1094         80          0          4          0        648   Library Totals
         2          0          0          0          0          0   (incl. Padding)

    ----------------------------------------------------------------------

      Code (inc. data)   RO Data    RW Data    ZI Data      Debug   Library Name

      1092         80          0          4          0        648   mc_p.l

    ----------------------------------------------------------------------
      1094         80          0          4          0        648   Library Totals

    ----------------------------------------------------------------------

==============================================================================


      Code (inc. data)   RO Data    RW Data    ZI Data      Debug   

     26332       3074        404        136        912     358175   Grand Totals
     26332       3074        404        136        912     358175   ELF Image Totals
     26332       3074        404        136          0          0   ROM Totals

==============================================================================

    Total RO  Size (Code + RO Data)                26736 (  26.11kB)
    Total RW  Size (RW Data + ZI Data)              1048 (   1.02kB)
    Total ROM Size (Code + RO Data + RW Data)      26872 (  26.24kB)

==============================================================================

