<html>
<body>
<pre>
<h1>µVision Build Log</h1>
<h2>Tool Versions:</h2>
IDE-Version: ¦ÌVision V5.21.1.0
Copyright (C) 2016 ARM Ltd and ARM Germany GmbH. All rights reserved.
License Information: Chin Magic.Chin, Skywin, LIC=ATTNN-YI7FF-8SCYU-SYVN4-CGL99-NA7GP
 
Tool Versions:
Toolchain:       MDK-ARM Plus  Version: 5.21a
Toolchain Path:  C:\Keil\ARM\ARM\ARMCC\Bin
C Compiler:      Armcc.exe V5.06 update 3 (build 300)
Assembler:       Armasm.exe V5.06 update 3 (build 300)
Linker/Locator:  ArmLink.exe V5.06 update 3 (build 300)
Library Manager: ArmAr.exe V5.06 update 3 (build 300)
Hex Converter:   FromElf.exe V5.06 update 3 (build 300)
CPU DLL:         SARMCM3.DLL V5.21a
Dialog DLL:      DARMCM1.DLL V1.14.0.0
Target DLL:      Nu_Link.dll V2.02
Dialog DLL:      TARMCM1.DLL V1.10.0.0
 
<h2>Project:</h2>
H:\Willis\ShowLights\HolidayShowHome-SL9x Series\Software\AL91A-48\AL91A-48.uvprojx
Project File Date:  01/14/2019

<h2>Output:</h2>
*** Using Compiler 'V5.06 update 3 (build 300)', folder: 'C:\Keil\ARM\ARM\ARMCC\Bin'
Build Project 'AL91A-48' - Target 'AL91A-48'
compiling Show_1.c...
compiling Show_2.c...
compiling ShowHomeApp.c...
compiling Normal_Display.c...
compiling Show_3.c...
compiling MCU_Config.c...
compiling BT_Control.c...
H:\Willis\ShowLights\HolidayShowHome-SL9x Series\Software\Public\PublicSrc\BT_Control.c(166): warning:  #111-D: statement is unreachable
  			if (BtPowerInitFlag == TRUE)
..\Public\PublicSrc\BT_Control.c: 1 warning, 0 errors
compiling CSR1010.c...
compiling Display_Ctrl.c...
compiling Data_Process.c...
compiling Led_Class.c...
compiling Flash_Prgrm.c...
compiling Timer_Ctrl.c...
compiling clk.c...
compiling Music.c...
compiling gpio.c...
compiling pwm.c...
compiling sys.c...
compiling timer.c...
compiling retarget.c...
compiling uart.c...
compiling fmc.c...
assembling startup_Mini58Series.s...
compiling system_Mini58Series.c...
linking...
Program Size: Code=29396 RO-data=440 RW-data=148 ZI-data=1132  
FromELF: creating hex file...
"..\HexDocuments\AL91A-48.axf" - 0 Error(s), 1 Warning(s).

<h2>Software Packages used:</h2>

Package Vendor: ARM
                http://www.keil.com/pack/ARM.CMSIS.5.2.0.pack
                ARM::CMSIS:CORE:5.0.2
                CMSIS (Cortex Microcontroller Software Interface Standard)
   * Component: CORE Version: 5.0.2

Package Vendor: Nuvoton
                http://www.nuvoton.com/hq/enu/Documents/KEILSoftwarePack/Nuvoton.NuMicro_DFP.1.1.0.pack
                Nuvoton::Device:Startup:3.00.003
                Nuvoton ARM Cortex-M NuMicro Family Device Support
   * Component: Startup Version: 3.00.003

<h2>Collection of Component include folders:</h2>
  H:\Willis\ShowLights\HolidayShowHome-SL9x Series\Software\AL91A-48\RTE
  C:\Keil\ARM\PACK\ARM\CMSIS\5.2.0\CMSIS\Include
  C:\Keil\ARM\PACK\Nuvoton\NuMicro_DFP\1.1.0\Device\Mini58\Include

<h2>Collection of Component Files used:</h2>

   * Component: ARM::CMSIS:CORE:5.0.2

   * Component: Nuvoton::Device:Startup:3.00.003
      Source file:   Device\Mini58\Source\ARM\startup_Mini58Series.s
      Source file:   Device\Mini58\Driver\retarget.c
      Include file:  Device\Mini58\Include\Mini58Series.h
      Source file:   Device\Mini58\Source\system_Mini58Series.c
Build Time Elapsed:  00:00:09
</pre>
</body>
</html>
